Archive member included because of file (symbol)

../src/ASF/thirdparty/qtouch/generic/sam/qtouch/lib/gcc\libsam4s-32qt-k-8rs-gnu.a(burst_5_CC_AA.o)
                              src/qtouch_example.o (burst_5_CC_AA)
../src/ASF/thirdparty/qtouch/generic/sam/qtouch/lib/gcc\libsam4s-32qt-k-8rs-gnu.a(touch_api.o)
                              src/qtouch_example.o (qt_init_sensing_with_burst)
../src/ASF/thirdparty/qtouch/generic/sam/qtouch/lib/gcc\libsam4s-32qt-k-8rs-gnu.a(touch_process.o)
                              ../src/ASF/thirdparty/qtouch/generic/sam/qtouch/lib/gcc\libsam4s-32qt-k-8rs-gnu.a(touch_api.o) (start_cal_sensor)
../src/ASF/thirdparty/qtouch/generic/sam/qtouch/lib/gcc\libsam4s-32qt-k-8rs-gnu.a(touch_burst_qt.o)
                              ../src/ASF/thirdparty/qtouch/generic/sam/qtouch/lib/gcc\libsam4s-32qt-k-8rs-gnu.a(touch_api.o) (burst_init)
../src/ASF/thirdparty/qtouch/generic/sam/qtouch/lib/gcc\libsam4s-32qt-k-8rs-gnu.a(calc_masks.o)
                              src/qtouch_example.o (calc_masks)
../src/ASF/thirdparty/qtouch/generic/sam/qtouch/lib/gcc\libsam4s-32qt-k-8rs-gnu.a(touch_rs_qt.o)
                              src/qtouch_example.o (qt_enable_slider)
c:/program files (x86)/atmel/studio/7.0/toolchain/arm/arm-gnu-toolchain/bin/../lib/gcc/arm-none-eabi/4.9.3/../../../../arm-none-eabi/lib/armv7e-m\libc.a(lib_a-exit.o)
                              c:/program files (x86)/atmel/studio/7.0/toolchain/arm/arm-gnu-toolchain/bin/../lib/gcc/arm-none-eabi/4.9.3/../../../../arm-none-eabi/lib/armv7e-m/crt0.o (exit)
c:/program files (x86)/atmel/studio/7.0/toolchain/arm/arm-gnu-toolchain/bin/../lib/gcc/arm-none-eabi/4.9.3/../../../../arm-none-eabi/lib/armv7e-m\libc.a(lib_a-fflush.o)
                              src/qtouch_example.o (fflush)
c:/program files (x86)/atmel/studio/7.0/toolchain/arm/arm-gnu-toolchain/bin/../lib/gcc/arm-none-eabi/4.9.3/../../../../arm-none-eabi/lib/armv7e-m\libc.a(lib_a-findfp.o)
                              c:/program files (x86)/atmel/studio/7.0/toolchain/arm/arm-gnu-toolchain/bin/../lib/gcc/arm-none-eabi/4.9.3/../../../../arm-none-eabi/lib/armv7e-m\libc.a(lib_a-fflush.o) (__sinit)
c:/program files (x86)/atmel/studio/7.0/toolchain/arm/arm-gnu-toolchain/bin/../lib/gcc/arm-none-eabi/4.9.3/../../../../arm-none-eabi/lib/armv7e-m\libc.a(lib_a-freer.o)
                              c:/program files (x86)/atmel/studio/7.0/toolchain/arm/arm-gnu-toolchain/bin/../lib/gcc/arm-none-eabi/4.9.3/../../../../arm-none-eabi/lib/armv7e-m\libc.a(lib_a-fflush.o) (_free_r)
c:/program files (x86)/atmel/studio/7.0/toolchain/arm/arm-gnu-toolchain/bin/../lib/gcc/arm-none-eabi/4.9.3/../../../../arm-none-eabi/lib/armv7e-m\libc.a(lib_a-fwalk.o)
                              c:/program files (x86)/atmel/studio/7.0/toolchain/arm/arm-gnu-toolchain/bin/../lib/gcc/arm-none-eabi/4.9.3/../../../../arm-none-eabi/lib/armv7e-m\libc.a(lib_a-findfp.o) (_fwalk)
c:/program files (x86)/atmel/studio/7.0/toolchain/arm/arm-gnu-toolchain/bin/../lib/gcc/arm-none-eabi/4.9.3/../../../../arm-none-eabi/lib/armv7e-m\libc.a(lib_a-impure.o)
                              c:/program files (x86)/atmel/studio/7.0/toolchain/arm/arm-gnu-toolchain/bin/../lib/gcc/arm-none-eabi/4.9.3/../../../../arm-none-eabi/lib/armv7e-m\libc.a(lib_a-exit.o) (_global_impure_ptr)
c:/program files (x86)/atmel/studio/7.0/toolchain/arm/arm-gnu-toolchain/bin/../lib/gcc/arm-none-eabi/4.9.3/../../../../arm-none-eabi/lib/armv7e-m\libc.a(lib_a-init.o)
                              c:/program files (x86)/atmel/studio/7.0/toolchain/arm/arm-gnu-toolchain/bin/../lib/gcc/arm-none-eabi/4.9.3/../../../../arm-none-eabi/lib/armv7e-m/crt0.o (__libc_init_array)
c:/program files (x86)/atmel/studio/7.0/toolchain/arm/arm-gnu-toolchain/bin/../lib/gcc/arm-none-eabi/4.9.3/../../../../arm-none-eabi/lib/armv7e-m\libc.a(lib_a-iprintf.o)
                              src/ASF/sam/utils/syscalls/gcc/syscalls.o (iprintf)
c:/program files (x86)/atmel/studio/7.0/toolchain/arm/arm-gnu-toolchain/bin/../lib/gcc/arm-none-eabi/4.9.3/../../../../arm-none-eabi/lib/armv7e-m\libc.a(lib_a-mallocr.o)
                              c:/program files (x86)/atmel/studio/7.0/toolchain/arm/arm-gnu-toolchain/bin/../lib/gcc/arm-none-eabi/4.9.3/../../../../arm-none-eabi/lib/armv7e-m\libc.a(lib_a-findfp.o) (_malloc_r)
c:/program files (x86)/atmel/studio/7.0/toolchain/arm/arm-gnu-toolchain/bin/../lib/gcc/arm-none-eabi/4.9.3/../../../../arm-none-eabi/lib/armv7e-m\libc.a(lib_a-memset.o)
                              c:/program files (x86)/atmel/studio/7.0/toolchain/arm/arm-gnu-toolchain/bin/../lib/gcc/arm-none-eabi/4.9.3/../../../../arm-none-eabi/lib/armv7e-m/crt0.o (memset)
c:/program files (x86)/atmel/studio/7.0/toolchain/arm/arm-gnu-toolchain/bin/../lib/gcc/arm-none-eabi/4.9.3/../../../../arm-none-eabi/lib/armv7e-m\libc.a(lib_a-mlock.o)
[...]
Memory Configuration

Name             Origin             Length             Attributes
rom              0x00400000         0x00200000         xr
ram              0x20000000         0x00028000         xrw
*default*        0x00000000         0xffffffff

Linker script and memory map

LOAD c:/program files (x86)/atmel/studio/7.0/toolchain/arm/arm-gnu-toolchain/bin/../lib/gcc/arm-none-eabi/4.9.3/armv7e-m/crti.o
LOAD c:/program files (x86)/atmel/studio/7.0/toolchain/arm/arm-gnu-toolchain/bin/../lib/gcc/arm-none-eabi/4.9.3/armv7e-m/crtbegin.o
LOAD c:/program files (x86)/atmel/studio/7.0/toolchain/arm/arm-gnu-toolchain/bin/../lib/gcc/arm-none-eabi/4.9.3/../../../../arm-none-eabi/lib/armv7e-m/crt0.o
LOAD src/ASF/common/services/clock/sam4s/sysclk.o
LOAD src/ASF/common/services/serial/usart_serial.o
LOAD src/ASF/common/utils/interrupt/interrupt_sam_nvic.o
LOAD src/ASF/common/utils/stdio/read.o
LOAD src/ASF/common/utils/stdio/write.o
LOAD src/ASF/sam/boards/sam4s_ek2/led.o
LOAD src/ASF/sam/drivers/pio/pio.o
LOAD src/ASF/sam/drivers/pio/pio_handler.o
LOAD src/ASF/sam/drivers/pmc/pmc.o
LOAD src/ASF/sam/drivers/pmc/sleep.o
LOAD src/ASF/sam/drivers/uart/uart.o
LOAD src/ASF/sam/drivers/usart/usart.o
LOAD src/ASF/sam/drivers/wdt/wdt.o
LOAD src/ASF/sam/utils/cmsis/sam4s/source/templates/gcc/startup_sam4s.o
LOAD src/ASF/sam/utils/cmsis/sam4s/source/templates/system_sam4s.o
LOAD src/ASF/sam/utils/syscalls/gcc/syscalls.o
LOAD src/ASF/thirdparty/qtouch/generic/sam/qtouch/common/BitBangSPI_Master.o
LOAD src/ASF/thirdparty/qtouch/qdebug/QDebug.o
LOAD src/ASF/thirdparty/qtouch/qdebug/QDebugTransport.o
LOAD src/qtouch_example.o
START GROUP
LOAD ../src/ASF/thirdparty/qtouch/generic/sam/qtouch/lib/gcc\libsam4s-32qt-k-8rs-gnu.a
LOAD ../src/ASF/thirdparty/CMSIS/Lib/GCC\libarm_cortexM4l_math.a
LOAD c:/program files (x86)/atmel/studio/7.0/toolchain/arm/arm-gnu-toolchain/bin/../lib/gcc/arm-none-eabi/4.9.3/../../../../arm-none-eabi/lib/armv7e-m\libm.a
END GROUP
START GROUP
LOAD c:/program files (x86)/atmel/studio/7.0/toolchain/arm/arm-gnu-toolchain/bin/../lib/gcc/arm-none-eabi/4.9.3/armv7e-m\libgcc.a
LOAD c:/program files (x86)/atmel/studio/7.0/toolchain/arm/arm-gnu-toolchain/bin/../lib/gcc/arm-none-eabi/4.9.3/../../../../arm-none-eabi/lib/armv7e-m\libc.a
END GROUP
LOAD c:/program files (x86)/atmel/studio/7.0/toolchain/arm/arm-gnu-toolchain/bin/../lib/gcc/arm-none-eabi/4.9.3/armv7e-m/crtend.o
LOAD c:/program files (x86)/atmel/studio/7.0/toolchain/arm/arm-gnu-toolchain/bin/../lib/gcc/arm-none-eabi/4.9.3/armv7e-m/crtn.o
                0x00003000                __stack_size__ = DEFINED (__stack_size__)?__stack_size__:0x3000
                0x20027ffc                __ram_end__ = ((ORIGIN (ram) + 0x28000) - 0x4)

.text           0x00400000     0x5164
                0x00400000                . = ALIGN (0x4)
                0x00400000                _sfixed = .
 *(.vectors .vectors.*)
 .vectors       0x00400000       0xcc src/ASF/sam/utils/cmsis/sam4s/source/templates/gcc/startup_sam4s.o
                0x00400000                exception_table
 *(.text .text.* .gnu.linkonce.t.*)
 .text          0x004000cc       0x5c c:/program files (x86)/atmel/studio/7.0/toolchain/arm/arm-gnu-toolchain/bin/../lib/gcc/arm-none-eabi/4.9.3/armv7e-m/crtbegin.o
 .text.sysclk_init
                0x00400128       0x64 src/ASF/common/services/clock/sam4s/sysclk.o
                0x00400128                sysclk_init
 .text._read    0x0040018c       0x3c src/ASF/common/utils/stdio/read.o
                0x0040018c                _read
 .text._write   0x004001c8       0x50 src/ASF/common/utils/stdio/write.o
                0x004001c8                _write
 .text.pio_set_peripheral
                0x00400218       0x94 src/ASF/sam/drivers/pio/pio.o
                0x00400218                pio_set_peripheral
 .text.pio_set_input
                0x004002ac       0x34 src/ASF/sam/drivers/pio/pio.o
                0x004002ac                pio_set_input
 .text.pio_set_output
                0x004002e0       0x28 src/ASF/sam/drivers/pio/pio.o
                0x004002e0                pio_set_output
 .text.pio_get_interrupt_status
                0x00400308        0x4 src/ASF/sam/drivers/pio/pio.o
                0x00400308                pio_get_interrupt_status
 .text.pio_get_interrupt_mask
                0x0040030c        0x4 src/ASF/sam/drivers/pio/pio.o
                0x0040030c                pio_get_interrupt_mask
 .text.pio_configure_pin_group
                0x00400310       0xdc src/ASF/sam/drivers/pio/pio.o
                0x00400310                pio_configure_pin_group
 .text.pio_handler_process
                0x004003ec       0x68 src/ASF/sam/drivers/pio/pio_handler.o
                0x004003ec                pio_handler_process
 .text.PIOA_Handler
                0x00400454       0x14 src/ASF/sam/drivers/pio/pio_handler.o
                0x00400454                PIOA_Handler
 .text.PIOB_Handler
                0x00400468       0x14 src/ASF/sam/drivers/pio/pio_handler.o
                0x00400468                PIOB_Handler
 .text.PIOC_Handler
                0x0040047c       0x14 src/ASF/sam/drivers/pio/pio_handler.o
                0x0040047c                PIOC_Handler
 .text.pmc_switch_mck_to_pllack
                0x00400490       0x68 src/ASF/sam/drivers/pmc/pmc.o
                0x00400490                pmc_switch_mck_to_pllack
 .text.pmc_switch_mainck_to_xtal
                0x004004f8       0x54 src/ASF/sam/drivers/pmc/pmc.o
                0x004004f8                pmc_switch_mainck_to_xtal
 .text.pmc_osc_is_ready_mainck
                0x0040054c       0x10 src/ASF/sam/drivers/pmc/pmc.o
                0x0040054c                pmc_osc_is_ready_mainck
 .text.pmc_disable_pllack
                0x0040055c       0x10 src/ASF/sam/drivers/pmc/pmc.o
                0x0040055c                pmc_disable_pllack
 .text.pmc_is_locked_pllack
                0x0040056c       0x10 src/ASF/sam/drivers/pmc/pmc.o
                0x0040056c                pmc_is_locked_pllack
 .text.pmc_enable_periph_clk
                0x0040057c       0x54 src/ASF/sam/drivers/pmc/pmc.o
                0x0040057c                pmc_enable_periph_clk
 .text.uart_init
                0x004005d0       0x38 src/ASF/sam/drivers/uart/uart.o
                0x004005d0                uart_init
 .text.uart_write
                0x00400608       0x10 src/ASF/sam/drivers/uart/uart.o
                0x00400608                uart_write
 .text.uart_read
                0x00400618       0x14 src/ASF/sam/drivers/uart/uart.o
                0x00400618                uart_read
 .text.usart_write
                0x0040062c       0x14 src/ASF/sam/drivers/usart/usart.o
                0x0040062c                usart_write
 .text.usart_read
                0x00400640       0x18 src/ASF/sam/drivers/usart/usart.o
                0x00400640                usart_read
 .text.wdt_disable
                0x00400658        0x8 src/ASF/sam/drivers/wdt/wdt.o
                0x00400658                wdt_disable
 .text.Dummy_Handler
                0x00400660        0x4 src/ASF/sam/utils/cmsis/sam4s/source/templates/gcc/startup_sam4s.o
                0x00400660                DACC_Handler
                0x00400660                DebugMon_Handler
                0x00400660                HardFault_Handler
                0x00400660                TC2_Handler
                0x00400660                SPI_Handler
                0x00400660                TWI1_Handler
                0x00400660                PendSV_Handler
                0x00400660                NMI_Handler
                0x00400660                ADC_Handler
                0x00400660                CRCCU_Handler
                0x00400660                USART0_Handler
                0x00400660                RTT_Handler
                0x00400660                EFC1_Handler
                0x00400660                RTC_Handler
                0x00400660                UsageFault_Handler
                0x00400660                WDT_Handler
                0x00400660                TC4_Handler
                0x00400660                TC1_Handler
                0x00400660                HSMCI_Handler
                0x00400660                UART1_Handler
                0x00400660                TC3_Handler
                0x00400660                Dummy_Handler
                0x00400660                TWI0_Handler
                0x00400660                USART1_Handler
                0x00400660                SSC_Handler
                0x00400660                EFC0_Handler
                0x00400660                ACC_Handler
                0x00400660                PMC_Handler
                0x00400660                PWM_Handler
                0x00400660                MemManage_Handler
                0x00400660                SUPC_Handler
                0x00400660                SVC_Handler
                0x00400660                UART0_Handler
                0x00400660                UDP_Handler
                0x00400660                BusFault_Handler
                0x00400660                RSTC_Handler
                0x00400660                TC0_Handler
                0x00400660                TC5_Handler
 .text.Reset_Handler
                0x00400664       0xb0 src/ASF/sam/utils/cmsis/sam4s/source/templates/gcc/startup_sam4s.o
                0x00400664                Reset_Handler
 .text.SystemCoreClockUpdate
                0x00400714      0x114 src/ASF/sam/utils/cmsis/sam4s/source/templates/system_sam4s.o
                0x00400714                SystemCoreClockUpdate
 .text.system_init_flash
                0x00400828       0x94 src/ASF/sam/utils/cmsis/sam4s/source/templates/system_sam4s.o
                0x00400828                system_init_flash
 .text._sbrk    0x004008bc       0x34 src/ASF/sam/utils/syscalls/gcc/syscalls.o
                0x004008bc                _sbrk
 .text._close   0x004008f0        0x8 src/ASF/sam/utils/syscalls/gcc/syscalls.o
                0x004008f0                _close
 .text._fstat   0x004008f8        0xc src/ASF/sam/utils/syscalls/gcc/syscalls.o
                0x004008f8                _fstat
 .text._isatty  0x00400904        0x4 src/ASF/sam/utils/syscalls/gcc/syscalls.o
                0x00400904                _isatty
 .text._lseek   0x00400908        0x4 src/ASF/sam/utils/syscalls/gcc/syscalls.o
                0x00400908                _lseek
 .text.usart_serial_getchar
                0x0040090c       0x88 src/qtouch_example.o
 .text.usart_serial_putchar
                0x00400994       0x80 src/qtouch_example.o
 .text.SysTick_Handler
                0x00400a14       0x24 src/qtouch_example.o
                0x00400a14                SysTick_Handler
 .text.main     0x00400a38      0x3b0 src/qtouch_example.o
                0x00400a38                main
 .text.burst_5_CC_AA
                0x00400de8      0x50c ../src/ASF/thirdparty/qtouch/generic/sam/qtouch/lib/gcc\libsam4s-32qt-k-8rs-gnu.a(burst_5_CC_AA.o)
                0x00400de8                burst_5_CC_AA
 .text.qt_init_sensing_with_burst
                0x004012f4       0x38 ../src/ASF/thirdparty/qtouch/generic/sam/qtouch/lib/gcc\libsam4s-32qt-k-8rs-gnu.a(touch_api.o)
                0x004012f4                qt_init_sensing_with_burst
 .text.qt_get_library_sig
                0x0040132c       0x12 ../src/ASF/thirdparty/qtouch/generic/sam/qtouch/lib/gcc\libsam4s-32qt-k-8rs-gnu.a(touch_api.o)
                0x0040132c                qt_get_library_sig
 *fill*         0x0040133e        0x2 
 .text.qt_reset_sensing
                0x00401340       0x3c ../src/ASF/thirdparty/qtouch/generic/sam/qtouch/lib/gcc\libsam4s-32qt-k-8rs-gnu.a(touch_api.o)
                0x00401340                qt_reset_sensing
 .text.qt_measure_sensors
                0x0040137c       0xdc ../src/ASF/thirdparty/qtouch/generic/sam/qtouch/lib/gcc\libsam4s-32qt-k-8rs-gnu.a(touch_api.o)
                0x0040137c                qt_measure_sensors
 .text.qt_enable_key
                0x00401458       0x30 ../src/ASF/thirdparty/qtouch/generic/sam/qtouch/lib/gcc\libsam4s-32qt-k-8rs-gnu.a(touch_api.o)
                0x00401458                qt_enable_key
 .text.qt_get_sensor_delta
                0x00401488       0x80 ../src/ASF/thirdparty/qtouch/generic/sam/qtouch/lib/gcc\libsam4s-32qt-k-8rs-gnu.a(touch_api.o)
                0x00401488                qt_get_sensor_delta
 .text.q_get_PRIMASK
                0x00401508        0x6 ../src/ASF/thirdparty/qtouch/generic/sam/qtouch/lib/gcc\libsam4s-32qt-k-8rs-gnu.a(touch_api.o)
                0x00401508                q_get_PRIMASK
 .text.q_set_PRIMASK
                0x0040150e        0x6 ../src/ASF/thirdparty/qtouch/generic/sam/qtouch/lib/gcc\libsam4s-32qt-k-8rs-gnu.a(touch_api.o)
                0x0040150e                q_set_PRIMASK
 .text.goto_no_detect
                0x00401514       0x3c ../src/ASF/thirdparty/qtouch/generic/sam/qtouch/lib/gcc\libsam4s-32qt-k-8rs-gnu.a(touch_process.o)
 .text.pos_delta
                0x00401550        0x8 ../src/ASF/thirdparty/qtouch/generic/sam/qtouch/lib/gcc\libsam4s-32qt-k-8rs-gnu.a(touch_process.o)
 .text.enter_state_pos_recal
                0x00401558       0x1c ../src/ASF/thirdparty/qtouch/generic/sam/qtouch/lib/gcc\libsam4s-32qt-k-8rs-gnu.a(touch_process.o)
 .text.start_cal_sensor
                0x00401574       0x20 ../src/ASF/thirdparty/qtouch/generic/sam/qtouch/lib/gcc\libsam4s-32qt-k-8rs-gnu.a(touch_process.o)
                0x00401574                start_cal_sensor
 .text.process_sensor
                0x00401594      0x41c ../src/ASF/thirdparty/qtouch/generic/sam/qtouch/lib/gcc\libsam4s-32qt-k-8rs-gnu.a(touch_process.o)
                0x00401594                process_sensor
 .text.get_channel_delta
                0x004019b0       0x18 ../src/ASF/thirdparty/qtouch/generic/sam/qtouch/lib/gcc\libsam4s-32qt-k-8rs-gnu.a(touch_process.o)
                0x004019b0                get_channel_delta
 .text.burst_init
                0x004019c8        0x8 ../src/ASF/thirdparty/qtouch/generic/sam/qtouch/lib/gcc\libsam4s-32qt-k-8rs-gnu.a(touch_burst_qt.o)
                0x004019c8                burst_init
 .text.burst_reset
                0x004019d0       0x1c ../src/ASF/thirdparty/qtouch/generic/sam/qtouch/lib/gcc\libsam4s-32qt-k-8rs-gnu.a(touch_burst_qt.o)
                0x004019d0                burst_reset
 .text.burst    0x004019ec       0x34 ../src/ASF/thirdparty/qtouch/generic/sam/qtouch/lib/gcc\libsam4s-32qt-k-8rs-gnu.a(touch_burst_qt.o)
                0x004019ec                burst
 .text.calc_masks
                0x00401a20      0x114 ../src/ASF/thirdparty/qtouch/generic/sam/qtouch/lib/gcc\libsam4s-32qt-k-8rs-gnu.a(calc_masks.o)
                0x00401a20                calc_masks
 .text.init_rotor_slider
                0x00401b34       0x48 ../src/ASF/thirdparty/qtouch/generic/sam/qtouch/lib/gcc\libsam4s-32qt-k-8rs-gnu.a(touch_rs_qt.o)
 .text.divide   0x00401b7c       0x5a ../src/ASF/thirdparty/qtouch/generic/sam/qtouch/lib/gcc\libsam4s-32qt-k-8rs-gnu.a(touch_rs_qt.o)
 *fill*         0x00401bd6        0x2 
 .text.fill_out_rotor_slider_deltas
                0x00401bd8       0x7c ../src/ASF/thirdparty/qtouch/generic/sam/qtouch/lib/gcc\libsam4s-32qt-k-8rs-gnu.a(touch_rs_qt.o)
 .text.qt_enable_slider
                0x00401c54       0x38 ../src/ASF/thirdparty/qtouch/generic/sam/qtouch/lib/gcc\libsam4s-32qt-k-8rs-gnu.a(touch_rs_qt.o)
                0x00401c54                qt_enable_slider
 .text.calc_rotor_slider_sensor_delta
                0x00401c8c       0x58 ../src/ASF/thirdparty/qtouch/generic/sam/qtouch/lib/gcc\libsam4s-32qt-k-8rs-gnu.a(touch_rs_qt.o)
                0x00401c8c                calc_rotor_slider_sensor_delta
 .text.calc_rotor_slider_value
                0x00401ce4      0x1d4 ../src/ASF/thirdparty/qtouch/generic/sam/qtouch/lib/gcc\libsam4s-32qt-k-8rs-gnu.a(touch_rs_qt.o)
                0x00401ce4                calc_rotor_slider_value
 .text.rotor_slider_enter_detect
                0x00401eb8       0x20 ../src/ASF/thirdparty/qtouch/generic/sam/qtouch/lib/gcc\libsam4s-32qt-k-8rs-gnu.a(touch_rs_qt.o)
                0x00401eb8                rotor_slider_enter_detect
 .text.__sflush_r
                0x00401ed8      0x154 c:/program files (x86)/atmel/studio/7.0/toolchain/arm/arm-gnu-toolchain/bin/../lib/gcc/arm-none-eabi/4.9.3/../../../../arm-none-eabi/lib/armv7e-m\libc.a(lib_a-fflush.o)
                0x00401ed8                __sflush_r
 .text._fflush_r
                0x0040202c       0x2c c:/program files (x86)/atmel/studio/7.0/toolchain/arm/arm-gnu-toolchain/bin/../lib/gcc/arm-none-eabi/4.9.3/../../../../arm-none-eabi/lib/armv7e-m\libc.a(lib_a-fflush.o)
                0x0040202c                _fflush_r
 .text.fflush   0x00402058       0x24 c:/program files (x86)/atmel/studio/7.0/toolchain/arm/arm-gnu-toolchain/bin/../lib/gcc/arm-none-eabi/4.9.3/../../../../arm-none-eabi/lib/armv7e-m\libc.a(lib_a-fflush.o)
                0x00402058                fflush
 .text._cleanup_r
                0x0040207c        0xc c:/program files (x86)/atmel/studio/7.0/toolchain/arm/arm-gnu-toolchain/bin/../lib/gcc/arm-none-eabi/4.9.3/../../../../arm-none-eabi/lib/armv7e-m\libc.a(lib_a-findfp.o)
                0x0040207c                _cleanup_r
 .text.__sinit.part.1
                0x00402088       0xf0 c:/program files (x86)/atmel/studio/7.0/toolchain/arm/arm-gnu-toolchain/bin/../lib/gcc/arm-none-eabi/4.9.3/../../../../arm-none-eabi/lib/armv7e-m\libc.a(lib_a-findfp.o)
 .text.__sinit  0x00402178        0xc c:/program files (x86)/atmel/studio/7.0/toolchain/arm/arm-gnu-toolchain/bin/../lib/gcc/arm-none-eabi/4.9.3/../../../../arm-none-eabi/lib/armv7e-m\libc.a(lib_a-findfp.o)
                0x00402178                __sinit
 .text.__sfp_lock_acquire
                0x00402184        0x4 c:/program files (x86)/atmel/studio/7.0/toolchain/arm/arm-gnu-toolchain/bin/../lib/gcc/arm-none-eabi/4.9.3/../../../../arm-none-eabi/lib/armv7e-m\libc.a(lib_a-findfp.o)
                0x00402184                __sfp_lock_acquire
 .text.__sfp_lock_release
                0x00402188        0x4 c:/program files (x86)/atmel/studio/7.0/toolchain/arm/arm-gnu-toolchain/bin/../lib/gcc/arm-none-eabi/4.9.3/../../../../arm-none-eabi/lib/armv7e-m\libc.a(lib_a-findfp.o)
                0x00402188                __sfp_lock_release
 .text._malloc_trim_r
                0x0040218c       0x9c c:/program files (x86)/atmel/studio/7.0/toolchain/arm/arm-gnu-toolchain/bin/../lib/gcc/arm-none-eabi/4.9.3/../../../../arm-none-eabi/lib/armv7e-m\libc.a(lib_a-freer.o)
                0x0040218c                _malloc_trim_r
 .text._free_r  0x00402228      0x1b0 c:/program files (x86)/atmel/studio/7.0/toolchain/arm/arm-gnu-toolchain/bin/../lib/gcc/arm-none-eabi/4.9.3/../../../../arm-none-eabi/lib/armv7e-m\libc.a(lib_a-freer.o)
                0x00402228                _free_r
 .text._fwalk_reent
                0x004023d8       0x54 c:/program files (x86)/atmel/studio/7.0/toolchain/arm/arm-gnu-toolchain/bin/../lib/gcc/arm-none-eabi/4.9.3/../../../../arm-none-eabi/lib/armv7e-m\libc.a(lib_a-fwalk.o)
                0x004023d8                _fwalk_reent
 .text.__libc_init_array
                0x0040242c       0x50 c:/program files (x86)/atmel/studio/7.0/toolchain/arm/arm-gnu-toolchain/bin/../lib/gcc/arm-none-eabi/4.9.3/../../../../arm-none-eabi/lib/armv7e-m\libc.a(lib_a-init.o)
                0x0040242c                __libc_init_array
 .text.iprintf  0x0040247c       0x28 c:/program files (x86)/atmel/studio/7.0/toolchain/arm/arm-gnu-toolchain/bin/../lib/gcc/arm-none-eabi/4.9.3/../../../../arm-none-eabi/lib/armv7e-m\libc.a(lib_a-iprintf.o)
                0x0040247c                iprintf
 .text._malloc_r
                0x004024a4      0x524 c:/program files (x86)/atmel/studio/7.0/toolchain/arm/arm-gnu-toolchain/bin/../lib/gcc/arm-none-eabi/4.9.3/../../../../arm-none-eabi/lib/armv7e-m\libc.a(lib_a-mallocr.o)
                0x004024a4                _malloc_r
 .text.memset   0x004029c8       0x9c c:/program files (x86)/atmel/studio/7.0/toolchain/arm/arm-gnu-toolchain/bin/../lib/gcc/arm-none-eabi/4.9.3/../../../../arm-none-eabi/lib/armv7e-m\libc.a(lib_a-memset.o)
                0x004029c8                memset
 .text.__malloc_lock
                0x00402a64        0x4 c:/program files (x86)/atmel/studio/7.0/toolchain/arm/arm-gnu-toolchain/bin/../lib/gcc/arm-none-eabi/4.9.3/../../../../arm-none-eabi/lib/armv7e-m\libc.a(lib_a-mlock.o)
                0x00402a64                __malloc_lock
 .text.__malloc_unlock
                0x00402a68        0x4 c:/program files (x86)/atmel/studio/7.0/toolchain/arm/arm-gnu-toolchain/bin/../lib/gcc/arm-none-eabi/4.9.3/../../../../arm-none-eabi/lib/armv7e-m\libc.a(lib_a-mlock.o)
                0x00402a68                __malloc_unlock
 .text._sbrk_r  0x00402a6c       0x24 c:/program files (x86)/atmel/studio/7.0/toolchain/arm/arm-gnu-toolchain/bin/../lib/gcc/arm-none-eabi/4.9.3/../../../../arm-none-eabi/lib/armv7e-m\libc.a(lib_a-sbrkr.o)
                0x00402a6c                _sbrk_r
 .text.setbuf   0x00402a90       0x10 c:/program files (x86)/atmel/studio/7.0/toolchain/arm/arm-gnu-toolchain/bin/../lib/gcc/arm-none-eabi/4.9.3/../../../../arm-none-eabi/lib/armv7e-m\libc.a(lib_a-setbuf.o)
                0x00402a90                setbuf
 .text.setvbuf  0x00402aa0       0xf8 c:/program files (x86)/atmel/studio/7.0/toolchain/arm/arm-gnu-toolchain/bin/../lib/gcc/arm-none-eabi/4.9.3/../../../../arm-none-eabi/lib/armv7e-m\libc.a(lib_a-setvbuf.o)
                0x00402aa0                setvbuf
 .text.__sread  0x00402b98       0x24 c:/program files (x86)/atmel/studio/7.0/toolchain/arm/arm-gnu-toolchain/bin/../lib/gcc/arm-none-eabi/4.9.3/../../../../arm-none-eabi/lib/armv7e-m\libc.a(lib_a-stdio.o)
                0x00402b98                __sread
 .text.__swrite
                0x00402bbc       0x38 c:/program files (x86)/atmel/studio/7.0/toolchain/arm/arm-gnu-toolchain/bin/../lib/gcc/arm-none-eabi/4.9.3/../../../../arm-none-eabi/lib/armv7e-m\libc.a(lib_a-stdio.o)
                0x00402bbc                __swrite
 .text.__sseek  0x00402bf4       0x20 c:/program files (x86)/atmel/studio/7.0/toolchain/arm/arm-gnu-toolchain/bin/../lib/gcc/arm-none-eabi/4.9.3/../../../../arm-none-eabi/lib/armv7e-m\libc.a(lib_a-stdio.o)
                0x00402bf4                __sseek
 .text.__sclose
                0x00402c14        0x8 c:/program files (x86)/atmel/studio/7.0/toolchain/arm/arm-gnu-toolchain/bin/../lib/gcc/arm-none-eabi/4.9.3/../../../../arm-none-eabi/lib/armv7e-m\libc.a(lib_a-stdio.o)
                0x00402c14                __sclose
 .text.__sprint_r.part.0
                0x00402c1c       0x78 c:/program files (x86)/atmel/studio/7.0/toolchain/arm/arm-gnu-toolchain/bin/../lib/gcc/arm-none-eabi/4.9.3/../../../../arm-none-eabi/lib/armv7e-m\libc.a(lib_a-vfiprintf.o)
 .text._vfiprintf_r
                0x00402c94      0xc10 c:/program files (x86)/atmel/studio/7.0/toolchain/arm/arm-gnu-toolchain/bin/../lib/gcc/arm-none-eabi/4.9.3/../../../../arm-none-eabi/lib/armv7e-m\libc.a(lib_a-vfiprintf.o)
                0x00402c94                _vfiprintf_r
 .text.__sbprintf
                0x004038a4       0x78 c:/program files (x86)/atmel/studio/7.0/toolchain/arm/arm-gnu-toolchain/bin/../lib/gcc/arm-none-eabi/4.9.3/../../../../arm-none-eabi/lib/armv7e-m\libc.a(lib_a-vfiprintf.o)
 .text._write_r
                0x0040391c       0x28 c:/program files (x86)/atmel/studio/7.0/toolchain/arm/arm-gnu-toolchain/bin/../lib/gcc/arm-none-eabi/4.9.3/../../../../arm-none-eabi/lib/armv7e-m\libc.a(lib_a-writer.o)
                0x0040391c                _write_r
 .text.__swsetup_r
                0x00403944       0xc4 c:/program files (x86)/atmel/studio/7.0/toolchain/arm/arm-gnu-toolchain/bin/../lib/gcc/arm-none-eabi/4.9.3/../../../../arm-none-eabi/lib/armv7e-m\libc.a(lib_a-wsetup.o)
                0x00403944                __swsetup_r
 .text.startup.register_fini
                0x00403a08       0x14 c:/program files (x86)/atmel/studio/7.0/toolchain/arm/arm-gnu-toolchain/bin/../lib/gcc/arm-none-eabi/4.9.3/../../../../arm-none-eabi/lib/armv7e-m\libc.a(lib_a-__call_atexit.o)
 .text.atexit   0x00403a1c        0xc c:/program files (x86)/atmel/studio/7.0/toolchain/arm/arm-gnu-toolchain/bin/../lib/gcc/arm-none-eabi/4.9.3/../../../../arm-none-eabi/lib/armv7e-m\libc.a(lib_a-atexit.o)
                0x00403a1c                atexit
 .text._close_r
                0x00403a28       0x24 c:/program files (x86)/atmel/studio/7.0/toolchain/arm/arm-gnu-toolchain/bin/../lib/gcc/arm-none-eabi/4.9.3/../../../../arm-none-eabi/lib/armv7e-m\libc.a(lib_a-closer.o)
                0x00403a28                _close_r
 .text._fclose_r
                0x00403a4c       0x84 c:/program files (x86)/atmel/studio/7.0/toolchain/arm/arm-gnu-toolchain/bin/../lib/gcc/arm-none-eabi/4.9.3/../../../../arm-none-eabi/lib/armv7e-m\libc.a(lib_a-fclose.o)
                0x00403a4c                _fclose_r
 .text.__libc_fini_array
                0x00403ad0       0x2c c:/program files (x86)/atmel/studio/7.0/toolchain/arm/arm-gnu-toolchain/bin/../lib/gcc/arm-none-eabi/4.9.3/../../../../arm-none-eabi/lib/armv7e-m\libc.a(lib_a-fini.o)
                0x00403ad0                __libc_fini_array
 .text.__fputwc
                0x00403afc       0xb0 c:/program files (x86)/atmel/studio/7.0/toolchain/arm/arm-gnu-toolchain/bin/../lib/gcc/arm-none-eabi/4.9.3/../../../../arm-none-eabi/lib/armv7e-m\libc.a(lib_a-fputwc.o)
                0x00403afc                __fputwc
 .text._fputwc_r
                0x00403bac       0x24 c:/program files (x86)/atmel/studio/7.0/toolchain/arm/arm-gnu-toolchain/bin/../lib/gcc/arm-none-eabi/4.9.3/../../../../arm-none-eabi/lib/armv7e-m\libc.a(lib_a-fputwc.o)
                0x00403bac                _fputwc_r
 .text.__sfvwrite_r
                0x00403bd0      0x318 c:/program files (x86)/atmel/studio/7.0/toolchain/arm/arm-gnu-toolchain/bin/../lib/gcc/arm-none-eabi/4.9.3/../../../../arm-none-eabi/lib/armv7e-m\libc.a(lib_a-fvwrite.o)
                0x00403bd0                __sfvwrite_r
 .text.__locale_charset
                0x00403ee8        0x8 c:/program files (x86)/atmel/studio/7.0/toolchain/arm/arm-gnu-toolchain/bin/../lib/gcc/arm-none-eabi/4.9.3/../../../../arm-none-eabi/lib/armv7e-m\libc.a(lib_a-locale.o)
                0x00403ee8                __locale_charset
 .text.__locale_mb_cur_max
                0x00403ef0        0xc c:/program files (x86)/atmel/studio/7.0/toolchain/arm/arm-gnu-toolchain/bin/../lib/gcc/arm-none-eabi/4.9.3/../../../../arm-none-eabi/lib/armv7e-m\libc.a(lib_a-locale.o)
                0x00403ef0                __locale_mb_cur_max
 .text._lseek_r
                0x00403efc       0x28 c:/program files (x86)/atmel/studio/7.0/toolchain/arm/arm-gnu-toolchain/bin/../lib/gcc/arm-none-eabi/4.9.3/../../../../arm-none-eabi/lib/armv7e-m\libc.a(lib_a-lseekr.o)
                0x00403efc                _lseek_r
 .text.__smakebuf_r
                0x00403f24       0xe0 c:/program files (x86)/atmel/studio/7.0/toolchain/arm/arm-gnu-toolchain/bin/../lib/gcc/arm-none-eabi/4.9.3/../../../../arm-none-eabi/lib/armv7e-m\libc.a(lib_a-makebuf.o)
                0x00403f24                __smakebuf_r
 .text.malloc   0x00404004       0x10 c:/program files (x86)/atmel/studio/7.0/toolchain/arm/arm-gnu-toolchain/bin/../lib/gcc/arm-none-eabi/4.9.3/../../../../arm-none-eabi/lib/armv7e-m\libc.a(lib_a-malloc.o)
                0x00404004                malloc
 .text.memchr   0x00404014       0x94 c:/program files (x86)/atmel/studio/7.0/toolchain/arm/arm-gnu-toolchain/bin/../lib/gcc/arm-none-eabi/4.9.3/../../../../arm-none-eabi/lib/armv7e-m\libc.a(lib_a-memchr.o)
                0x00404014                memchr
 .text          0x004040a8      0x134 c:/program files (x86)/atmel/studio/7.0/toolchain/arm/arm-gnu-toolchain/bin/../lib/gcc/arm-none-eabi/4.9.3/../../../../arm-none-eabi/lib/armv7e-m\libc.a(lib_a-memcpy.o)
                0x004040a8                memcpy
 .text.memmove  0x004041dc       0xc8 c:/program files (x86)/atmel/studio/7.0/toolchain/arm/arm-gnu-toolchain/bin/../lib/gcc/arm-none-eabi/4.9.3/../../../../arm-none-eabi/lib/armv7e-m\libc.a(lib_a-memmove.o)
                0x004041dc                memmove
 .text._read_r  0x004042a4       0x28 c:/program files (x86)/atmel/studio/7.0/toolchain/arm/arm-gnu-toolchain/bin/../lib/gcc/arm-none-eabi/4.9.3/../../../../arm-none-eabi/lib/armv7e-m\libc.a(lib_a-readr.o)
                0x004042a4                _read_r
 .text._realloc_r
                0x004042cc      0x3ec c:/program files (x86)/atmel/studio/7.0/toolchain/arm/arm-gnu-toolchain/bin/../lib/gcc/arm-none-eabi/4.9.3/../../../../arm-none-eabi/lib/armv7e-m\libc.a(lib_a-reallocr.o)
                0x004042cc                _realloc_r
 .text.strlen   0x004046b8       0x5c c:/program files (x86)/atmel/studio/7.0/toolchain/arm/arm-gnu-toolchain/bin/../lib/gcc/arm-none-eabi/4.9.3/../../../../arm-none-eabi/lib/armv7e-m\libc.a(lib_a-strlen.o)
                0x004046b8                strlen
 .text.__swbuf_r
                0x00404714       0xa8 c:/program files (x86)/atmel/studio/7.0/toolchain/arm/arm-gnu-toolchain/bin/../lib/gcc/arm-none-eabi/4.9.3/../../../../arm-none-eabi/lib/armv7e-m\libc.a(lib_a-wbuf.o)
                0x00404714                __swbuf_r
 .text._wcrtomb_r
                0x004047bc       0x54 c:/program files (x86)/atmel/studio/7.0/toolchain/arm/arm-gnu-toolchain/bin/../lib/gcc/arm-none-eabi/4.9.3/../../../../arm-none-eabi/lib/armv7e-m\libc.a(lib_a-wcrtomb.o)
                0x004047bc                _wcrtomb_r
 .text.__ascii_wctomb
                0x00404810       0x1c c:/program files (x86)/atmel/studio/7.0/toolchain/arm/arm-gnu-toolchain/bin/../lib/gcc/arm-none-eabi/4.9.3/../../../../arm-none-eabi/lib/armv7e-m\libc.a(lib_a-wctomb_r.o)
                0x00404810                __ascii_wctomb
 .text.__register_exitproc
                0x0040482c       0xa4 c:/program files (x86)/atmel/studio/7.0/toolchain/arm/arm-gnu-toolchain/bin/../lib/gcc/arm-none-eabi/4.9.3/../../../../arm-none-eabi/lib/armv7e-m\libc.a(lib_a-__atexit.o)
                0x0040482c                __register_exitproc
 .text._fstat_r
                0x004048d0       0x28 c:/program files (x86)/atmel/studio/7.0/toolchain/arm/arm-gnu-toolchain/bin/../lib/gcc/arm-none-eabi/4.9.3/../../../../arm-none-eabi/lib/armv7e-m\libc.a(lib_a-fstatr.o)
                0x004048d0                _fstat_r
 .text._isatty_r
                0x004048f8       0x24 c:/program files (x86)/atmel/studio/7.0/toolchain/arm/arm-gnu-toolchain/bin/../lib/gcc/arm-none-eabi/4.9.3/../../../../arm-none-eabi/lib/armv7e-m\libc.a(lib_a-isattyr.o)
                0x004048f8                _isatty_r
 .text          0x0040491c       0x30 c:/program files (x86)/atmel/studio/7.0/toolchain/arm/arm-gnu-toolchain/bin/../lib/gcc/arm-none-eabi/4.9.3/armv7e-m\libgcc.a(_aeabi_uldivmod.o)
                0x0040491c                __aeabi_uldivmod
 .text          0x0040494c       0x60 c:/program files (x86)/atmel/studio/7.0/toolchain/arm/arm-gnu-toolchain/bin/../lib/gcc/arm-none-eabi/4.9.3/armv7e-m\libgcc.a(bpabi.o)
                0x0040494c                __gnu_ldivmod_helper
                0x0040497c                __gnu_uldivmod_helper
 .text          0x004049ac        0x4 c:/program files (x86)/atmel/studio/7.0/toolchain/arm/arm-gnu-toolchain/bin/../lib/gcc/arm-none-eabi/4.9.3/armv7e-m\libgcc.a(_dvmd_tls.o)
                0x004049ac                __aeabi_idiv0
                0x004049ac                __aeabi_ldiv0
 .text          0x004049b0      0x29c c:/program files (x86)/atmel/studio/7.0/toolchain/arm/arm-gnu-toolchain/bin/../lib/gcc/arm-none-eabi/4.9.3/armv7e-m\libgcc.a(_divdi3.o)
                0x004049b0                __divdi3
 .text          0x00404c4c      0x26c c:/program files (x86)/atmel/studio/7.0/toolchain/arm/arm-gnu-toolchain/bin/../lib/gcc/arm-none-eabi/4.9.3/armv7e-m\libgcc.a(_udivdi3.o)
                0x00404c4c                __udivdi3
 *(.glue_7t)
 .glue_7t       0x00000000        0x0 linker stubs
 *(.glue_7)
 .glue_7        0x00000000        0x0 linker stubs
 *(.rodata .rodata* .gnu.linkonce.r.*)
 .rodata.str1.4
                0x00404eb8      0x22e src/qtouch_example.o
                                0x232 (size before relaxing)
 *fill*         0x004050e6        0x2 
 .rodata.str1.4
                0x004050e8        0x2 c:/program files (x86)/atmel/studio/7.0/toolchain/arm/arm-gnu-toolchain/bin/../lib/gcc/arm-none-eabi/4.9.3/../../../../arm-none-eabi/lib/armv7e-m\libc.a(lib_a-impure.o)
 *fill*         0x004050ea        0x2 
 .rodata._global_impure_ptr
                0x004050ec        0x4 c:/program files (x86)/atmel/studio/7.0/toolchain/arm/arm-gnu-toolchain/bin/../lib/gcc/arm-none-eabi/4.9.3/../../../../arm-none-eabi/lib/armv7e-m\libc.a(lib_a-impure.o)
                0x004050ec                _global_impure_ptr
 .rodata.zeroes.6869
                0x004050f0       0x10 c:/program files (x86)/atmel/studio/7.0/toolchain/arm/arm-gnu-toolchain/bin/../lib/gcc/arm-none-eabi/4.9.3/../../../../arm-none-eabi/lib/armv7e-m\libc.a(lib_a-vfiprintf.o)
 .rodata.str1.4
                0x00405100       0x30 c:/program files (x86)/atmel/studio/7.0/toolchain/arm/arm-gnu-toolchain/bin/../lib/gcc/arm-none-eabi/4.9.3/../../../../arm-none-eabi/lib/armv7e-m\libc.a(lib_a-vfiprintf.o)
                                 0x2f (size before relaxing)
 .rodata.blanks.6868
                0x00405130       0x10 c:/program files (x86)/atmel/studio/7.0/toolchain/arm/arm-gnu-toolchain/bin/../lib/gcc/arm-none-eabi/4.9.3/../../../../arm-none-eabi/lib/armv7e-m\libc.a(lib_a-vfiprintf.o)
 *(.ARM.extab* .gnu.linkonce.armextab.*)
                0x00405140                . = ALIGN (0x4)
 *(.init)
 .init          0x00405140        0x4 c:/program files (x86)/atmel/studio/7.0/toolchain/arm/arm-gnu-toolchain/bin/../lib/gcc/arm-none-eabi/4.9.3/armv7e-m/crti.o
                0x00405140                _init
 .init          0x00405144        0x8 c:/program files (x86)/atmel/studio/7.0/toolchain/arm/arm-gnu-toolchain/bin/../lib/gcc/arm-none-eabi/4.9.3/armv7e-m/crtn.o
                0x0040514c                . = ALIGN (0x4)
                0x0040514c                __preinit_array_start = .
 *(.preinit_array)
                0x0040514c                __preinit_array_end = .
                0x0040514c                . = ALIGN (0x4)
                0x0040514c                __init_array_start = .
 *(SORT(.init_array.*))
 .init_array.00000
                0x0040514c        0x4 c:/program files (x86)/atmel/studio/7.0/toolchain/arm/arm-gnu-toolchain/bin/../lib/gcc/arm-none-eabi/4.9.3/../../../../arm-none-eabi/lib/armv7e-m\libc.a(lib_a-__call_atexit.o)
 *(.init_array)
 .init_array    0x00405150        0x4 c:/program files (x86)/atmel/studio/7.0/toolchain/arm/arm-gnu-toolchain/bin/../lib/gcc/arm-none-eabi/4.9.3/armv7e-m/crtbegin.o
                0x00405154                __init_array_end = .
                0x00405154                . = ALIGN (0x4)
 *crtbegin.o(.ctors)
 *(EXCLUDE_FILE(*crtend.o) .ctors)
 *(SORT(.ctors.*))
 *crtend.o(.ctors)
                0x00405154                . = ALIGN (0x4)
 *(.fini)
 .fini          0x00405154        0x4 c:/program files (x86)/atmel/studio/7.0/toolchain/arm/arm-gnu-toolchain/bin/../lib/gcc/arm-none-eabi/4.9.3/armv7e-m/crti.o
                0x00405154                _fini
 .fini          0x00405158        0x8 c:/program files (x86)/atmel/studio/7.0/toolchain/arm/arm-gnu-toolchain/bin/../lib/gcc/arm-none-eabi/4.9.3/armv7e-m/crtn.o
                0x00405160                . = ALIGN (0x4)
                0x00405160                __fini_array_start = .
 *(.fini_array)
 .fini_array    0x00405160        0x4 c:/program files (x86)/atmel/studio/7.0/toolchain/arm/arm-gnu-toolchain/bin/../lib/gcc/arm-none-eabi/4.9.3/armv7e-m/crtbegin.o
 *(SORT(.fini_array.*))
                0x00405164                __fini_array_end = .
 *crtbegin.o(.dtors)
 *(EXCLUDE_FILE(*crtend.o) .dtors)
 *(SORT(.dtors.*))
 *crtend.o(.dtors)
                0x00405164                . = ALIGN (0x4)
                0x00405164                _efixed = .
                0x00405164                PROVIDE (__exidx_start, .)

.vfp11_veneer   0x00405164        0x0
 .vfp11_veneer  0x00000000        0x0 linker stubs

.v4_bx          0x00405164        0x0
 .v4_bx         0x00000000        0x0 linker stubs

.iplt           0x00405164        0x0
 .iplt          0x00000000        0x0 c:/program files (x86)/atmel/studio/7.0/toolchain/arm/arm-gnu-toolchain/bin/../lib/gcc/arm-none-eabi/4.9.3/armv7e-m/crtbegin.o

.ARM.exidx      0x00405164        0x8
 *(.ARM.exidx* .gnu.linkonce.armexidx.*)
 .ARM.exidx     0x00405164        0x8 c:/program files (x86)/atmel/studio/7.0/toolchain/arm/arm-gnu-toolchain/bin/../lib/gcc/arm-none-eabi/4.9.3/armv7e-m\libgcc.a(_divdi3.o)
 .ARM.exidx     0x0040516c        0x0 c:/program files (x86)/atmel/studio/7.0/toolchain/arm/arm-gnu-toolchain/bin/../lib/gcc/arm-none-eabi/4.9.3/armv7e-m\libgcc.a(_udivdi3.o)
                                  0x8 (size before relaxing)
                0x0040516c                PROVIDE (__exidx_end, .)

.eh_frame       0x0040516c        0x0
 .eh_frame      0x0040516c        0x0 c:/program files (x86)/atmel/studio/7.0/toolchain/arm/arm-gnu-toolchain/bin/../lib/gcc/arm-none-eabi/4.9.3/armv7e-m/crtbegin.o

.rel.dyn        0x0040516c        0x0
 .rel.iplt      0x00000000        0x0 c:/program files (x86)/atmel/studio/7.0/toolchain/arm/arm-gnu-toolchain/bin/../lib/gcc/arm-none-eabi/4.9.3/armv7e-m/crtbegin.o

.jcr            0x0040516c        0x0
 .jcr           0x0040516c        0x0 c:/program files (x86)/atmel/studio/7.0/toolchain/arm/arm-gnu-toolchain/bin/../lib/gcc/arm-none-eabi/4.9.3/armv7e-m/crtbegin.o

.igot.plt       0x0040516c        0x0
 .igot.plt      0x00000000        0x0 c:/program files (x86)/atmel/studio/7.0/toolchain/arm/arm-gnu-toolchain/bin/../lib/gcc/arm-none-eabi/4.9.3/armv7e-m/crtbegin.o
                0x0040516c                . = ALIGN (0x4)
                0x0040516c                _etext = .

.relocate       0x20000000      0x86c load address 0x0040516c
                0x20000000                . = ALIGN (0x4)
                0x20000000                _srelocate = .
 *(.ramfunc .ramfunc.*)
 *(.data .data.*)
 .data.SystemCoreClock
                0x20000000        0x4 src/ASF/sam/utils/cmsis/sam4s/source/templates/system_sam4s.o
                0x20000000                SystemCoreClock
 .data.qt_measurement_period_msec
                0x20000004        0x2 src/qtouch_example.o
                0x20000004                qt_measurement_period_msec
 .data          0x20000006        0x1 ../src/ASF/thirdparty/qtouch/generic/sam/qtouch/lib/gcc\libsam4s-32qt-k-8rs-gnu.a(touch_api.o)
                0x20000006                freq_shift
 *fill*         0x20000007        0x1 
 .data.impure_data
                0x20000008      0x428 c:/program files (x86)/atmel/studio/7.0/toolchain/arm/arm-gnu-toolchain/bin/../lib/gcc/arm-none-eabi/4.9.3/../../../../arm-none-eabi/lib/armv7e-m\libc.a(lib_a-impure.o)
 .data._impure_ptr
                0x20000430        0x4 c:/program files (x86)/atmel/studio/7.0/toolchain/arm/arm-gnu-toolchain/bin/../lib/gcc/arm-none-eabi/4.9.3/../../../../arm-none-eabi/lib/armv7e-m\libc.a(lib_a-impure.o)
                0x20000430                _impure_ptr
 .data.__malloc_av_
                0x20000434      0x408 c:/program files (x86)/atmel/studio/7.0/toolchain/arm/arm-gnu-toolchain/bin/../lib/gcc/arm-none-eabi/4.9.3/../../../../arm-none-eabi/lib/armv7e-m\libc.a(lib_a-mallocr.o)
                0x20000434                __malloc_av_
 .data.__malloc_trim_threshold
                0x2000083c        0x4 c:/program files (x86)/atmel/studio/7.0/toolchain/arm/arm-gnu-toolchain/bin/../lib/gcc/arm-none-eabi/4.9.3/../../../../arm-none-eabi/lib/armv7e-m\libc.a(lib_a-mallocr.o)
                0x2000083c                __malloc_trim_threshold
 .data.__malloc_sbrk_base
                0x20000840        0x4 c:/program files (x86)/atmel/studio/7.0/toolchain/arm/arm-gnu-toolchain/bin/../lib/gcc/arm-none-eabi/4.9.3/../../../../arm-none-eabi/lib/armv7e-m\libc.a(lib_a-mallocr.o)
                0x20000840                __malloc_sbrk_base
 .data.lc_ctype_charset
                0x20000844       0x20 c:/program files (x86)/atmel/studio/7.0/toolchain/arm/arm-gnu-toolchain/bin/../lib/gcc/arm-none-eabi/4.9.3/../../../../arm-none-eabi/lib/armv7e-m\libc.a(lib_a-locale.o)
 .data.__mb_cur_max
                0x20000864        0x4 c:/program files (x86)/atmel/studio/7.0/toolchain/arm/arm-gnu-toolchain/bin/../lib/gcc/arm-none-eabi/4.9.3/../../../../arm-none-eabi/lib/armv7e-m\libc.a(lib_a-locale.o)
                0x20000864                __mb_cur_max
 .data.__wctomb
                0x20000868        0x4 c:/program files (x86)/atmel/studio/7.0/toolchain/arm/arm-gnu-toolchain/bin/../lib/gcc/arm-none-eabi/4.9.3/../../../../arm-none-eabi/lib/armv7e-m\libc.a(lib_a-wctomb_r.o)
                0x20000868                __wctomb
                0x2000086c                . = ALIGN (0x4)
                0x2000086c                _erelocate = .

.bss            0x2000086c      0x2f4 load address 0x004059d8
                0x2000086c                . = ALIGN (0x4)
                0x2000086c                _sbss = .
                0x2000086c                _szero = .
 *(.bss .bss.*)
 .bss           0x2000086c       0x1c c:/program files (x86)/atmel/studio/7.0/toolchain/arm/arm-gnu-toolchain/bin/../lib/gcc/arm-none-eabi/4.9.3/armv7e-m/crtbegin.o
 .bss.pio_capture_handler
                0x20000888        0x4 src/ASF/sam/drivers/pio/pio_handler.o
 .bss.gs_interrupt_sources
                0x2000088c       0x70 src/ASF/sam/drivers/pio/pio_handler.o
 .bss.heap.5212
                0x200008fc        0x4 src/ASF/sam/utils/syscalls/gcc/syscalls.o
 .bss.time_to_measure_touch
                0x20000900        0x1 src/qtouch_example.o
 .bss.old_position.8299
                0x20000901        0x1 src/qtouch_example.o
 .bss.current_time_ms_touch
                0x20000902        0x2 src/qtouch_example.o
 .bss           0x20000904        0x3 ../src/ASF/thirdparty/qtouch/generic/sam/qtouch/lib/gcc\libsam4s-32qt-k-8rs-gnu.a(burst_5_CC_AA.o)
 *fill*         0x20000907        0x1 
 .bss           0x20000908       0xa4 ../src/ASF/thirdparty/qtouch/generic/sam/qtouch/lib/gcc\libsam4s-32qt-k-8rs-gnu.a(touch_api.o)
                0x2000090c                burst_proc
                0x20000910                qt_config_data
                0x20000918                qt_filter_callback
                0x2000091c                lib_status_flags
                0x20000920                qt_measure_data
 .bss           0x200009ac      0x122 ../src/ASF/thirdparty/qtouch/generic/sam/qtouch/lib/gcc\libsam4s-32qt-k-8rs-gnu.a(touch_process.o)
                0x200009ac                sensors
                0x20000acc                dht_counter
                0x20000acd                num_sensors
 *fill*         0x20000ace        0x2 
 .bss           0x20000ad0       0x20 ../src/ASF/thirdparty/qtouch/generic/sam/qtouch/lib/gcc\libsam4s-32qt-k-8rs-gnu.a(touch_burst_qt.o)
                0x20000ad0                SNS_array
                0x20000ae0                SNSK_array
 .bss           0x20000af0       0x28 ../src/ASF/thirdparty/qtouch/generic/sam/qtouch/lib/gcc\libsam4s-32qt-k-8rs-gnu.a(touch_rs_qt.o)
                0x20000af0                num_rotors_sliders
 .bss.__malloc_max_total_mem
                0x20000b18        0x4 c:/program files (x86)/atmel/studio/7.0/toolchain/arm/arm-gnu-toolchain/bin/../lib/gcc/arm-none-eabi/4.9.3/../../../../arm-none-eabi/lib/armv7e-m\libc.a(lib_a-mallocr.o)
                0x20000b18                __malloc_max_total_mem
 .bss.__malloc_max_sbrked_mem
                0x20000b1c        0x4 c:/program files (x86)/atmel/studio/7.0/toolchain/arm/arm-gnu-toolchain/bin/../lib/gcc/arm-none-eabi/4.9.3/../../../../arm-none-eabi/lib/armv7e-m\libc.a(lib_a-mallocr.o)
                0x20000b1c                __malloc_max_sbrked_mem
 .bss.__malloc_top_pad
                0x20000b20        0x4 c:/program files (x86)/atmel/studio/7.0/toolchain/arm/arm-gnu-toolchain/bin/../lib/gcc/arm-none-eabi/4.9.3/../../../../arm-none-eabi/lib/armv7e-m\libc.a(lib_a-mallocr.o)
                0x20000b20                __malloc_top_pad
 .bss.__malloc_current_mallinfo
                0x20000b24       0x28 c:/program files (x86)/atmel/studio/7.0/toolchain/arm/arm-gnu-toolchain/bin/../lib/gcc/arm-none-eabi/4.9.3/../../../../arm-none-eabi/lib/armv7e-m\libc.a(lib_a-mallocr.o)
                0x20000b24                __malloc_current_mallinfo
 *(COMMON)
 COMMON         0x20000b4c        0x4 src/ASF/common/utils/stdio/read.o
                0x20000b4c                ptr_get
 COMMON         0x20000b50        0x8 src/ASF/common/utils/stdio/write.o
                0x20000b50                ptr_put
                0x20000b54                stdio_base
 COMMON         0x20000b58        0x4 src/ASF/sam/drivers/pio/pio.o
                0x20000b58                pio_capture_enable_flag
 COMMON         0x20000b5c        0x4 c:/program files (x86)/atmel/studio/7.0/toolchain/arm/arm-gnu-toolchain/bin/../lib/gcc/arm-none-eabi/4.9.3/../../../../arm-none-eabi/lib/armv7e-m\libc.a(lib_a-reent.o)
                0x20000b5c                errno
                0x20000b60                . = ALIGN (0x4)
                0x20000b60                _ebss = .
                0x20000b60                _ezero = .

.stack          0x20000b60     0x3000 load address 0x00405ccc
                0x20000b60                . = ALIGN (0x8)
                0x20000b60                _sstack = .
                0x20003b60                . = (. + __stack_size__)
 *fill*         0x20000b60     0x3000 
                0x20003b60                . = ALIGN (0x8)
                0x20003b60                _estack = .
                0x20003b60                . = ALIGN (0x4)
                0x20003b60                _end = .
OUTPUT(QTOUCH_EXAMPLE1.elf elf32-littlearm)

.ARM.attributes
                0x00000000       0x2a
 .ARM.attributes
                0x00000000       0x1e c:/program files (x86)/atmel/studio/7.0/toolchain/arm/arm-gnu-toolchain/bin/../lib/gcc/arm-none-eabi/4.9.3/armv7e-m/crti.o
 .ARM.attributes
                0x0000001e       0x2e c:/program files (x86)/atmel/studio/7.0/toolchain/arm/arm-gnu-toolchain/bin/../lib/gcc/arm-none-eabi/4.9.3/armv7e-m/crtbegin.o
 .ARM.attributes
                0x0000004c       0x33 src/ASF/common/services/clock/sam4s/sysclk.o
 .ARM.attributes
                0x0000007f       0x33 src/ASF/common/utils/stdio/read.o
 .ARM.attributes
                0x000000b2       0x33 src/ASF/common/utils/stdio/write.o
 .ARM.attributes
                0x000000e5       0x33 src/ASF/sam/drivers/pio/pio.o
 .ARM.attributes
                0x00000118       0x33 src/ASF/sam/drivers/pio/pio_handler.o
 .ARM.attributes
                0x0000014b       0x33 src/ASF/sam/drivers/pmc/pmc.o
 .ARM.attributes
                0x0000017e       0x33 src/ASF/sam/drivers/uart/uart.o
 .ARM.attributes
                0x000001b1       0x33 src/ASF/sam/drivers/usart/usart.o
 .ARM.attributes
                0x000001e4       0x33 src/ASF/sam/drivers/wdt/wdt.o
 .ARM.attributes
                0x00000217       0x33 src/ASF/sam/utils/cmsis/sam4s/source/templates/gcc/startup_sam4s.o
 .ARM.attributes
                0x0000024a       0x33 src/ASF/sam/utils/cmsis/sam4s/source/templates/system_sam4s.o
 .ARM.attributes
                0x0000027d       0x33 src/ASF/sam/utils/syscalls/gcc/syscalls.o
 .ARM.attributes
                0x000002b0       0x33 src/qtouch_example.o
 .ARM.attributes
                0x000002e3       0x31 ../src/ASF/thirdparty/qtouch/generic/sam/qtouch/lib/gcc\libsam4s-32qt-k-8rs-gnu.a(burst_5_CC_AA.o)
 .ARM.attributes
                0x00000314       0x31 ../src/ASF/thirdparty/qtouch/generic/sam/qtouch/lib/gcc\libsam4s-32qt-k-8rs-gnu.a(touch_api.o)
 .ARM.attributes
                0x00000345       0x31 ../src/ASF/thirdparty/qtouch/generic/sam/qtouch/lib/gcc\libsam4s-32qt-k-8rs-gnu.a(touch_process.o)
 .ARM.attributes
                0x00000376       0x31 ../src/ASF/thirdparty/qtouch/generic/sam/qtouch/lib/gcc\libsam4s-32qt-k-8rs-gnu.a(touch_burst_qt.o)
 .ARM.attributes
                0x000003a7       0x31 ../src/ASF/thirdparty/qtouch/generic/sam/qtouch/lib/gcc\libsam4s-32qt-k-8rs-gnu.a(calc_masks.o)
 .ARM.attributes
                0x000003d8       0x31 ../src/ASF/thirdparty/qtouch/generic/sam/qtouch/lib/gcc\libsam4s-32qt-k-8rs-gnu.a(touch_rs_qt.o)
 .ARM.attributes
                0x00000409       0x2e c:/program files (x86)/atmel/studio/7.0/toolchain/arm/arm-gnu-toolchain/bin/../lib/gcc/arm-none-eabi/4.9.3/../../../../arm-none-eabi/lib/armv7e-m\libc.a(lib_a-fflush.o)
 .ARM.attributes
                0x00000437       0x2e c:/program files (x86)/atmel/studio/7.0/toolchain/arm/arm-gnu-toolchain/bin/../lib/gcc/arm-none-eabi/4.9.3/../../../../arm-none-eabi/lib/armv7e-m\libc.a(lib_a-findfp.o)
 .ARM.attributes
                0x00000465       0x2e c:/program files (x86)/atmel/studio/7.0/toolchain/arm/arm-gnu-toolchain/bin/../lib/gcc/arm-none-eabi/4.9.3/../../../../arm-none-eabi/lib/armv7e-m\libc.a(lib_a-freer.o)
 .ARM.attributes
                0x00000493       0x2e c:/program files (x86)/atmel/studio/7.0/toolchain/arm/arm-gnu-toolchain/bin/../lib/gcc/arm-none-eabi/4.9.3/../../../../arm-none-eabi/lib/armv7e-m\libc.a(lib_a-fwalk.o)
 .ARM.attributes
                0x000004c1       0x2e c:/program files (x86)/atmel/studio/7.0/toolchain/arm/arm-gnu-toolchain/bin/../lib/gcc/arm-none-eabi/4.9.3/../../../../arm-none-eabi/lib/armv7e-m\libc.a(lib_a-impure.o)
 .ARM.attributes
                0x000004ef       0x2e c:/program files (x86)/atmel/studio/7.0/toolchain/arm/arm-gnu-toolchain/bin/../lib/gcc/arm-none-eabi/4.9.3/../../../../arm-none-eabi/lib/armv7e-m\libc.a(lib_a-init.o)
 .ARM.attributes
                0x0000051d       0x2e c:/program files (x86)/atmel/studio/7.0/toolchain/arm/arm-gnu-toolchain/bin/../lib/gcc/arm-none-eabi/4.9.3/../../../../arm-none-eabi/lib/armv7e-m\libc.a(lib_a-iprintf.o)
 .ARM.attributes
                0x0000054b       0x2e c:/program files (x86)/atmel/studio/7.0/toolchain/arm/arm-gnu-toolchain/bin/../lib/gcc/arm-none-eabi/4.9.3/../../../../arm-none-eabi/lib/armv7e-m\libc.a(lib_a-mallocr.o)
 .ARM.attributes
                0x00000579       0x2e c:/program files (x86)/atmel/studio/7.0/toolchain/arm/arm-gnu-toolchain/bin/../lib/gcc/arm-none-eabi/4.9.3/../../../../arm-none-eabi/lib/armv7e-m\libc.a(lib_a-memset.o)
 .ARM.attributes
                0x000005a7       0x2e c:/program files (x86)/atmel/studio/7.0/toolchain/arm/arm-gnu-toolchain/bin/../lib/gcc/arm-none-eabi/4.9.3/../../../../arm-none-eabi/lib/armv7e-m\libc.a(lib_a-mlock.o)
 .ARM.attributes
                0x000005d5       0x2e c:/program files (x86)/atmel/studio/7.0/toolchain/arm/arm-gnu-toolchain/bin/../lib/gcc/arm-none-eabi/4.9.3/../../../../arm-none-eabi/lib/armv7e-m\libc.a(lib_a-sbrkr.o)
 .ARM.attributes
                0x00000603       0x2e c:/program files (x86)/atmel/studio/7.0/toolchain/arm/arm-gnu-toolchain/bin/../lib/gcc/arm-none-eabi/4.9.3/../../../../arm-none-eabi/lib/armv7e-m\libc.a(lib_a-setbuf.o)
 .ARM.attributes
                0x00000631       0x2e c:/program files (x86)/atmel/studio/7.0/toolchain/arm/arm-gnu-toolchain/bin/../lib/gcc/arm-none-eabi/4.9.3/../../../../arm-none-eabi/lib/armv7e-m\libc.a(lib_a-setvbuf.o)
 .ARM.attributes
                0x0000065f       0x2e c:/program files (x86)/atmel/studio/7.0/toolchain/arm/arm-gnu-toolchain/bin/../lib/gcc/arm-none-eabi/4.9.3/../../../../arm-none-eabi/lib/armv7e-m\libc.a(lib_a-stdio.o)
 .ARM.attributes
                0x0000068d       0x2e c:/program files (x86)/atmel/studio/7.0/toolchain/arm/arm-gnu-toolchain/bin/../lib/gcc/arm-none-eabi/4.9.3/../../../../arm-none-eabi/lib/armv7e-m\libc.a(lib_a-vfiprintf.o)
 .ARM.attributes
                0x000006bb       0x2e c:/program files (x86)/atmel/studio/7.0/toolchain/arm/arm-gnu-toolchain/bin/../lib/gcc/arm-none-eabi/4.9.3/../../../../arm-none-eabi/lib/armv7e-m\libc.a(lib_a-writer.o)
 .ARM.attributes
                0x000006e9       0x2e c:/program files (x86)/atmel/studio/7.0/toolchain/arm/arm-gnu-toolchain/bin/../lib/gcc/arm-none-eabi/4.9.3/../../../../arm-none-eabi/lib/armv7e-m\libc.a(lib_a-wsetup.o)
 .ARM.attributes
                0x00000717       0x2e c:/program files (x86)/atmel/studio/7.0/toolchain/arm/arm-gnu-toolchain/bin/../lib/gcc/arm-none-eabi/4.9.3/../../../../arm-none-eabi/lib/armv7e-m\libc.a(lib_a-__call_atexit.o)
 .ARM.attributes
                0x00000745       0x2e c:/program files (x86)/atmel/studio/7.0/toolchain/arm/arm-gnu-toolchain/bin/../lib/gcc/arm-none-eabi/4.9.3/../../../../arm-none-eabi/lib/armv7e-m\libc.a(lib_a-atexit.o)
 .ARM.attributes
                0x00000773       0x2e c:/program files (x86)/atmel/studio/7.0/toolchain/arm/arm-gnu-toolchain/bin/../lib/gcc/arm-none-eabi/4.9.3/../../../../arm-none-eabi/lib/armv7e-m\libc.a(lib_a-closer.o)
 .ARM.attributes
                0x000007a1       0x2e c:/program files (x86)/atmel/studio/7.0/toolchain/arm/arm-gnu-toolchain/bin/../lib/gcc/arm-none-eabi/4.9.3/../../../../arm-none-eabi/lib/armv7e-m\libc.a(lib_a-fclose.o)
 .ARM.attributes
                0x000007cf       0x2e c:/program files (x86)/atmel/studio/7.0/toolchain/arm/arm-gnu-toolchain/bin/../lib/gcc/arm-none-eabi/4.9.3/../../../../arm-none-eabi/lib/armv7e-m\libc.a(lib_a-fini.o)
 .ARM.attributes
                0x000007fd       0x2e c:/program files (x86)/atmel/studio/7.0/toolchain/arm/arm-gnu-toolchain/bin/../lib/gcc/arm-none-eabi/4.9.3/../../../../arm-none-eabi/lib/armv7e-m\libc.a(lib_a-fputwc.o)
 .ARM.attributes
                0x0000082b       0x2e c:/program files (x86)/atmel/studio/7.0/toolchain/arm/arm-gnu-toolchain/bin/../lib/gcc/arm-none-eabi/4.9.3/../../../../arm-none-eabi/lib/armv7e-m\libc.a(lib_a-fvwrite.o)
 .ARM.attributes
                0x00000859       0x2e c:/program files (x86)/atmel/studio/7.0/toolchain/arm/arm-gnu-toolchain/bin/../lib/gcc/arm-none-eabi/4.9.3/../../../../arm-none-eabi/lib/armv7e-m\libc.a(lib_a-locale.o)
 .ARM.attributes
                0x00000887       0x2e c:/program files (x86)/atmel/studio/7.0/toolchain/arm/arm-gnu-toolchain/bin/../lib/gcc/arm-none-eabi/4.9.3/../../../../arm-none-eabi/lib/armv7e-m\libc.a(lib_a-lseekr.o)
 .ARM.attributes
                0x000008b5       0x2e c:/program files (x86)/atmel/studio/7.0/toolchain/arm/arm-gnu-toolchain/bin/../lib/gcc/arm-none-eabi/4.9.3/../../../../arm-none-eabi/lib/armv7e-m\libc.a(lib_a-makebuf.o)
 .ARM.attributes
                0x000008e3       0x2e c:/program files (x86)/atmel/studio/7.0/toolchain/arm/arm-gnu-toolchain/bin/../lib/gcc/arm-none-eabi/4.9.3/../../../../arm-none-eabi/lib/armv7e-m\libc.a(lib_a-malloc.o)
 .ARM.attributes
                0x00000911       0x2e c:/program files (x86)/atmel/studio/7.0/toolchain/arm/arm-gnu-toolchain/bin/../lib/gcc/arm-none-eabi/4.9.3/../../../../arm-none-eabi/lib/armv7e-m\libc.a(lib_a-memchr.o)
 .ARM.attributes
                0x0000093f       0x1c c:/program files (x86)/atmel/studio/7.0/toolchain/arm/arm-gnu-toolchain/bin/../lib/gcc/arm-none-eabi/4.9.3/../../../../arm-none-eabi/lib/armv7e-m\libc.a(lib_a-memcpy.o)
 .ARM.attributes
                0x0000095b       0x2e c:/program files (x86)/atmel/studio/7.0/toolchain/arm/arm-gnu-toolchain/bin/../lib/gcc/arm-none-eabi/4.9.3/../../../../arm-none-eabi/lib/armv7e-m\libc.a(lib_a-memmove.o)
 .ARM.attributes
                0x00000989       0x2e c:/program files (x86)/atmel/studio/7.0/toolchain/arm/arm-gnu-toolchain/bin/../lib/gcc/arm-none-eabi/4.9.3/../../../../arm-none-eabi/lib/armv7e-m\libc.a(lib_a-readr.o)
 .ARM.attributes
                0x000009b7       0x2e c:/program files (x86)/atmel/studio/7.0/toolchain/arm/arm-gnu-toolchain/bin/../lib/gcc/arm-none-eabi/4.9.3/../../../../arm-none-eabi/lib/armv7e-m\libc.a(lib_a-reallocr.o)
 .ARM.attributes
                0x000009e5       0x2e c:/program files (x86)/atmel/studio/7.0/toolchain/arm/arm-gnu-toolchain/bin/../lib/gcc/arm-none-eabi/4.9.3/../../../../arm-none-eabi/lib/armv7e-m\libc.a(lib_a-reent.o)
 .ARM.attributes
                0x00000a13       0x2e c:/program files (x86)/atmel/studio/7.0/toolchain/arm/arm-gnu-toolchain/bin/../lib/gcc/arm-none-eabi/4.9.3/../../../../arm-none-eabi/lib/armv7e-m\libc.a(lib_a-strlen.o)
 .ARM.attributes
                0x00000a41       0x2e c:/program files (x86)/atmel/studio/7.0/toolchain/arm/arm-gnu-toolchain/bin/../lib/gcc/arm-none-eabi/4.9.3/../../../../arm-none-eabi/lib/armv7e-m\libc.a(lib_a-wbuf.o)
 .ARM.attributes
                0x00000a6f       0x2e c:/program files (x86)/atmel/studio/7.0/toolchain/arm/arm-gnu-toolchain/bin/../lib/gcc/arm-none-eabi/4.9.3/../../../../arm-none-eabi/lib/armv7e-m\libc.a(lib_a-wcrtomb.o)
 .ARM.attributes
                0x00000a9d       0x2e c:/program files (x86)/atmel/studio/7.0/toolchain/arm/arm-gnu-toolchain/bin/../lib/gcc/arm-none-eabi/4.9.3/../../../../arm-none-eabi/lib/armv7e-m\libc.a(lib_a-wctomb_r.o)
 .ARM.attributes
                0x00000acb       0x2e c:/program files (x86)/atmel/studio/7.0/toolchain/arm/arm-gnu-toolchain/bin/../lib/gcc/arm-none-eabi/4.9.3/../../../../arm-none-eabi/lib/armv7e-m\libc.a(lib_a-__atexit.o)
 .ARM.attributes
                0x00000af9       0x2e c:/program files (x86)/atmel/studio/7.0/toolchain/arm/arm-gnu-toolchain/bin/../lib/gcc/arm-none-eabi/4.9.3/../../../../arm-none-eabi/lib/armv7e-m\libc.a(lib_a-fstatr.o)
 .ARM.attributes
                0x00000b27       0x2e c:/program files (x86)/atmel/studio/7.0/toolchain/arm/arm-gnu-toolchain/bin/../lib/gcc/arm-none-eabi/4.9.3/../../../../arm-none-eabi/lib/armv7e-m\libc.a(lib_a-isattyr.o)
 .ARM.attributes
                0x00000b55       0x1e c:/program files (x86)/atmel/studio/7.0/toolchain/arm/arm-gnu-toolchain/bin/../lib/gcc/arm-none-eabi/4.9.3/armv7e-m\libgcc.a(_aeabi_uldivmod.o)
 .ARM.attributes
                0x00000b73       0x2e c:/program files (x86)/atmel/studio/7.0/toolchain/arm/arm-gnu-toolchain/bin/../lib/gcc/arm-none-eabi/4.9.3/armv7e-m\libgcc.a(bpabi.o)
 .ARM.attributes
                0x00000ba1       0x1e c:/program files (x86)/atmel/studio/7.0/toolchain/arm/arm-gnu-toolchain/bin/../lib/gcc/arm-none-eabi/4.9.3/armv7e-m\libgcc.a(_dvmd_tls.o)
 .ARM.attributes
                0x00000bbf       0x2e c:/program files (x86)/atmel/studio/7.0/toolchain/arm/arm-gnu-toolchain/bin/../lib/gcc/arm-none-eabi/4.9.3/armv7e-m\libgcc.a(_divdi3.o)
 .ARM.attributes
                0x00000bed       0x2e c:/program files (x86)/atmel/studio/7.0/toolchain/arm/arm-gnu-toolchain/bin/../lib/gcc/arm-none-eabi/4.9.3/armv7e-m\libgcc.a(_udivdi3.o)
 .ARM.attributes
                0x00000c1b       0x1e c:/program files (x86)/atmel/studio/7.0/toolchain/arm/arm-gnu-toolchain/bin/../lib/gcc/arm-none-eabi/4.9.3/armv7e-m/crtn.o

.comment        0x00000000       0x85
 .comment       0x00000000       0x5b src/ASF/common/services/clock/sam4s/sysclk.o
                                 0x5c (size before relaxing)
 .comment       0x00000000       0x5c src/ASF/common/utils/stdio/read.o
 .comment       0x00000000       0x5c src/ASF/common/utils/stdio/write.o
 .comment       0x00000000       0x5c src/ASF/sam/drivers/pio/pio.o
 .comment       0x00000000       0x5c src/ASF/sam/drivers/pio/pio_handler.o
 .comment       0x00000000       0x5c src/ASF/sam/drivers/pmc/pmc.o
 .comment       0x00000000       0x5c src/ASF/sam/drivers/uart/uart.o
 .comment       0x00000000       0x5c src/ASF/sam/drivers/usart/usart.o
 .comment       0x00000000       0x5c src/ASF/sam/drivers/wdt/wdt.o
 .comment       0x00000000       0x5c src/ASF/sam/utils/cmsis/sam4s/source/templates/gcc/startup_sam4s.o
 .comment       0x00000000       0x5c src/ASF/sam/utils/cmsis/sam4s/source/templates/system_sam4s.o
 .comment       0x00000000       0x5c src/ASF/sam/utils/syscalls/gcc/syscalls.o
 .comment       0x00000000       0x5c src/qtouch_example.o
 .comment       0x0000005b       0x2a ../src/ASF/thirdparty/qtouch/generic/sam/qtouch/lib/gcc\libsam4s-32qt-k-8rs-gnu.a(burst_5_CC_AA.o)
                                 0x2b (size before relaxing)
 .comment       0x00000000       0x2b ../src/ASF/thirdparty/qtouch/generic/sam/qtouch/lib/gcc\libsam4s-32qt-k-8rs-gnu.a(touch_api.o)
 .comment       0x00000000       0x2b ../src/ASF/thirdparty/qtouch/generic/sam/qtouch/lib/gcc\libsam4s-32qt-k-8rs-gnu.a(touch_process.o)
 .comment       0x00000000       0x2b ../src/ASF/thirdparty/qtouch/generic/sam/qtouch/lib/gcc\libsam4s-32qt-k-8rs-gnu.a(touch_burst_qt.o)
 .comment       0x00000000       0x2b ../src/ASF/thirdparty/qtouch/generic/sam/qtouch/lib/gcc\libsam4s-32qt-k-8rs-gnu.a(calc_masks.o)
 .comment       0x00000000       0x2b ../src/ASF/thirdparty/qtouch/generic/sam/qtouch/lib/gcc\libsam4s-32qt-k-8rs-gnu.a(touch_rs_qt.o)

.debug_info     0x00000000     0x9ad8
 .debug_info    0x00000000      0x736 src/ASF/common/services/clock/sam4s/sysclk.o
 .debug_info    0x00000736      0x1be src/ASF/common/utils/stdio/read.o
 .debug_info    0x000008f4      0x1c0 src/ASF/common/utils/stdio/write.o
 .debug_info    0x00000ab4     0x1951 src/ASF/sam/drivers/pio/pio.o
 .debug_info    0x00002405      0xf77 src/ASF/sam/drivers/pio/pio_handler.o
 .debug_info    0x0000337c     0x10d2 src/ASF/sam/drivers/pmc/pmc.o
 .debug_info    0x0000444e      0x863 src/ASF/sam/drivers/uart/uart.o
 .debug_info    0x00004cb1     0x1775 src/ASF/sam/drivers/usart/usart.o
 .debug_info    0x00006426      0x2d6 src/ASF/sam/drivers/wdt/wdt.o
 .debug_info    0x000066fc      0x68d src/ASF/sam/utils/cmsis/sam4s/source/templates/gcc/startup_sam4s.o
 .debug_info    0x00006d89      0x469 src/ASF/sam/utils/cmsis/sam4s/source/templates/system_sam4s.o
 .debug_info    0x000071f2      0x43f src/ASF/sam/utils/syscalls/gcc/syscalls.o
 .debug_info    0x00007631     0x24a7 src/qtouch_example.o

.debug_abbrev   0x00000000     0x19f9
 .debug_abbrev  0x00000000      0x221 src/ASF/common/services/clock/sam4s/sysclk.o
 .debug_abbrev  0x00000221      0x101 src/ASF/common/utils/stdio/read.o
 .debug_abbrev  0x00000322       0xf5 src/ASF/common/utils/stdio/write.o
 .debug_abbrev  0x00000417      0x30b src/ASF/sam/drivers/pio/pio.o
 .debug_abbrev  0x00000722      0x280 src/ASF/sam/drivers/pio/pio_handler.o
 .debug_abbrev  0x000009a2      0x277 src/ASF/sam/drivers/pmc/pmc.o
 .debug_abbrev  0x00000c19      0x1bd src/ASF/sam/drivers/uart/uart.o
 .debug_abbrev  0x00000dd6      0x318 src/ASF/sam/drivers/usart/usart.o
 .debug_abbrev  0x000010ee      0x12a src/ASF/sam/drivers/wdt/wdt.o
 .debug_abbrev  0x00001218      0x168 src/ASF/sam/utils/cmsis/sam4s/source/templates/gcc/startup_sam4s.o
 .debug_abbrev  0x00001380       0xf5 src/ASF/sam/utils/cmsis/sam4s/source/templates/system_sam4s.o
 .debug_abbrev  0x00001475      0x14e src/ASF/sam/utils/syscalls/gcc/syscalls.o
 .debug_abbrev  0x000015c3      0x436 src/qtouch_example.o

.debug_loc      0x00000000     0x3e13
 .debug_loc     0x00000000       0xed src/ASF/common/services/clock/sam4s/sysclk.o
 .debug_loc     0x000000ed      0x107 src/ASF/common/utils/stdio/read.o
 .debug_loc     0x000001f4      0x15d src/ASF/common/utils/stdio/write.o
 .debug_loc     0x00000351      0xdd7 src/ASF/sam/drivers/pio/pio.o
 .debug_loc     0x00001128      0x553 src/ASF/sam/drivers/pio/pio_handler.o
 .debug_loc     0x0000167b      0xd88 src/ASF/sam/drivers/pmc/pmc.o
 .debug_loc     0x00002403      0x277 src/ASF/sam/drivers/uart/uart.o
 .debug_loc     0x0000267a      0xf46 src/ASF/sam/drivers/usart/usart.o
 .debug_loc     0x000035c0      0x166 src/ASF/sam/drivers/wdt/wdt.o
 .debug_loc     0x00003726       0xc6 src/ASF/sam/utils/cmsis/sam4s/source/templates/gcc/startup_sam4s.o
 .debug_loc     0x000037ec      0x12b src/ASF/sam/utils/syscalls/gcc/syscalls.o
 .debug_loc     0x00003917      0x4fc src/qtouch_example.o

.debug_aranges  0x00000000      0x8a8
 .debug_aranges
                0x00000000       0x30 src/ASF/common/services/clock/sam4s/sysclk.o
 .debug_aranges
                0x00000030       0x20 src/ASF/common/utils/stdio/read.o
 .debug_aranges
                0x00000050       0x20 src/ASF/common/utils/stdio/write.o
 .debug_aranges
                0x00000070      0x1a8 src/ASF/sam/drivers/pio/pio.o
 .debug_aranges
                0x00000218       0x58 src/ASF/sam/drivers/pio/pio_handler.o
 .debug_aranges
                0x00000270      0x208 src/ASF/sam/drivers/pmc/pmc.o
 .debug_aranges
                0x00000478       0xe8 src/ASF/sam/drivers/uart/uart.o
 .debug_aranges
                0x00000560      0x210 src/ASF/sam/drivers/usart/usart.o
 .debug_aranges
                0x00000770       0x48 src/ASF/sam/drivers/wdt/wdt.o
 .debug_aranges
                0x000007b8       0x28 src/ASF/sam/utils/cmsis/sam4s/source/templates/gcc/startup_sam4s.o
 .debug_aranges
                0x000007e0       0x30 src/ASF/sam/utils/cmsis/sam4s/source/templates/system_sam4s.o
 .debug_aranges
                0x00000810       0x60 src/ASF/sam/utils/syscalls/gcc/syscalls.o
 .debug_aranges
                0x00000870       0x38 src/qtouch_example.o

.debug_ranges   0x00000000      0x7f0
 .debug_ranges  0x00000000       0x20 src/ASF/common/services/clock/sam4s/sysclk.o
 .debug_ranges  0x00000020       0x10 src/ASF/common/utils/stdio/read.o
 .debug_ranges  0x00000030       0x10 src/ASF/common/utils/stdio/write.o
 .debug_ranges  0x00000040      0x198 src/ASF/sam/drivers/pio/pio.o
 .debug_ranges  0x000001d8       0x48 src/ASF/sam/drivers/pio/pio_handler.o
 .debug_ranges  0x00000220      0x1f8 src/ASF/sam/drivers/pmc/pmc.o
 .debug_ranges  0x00000418       0xd8 src/ASF/sam/drivers/uart/uart.o
 .debug_ranges  0x000004f0      0x200 src/ASF/sam/drivers/usart/usart.o
 .debug_ranges  0x000006f0       0x38 src/ASF/sam/drivers/wdt/wdt.o
 .debug_ranges  0x00000728       0x18 src/ASF/sam/utils/cmsis/sam4s/source/templates/gcc/startup_sam4s.o
 .debug_ranges  0x00000740       0x20 src/ASF/sam/utils/cmsis/sam4s/source/templates/system_sam4s.o
 .debug_ranges  0x00000760       0x50 src/ASF/sam/utils/syscalls/gcc/syscalls.o
 .debug_ranges  0x000007b0       0x40 src/qtouch_example.o

.debug_macro    0x00000000    0x12969
 .debug_macro   0x00000000      0x522 src/ASF/common/services/clock/sam4s/sysclk.o
 .debug_macro   0x00000522      0x8da src/ASF/common/services/clock/sam4s/sysclk.o
 .debug_macro   0x00000dfc      0x636 src/ASF/common/services/clock/sam4s/sysclk.o
 .debug_macro   0x00001432       0x28 src/ASF/common/services/clock/sam4s/sysclk.o
 .debug_macro   0x0000145a      0x166 src/ASF/common/services/clock/sam4s/sysclk.o
 .debug_macro   0x000015c0       0x76 src/ASF/common/services/clock/sam4s/sysclk.o
 .debug_macro   0x00001636       0x16 src/ASF/common/services/clock/sam4s/sysclk.o
 .debug_macro   0x0000164c      0x6e4 src/ASF/common/services/clock/sam4s/sysclk.o
 .debug_macro   0x00001d30       0x22 src/ASF/common/services/clock/sam4s/sysclk.o
 .debug_macro   0x00001d52       0x44 src/ASF/common/services/clock/sam4s/sysclk.o
 .debug_macro   0x00001d96       0x58 src/ASF/common/services/clock/sam4s/sysclk.o
 .debug_macro   0x00001dee       0x22 src/ASF/common/services/clock/sam4s/sysclk.o
 .debug_macro   0x00001e10      0x1df src/ASF/common/services/clock/sam4s/sysclk.o
 .debug_macro   0x00001fef       0x27 src/ASF/common/services/clock/sam4s/sysclk.o
 .debug_macro   0x00002016       0x3b src/ASF/common/services/clock/sam4s/sysclk.o
 .debug_macro   0x00002051       0x2d src/ASF/common/services/clock/sam4s/sysclk.o
 .debug_macro   0x0000207e       0x26 src/ASF/common/services/clock/sam4s/sysclk.o
 .debug_macro   0x000020a4      0xbbf src/ASF/common/services/clock/sam4s/sysclk.o
 .debug_macro   0x00002c63      0x159 src/ASF/common/services/clock/sam4s/sysclk.o
 .debug_macro   0x00002dbc      0xaaf src/ASF/common/services/clock/sam4s/sysclk.o
 .debug_macro   0x0000386b      0x284 src/ASF/common/services/clock/sam4s/sysclk.o
 .debug_macro   0x00003aef      0x11e src/ASF/common/services/clock/sam4s/sysclk.o
 .debug_macro   0x00003c0d       0xac src/ASF/common/services/clock/sam4s/sysclk.o
 .debug_macro   0x00003cb9      0x401 src/ASF/common/services/clock/sam4s/sysclk.o
 .debug_macro   0x000040ba      0x106 src/ASF/common/services/clock/sam4s/sysclk.o
 .debug_macro   0x000041c0       0x1c src/ASF/common/services/clock/sam4s/sysclk.o
 .debug_macro   0x000041dc      0x738 src/ASF/common/services/clock/sam4s/sysclk.o
 .debug_macro   0x00004914      0x2d2 src/ASF/common/services/clock/sam4s/sysclk.o
 .debug_macro   0x00004be6       0xbe src/ASF/common/services/clock/sam4s/sysclk.o
 .debug_macro   0x00004ca4     0x280b src/ASF/common/services/clock/sam4s/sysclk.o
 .debug_macro   0x000074af      0x777 src/ASF/common/services/clock/sam4s/sysclk.o
 .debug_macro   0x00007c26      0xa8e src/ASF/common/services/clock/sam4s/sysclk.o
 .debug_macro   0x000086b4       0x9a src/ASF/common/services/clock/sam4s/sysclk.o
 .debug_macro   0x0000874e      0x3d8 src/ASF/common/services/clock/sam4s/sysclk.o
 .debug_macro   0x00008b26       0x64 src/ASF/common/services/clock/sam4s/sysclk.o
 .debug_macro   0x00008b8a      0x1ae src/ASF/common/services/clock/sam4s/sysclk.o
 .debug_macro   0x00008d38      0x386 src/ASF/common/services/clock/sam4s/sysclk.o
 .debug_macro   0x000090be      0x624 src/ASF/common/services/clock/sam4s/sysclk.o
 .debug_macro   0x000096e2      0x690 src/ASF/common/services/clock/sam4s/sysclk.o
 .debug_macro   0x00009d72      0x59f src/ASF/common/services/clock/sam4s/sysclk.o
 .debug_macro   0x0000a311      0x34d src/ASF/common/services/clock/sam4s/sysclk.o
 .debug_macro   0x0000a65e      0x28c src/ASF/common/services/clock/sam4s/sysclk.o
 .debug_macro   0x0000a8ea      0x2d6 src/ASF/common/services/clock/sam4s/sysclk.o
 .debug_macro   0x0000abc0      0x6d9 src/ASF/common/services/clock/sam4s/sysclk.o
 .debug_macro   0x0000b299       0x76 src/ASF/common/services/clock/sam4s/sysclk.o
 .debug_macro   0x0000b30f       0xb8 src/ASF/common/services/clock/sam4s/sysclk.o
 .debug_macro   0x0000b3c7       0xb2 src/ASF/common/services/clock/sam4s/sysclk.o
 .debug_macro   0x0000b479       0x88 src/ASF/common/services/clock/sam4s/sysclk.o
 .debug_macro   0x0000b501      0x105 src/ASF/common/services/clock/sam4s/sysclk.o
 .debug_macro   0x0000b606      0x105 src/ASF/common/services/clock/sam4s/sysclk.o
 .debug_macro   0x0000b70b       0x88 src/ASF/common/services/clock/sam4s/sysclk.o
 .debug_macro   0x0000b793       0x88 src/ASF/common/services/clock/sam4s/sysclk.o
 .debug_macro   0x0000b81b      0x2cd src/ASF/common/services/clock/sam4s/sysclk.o
 .debug_macro   0x0000bae8       0xb2 src/ASF/common/services/clock/sam4s/sysclk.o
 .debug_macro   0x0000bb9a       0xb2 src/ASF/common/services/clock/sam4s/sysclk.o
 .debug_macro   0x0000bc4c       0x52 src/ASF/common/services/clock/sam4s/sysclk.o
 .debug_macro   0x0000bc9e       0xac src/ASF/common/services/clock/sam4s/sysclk.o
 .debug_macro   0x0000bd4a       0x7c src/ASF/common/services/clock/sam4s/sysclk.o
 .debug_macro   0x0000bdc6       0x40 src/ASF/common/services/clock/sam4s/sysclk.o
 .debug_macro   0x0000be06       0x64 src/ASF/common/services/clock/sam4s/sysclk.o
 .debug_macro   0x0000be6a       0x46 src/ASF/common/services/clock/sam4s/sysclk.o
 .debug_macro   0x0000beb0       0x88 src/ASF/common/services/clock/sam4s/sysclk.o
 .debug_macro   0x0000bf38       0x4c src/ASF/common/services/clock/sam4s/sysclk.o
 .debug_macro   0x0000bf84       0xa6 src/ASF/common/services/clock/sam4s/sysclk.o
 .debug_macro   0x0000c02a       0x7c src/ASF/common/services/clock/sam4s/sysclk.o
 .debug_macro   0x0000c0a6       0x16 src/ASF/common/services/clock/sam4s/sysclk.o
 .debug_macro   0x0000c0bc       0x7c src/ASF/common/services/clock/sam4s/sysclk.o
 .debug_macro   0x0000c138       0x22 src/ASF/common/services/clock/sam4s/sysclk.o
 .debug_macro   0x0000c15a       0x22 src/ASF/common/services/clock/sam4s/sysclk.o
 .debug_macro   0x0000c17c      0x195 src/ASF/common/services/clock/sam4s/sysclk.o
 .debug_macro   0x0000c311      0x165 src/ASF/common/services/clock/sam4s/sysclk.o
 .debug_macro   0x0000c476      0x165 src/ASF/common/services/clock/sam4s/sysclk.o
 .debug_macro   0x0000c5db       0x1c src/ASF/common/services/clock/sam4s/sysclk.o
 .debug_macro   0x0000c5f7       0x2e src/ASF/common/services/clock/sam4s/sysclk.o
 .debug_macro   0x0000c625       0x22 src/ASF/common/services/clock/sam4s/sysclk.o
 .debug_macro   0x0000c647       0x1c src/ASF/common/services/clock/sam4s/sysclk.o
 .debug_macro   0x0000c663       0x52 src/ASF/common/services/clock/sam4s/sysclk.o
 .debug_macro   0x0000c6b5       0x10 src/ASF/common/services/clock/sam4s/sysclk.o
 .debug_macro   0x0000c6c5      0x234 src/ASF/common/services/clock/sam4s/sysclk.o
 .debug_macro   0x0000c8f9      0x938 src/ASF/common/services/clock/sam4s/sysclk.o
 .debug_macro   0x0000d231      0x12a src/ASF/common/services/clock/sam4s/sysclk.o
 .debug_macro   0x0000d35b       0x58 src/ASF/common/services/clock/sam4s/sysclk.o
 .debug_macro   0x0000d3b3       0x35 src/ASF/common/services/clock/sam4s/sysclk.o
 .debug_macro   0x0000d3e8       0x9c src/ASF/common/services/clock/sam4s/sysclk.o
 .debug_macro   0x0000d484       0x16 src/ASF/common/services/clock/sam4s/sysclk.o
 .debug_macro   0x0000d49a       0x35 src/ASF/common/services/clock/sam4s/sysclk.o
 .debug_macro   0x0000d4cf      0x29d src/ASF/common/services/clock/sam4s/sysclk.o
 .debug_macro   0x0000d76c       0x10 src/ASF/common/services/clock/sam4s/sysclk.o
 .debug_macro   0x0000d77c       0x52 src/ASF/common/services/clock/sam4s/sysclk.o
 .debug_macro   0x0000d7ce       0x16 src/ASF/common/services/clock/sam4s/sysclk.o
 .debug_macro   0x0000d7e4       0x43 src/ASF/common/services/clock/sam4s/sysclk.o
 .debug_macro   0x0000d827      0x180 src/ASF/common/services/clock/sam4s/sysclk.o
 .debug_macro   0x0000d9a7       0x10 src/ASF/common/services/clock/sam4s/sysclk.o
 .debug_macro   0x0000d9b7       0x22 src/ASF/common/services/clock/sam4s/sysclk.o
 .debug_macro   0x0000d9d9       0xbe src/ASF/common/services/clock/sam4s/sysclk.o
 .debug_macro   0x0000da97       0x16 src/ASF/common/services/clock/sam4s/sysclk.o
 .debug_macro   0x0000daad      0x197 src/ASF/common/services/clock/sam4s/sysclk.o
 .debug_macro   0x0000dc44       0x22 src/ASF/common/services/clock/sam4s/sysclk.o
 .debug_macro   0x0000dc66       0x16 src/ASF/common/services/clock/sam4s/sysclk.o
 .debug_macro   0x0000dc7c       0x16 src/ASF/common/services/clock/sam4s/sysclk.o
 .debug_macro   0x0000dc92       0x29 src/ASF/common/services/clock/sam4s/sysclk.o
 .debug_macro   0x0000dcbb       0x6e src/ASF/common/services/clock/sam4s/sysclk.o
 .debug_macro   0x0000dd29       0x3f src/ASF/common/services/clock/sam4s/sysclk.o
 .debug_macro   0x0000dd68      0x3ca src/ASF/common/services/clock/sam4s/sysclk.o
 .debug_macro   0x0000e132      0x288 src/ASF/common/services/clock/sam4s/sysclk.o
 .debug_macro   0x0000e3ba      0xa49 src/ASF/common/services/clock/sam4s/sysclk.o
 .debug_macro   0x0000ee03       0x58 src/ASF/common/services/clock/sam4s/sysclk.o
 .debug_macro   0x0000ee5b       0x64 src/ASF/common/services/clock/sam4s/sysclk.o
 .debug_macro   0x0000eebf       0x46 src/ASF/common/services/clock/sam4s/sysclk.o
 .debug_macro   0x0000ef05       0x90 src/ASF/common/services/clock/sam4s/sysclk.o
 .debug_macro   0x0000ef95      0x4a8 src/ASF/common/utils/stdio/read.o
 .debug_macro   0x0000f43d      0x4a8 src/ASF/common/utils/stdio/write.o
 .debug_macro   0x0000f8e5      0x4bd src/ASF/sam/drivers/pio/pio.o
 .debug_macro   0x0000fda2       0x8e src/ASF/sam/drivers/pio/pio.o
 .debug_macro   0x0000fe30      0x4c7 src/ASF/sam/drivers/pio/pio_handler.o
 .debug_macro   0x000102f7      0x4bd src/ASF/sam/drivers/pmc/pmc.o
 .debug_macro   0x000107b4       0x52 src/ASF/sam/drivers/pmc/pmc.o
 .debug_macro   0x00010806      0x4b7 src/ASF/sam/drivers/uart/uart.o
 .debug_macro   0x00010cbd       0x16 src/ASF/sam/drivers/uart/uart.o
 .debug_macro   0x00010cd3      0x4ed src/ASF/sam/drivers/usart/usart.o
 .debug_macro   0x000111c0       0x28 src/ASF/sam/drivers/usart/usart.o
 .debug_macro   0x000111e8      0x4ca src/ASF/sam/drivers/wdt/wdt.o
 .debug_macro   0x000116b2      0x316 src/ASF/sam/utils/cmsis/sam4s/source/templates/gcc/startup_sam4s.o
 .debug_macro   0x000119c8      0x31e src/ASF/sam/utils/cmsis/sam4s/source/templates/system_sam4s.o
 .debug_macro   0x00011ce6      0x169 src/ASF/sam/utils/syscalls/gcc/syscalls.o
 .debug_macro   0x00011e4f       0x4a src/ASF/sam/utils/syscalls/gcc/syscalls.o
 .debug_macro   0x00011e99       0x97 src/ASF/sam/utils/syscalls/gcc/syscalls.o
 .debug_macro   0x00011f30       0xef src/ASF/sam/utils/syscalls/gcc/syscalls.o
 .debug_macro   0x0001201f       0x52 src/ASF/sam/utils/syscalls/gcc/syscalls.o
 .debug_macro   0x00012071       0x16 src/ASF/sam/utils/syscalls/gcc/syscalls.o
 .debug_macro   0x00012087       0x10 src/ASF/sam/utils/syscalls/gcc/syscalls.o
 .debug_macro   0x00012097       0x10 src/ASF/sam/utils/syscalls/gcc/syscalls.o
 .debug_macro   0x000120a7       0x10 src/ASF/sam/utils/syscalls/gcc/syscalls.o
 .debug_macro   0x000120b7       0x35 src/ASF/sam/utils/syscalls/gcc/syscalls.o
 .debug_macro   0x000120ec      0x122 src/ASF/sam/utils/syscalls/gcc/syscalls.o
 .debug_macro   0x0001220e      0x630 src/qtouch_example.o
 .debug_macro   0x0001283e       0x2d src/qtouch_example.o
 .debug_macro   0x0001286b       0x1c src/qtouch_example.o
 .debug_macro   0x00012887       0x10 src/qtouch_example.o
 .debug_macro   0x00012897       0x6a src/qtouch_example.o
 .debug_macro   0x00012901       0x10 src/qtouch_example.o
 .debug_macro   0x00012911       0x58 src/qtouch_example.o

.debug_line     0x00000000     0x932d
 .debug_line    0x00000000      0xb5d src/ASF/common/services/clock/sam4s/sysclk.o
 .debug_line    0x00000b5d      0xa32 src/ASF/common/utils/stdio/read.o
 .debug_line    0x0000158f      0xa28 src/ASF/common/utils/stdio/write.o
 .debug_line    0x00001fb7      0xeb9 src/ASF/sam/drivers/pio/pio.o
 .debug_line    0x00002e70      0xade src/ASF/sam/drivers/pio/pio_handler.o
 .debug_line    0x0000394e      0xfe5 src/ASF/sam/drivers/pmc/pmc.o
 .debug_line    0x00004933      0xbe0 src/ASF/sam/drivers/uart/uart.o
 .debug_line    0x00005513      0xf9e src/ASF/sam/drivers/usart/usart.o
 .debug_line    0x000064b1      0xa7d src/ASF/sam/drivers/wdt/wdt.o
 .debug_line    0x00006f2e      0x87d src/ASF/sam/utils/cmsis/sam4s/source/templates/gcc/startup_sam4s.o
 .debug_line    0x000077ab      0x897 src/ASF/sam/utils/cmsis/sam4s/source/templates/system_sam4s.o
 .debug_line    0x00008042      0x399 src/ASF/sam/utils/syscalls/gcc/syscalls.o
 .debug_line    0x000083db      0xf52 src/qtouch_example.o

.debug_str      0x00000000    0x537b9
 .debug_str     0x00000000    0x4e590 src/ASF/common/services/clock/sam4s/sysclk.o
                              0x4e90e (size before relaxing)
 .debug_str     0x0004e590       0x3f src/ASF/common/utils/stdio/read.o
                              0x49cab (size before relaxing)
 .debug_str     0x0004e5cf       0x2e src/ASF/common/utils/stdio/write.o
                              0x49cad (size before relaxing)
 .debug_str     0x0004e5fd      0xbbd src/ASF/sam/drivers/pio/pio.o
                              0x4a8c0 (size before relaxing)
 .debug_str     0x0004f1ba      0x40b src/ASF/sam/drivers/pio/pio_handler.o
                              0x4a73b (size before relaxing)
 .debug_str     0x0004f5c5      0x6df src/ASF/sam/drivers/pmc/pmc.o
                              0x4a70f (size before relaxing)
 .debug_str     0x0004fca4      0x34a src/ASF/sam/drivers/uart/uart.o
                              0x4a05f (size before relaxing)
 .debug_str     0x0004ffee      0x958 src/ASF/sam/drivers/usart/usart.o
                              0x4a6a5 (size before relaxing)
 .debug_str     0x00050946      0x12a src/ASF/sam/drivers/wdt/wdt.o
                              0x49da7 (size before relaxing)
 .debug_str     0x00050a70      0x40e src/ASF/sam/utils/cmsis/sam4s/source/templates/gcc/startup_sam4s.o
                              0x3b51b (size before relaxing)
 .debug_str     0x00050e7e       0xf1 src/ASF/sam/utils/cmsis/sam4s/source/templates/system_sam4s.o
                              0x3b2e4 (size before relaxing)
 .debug_str     0x00050f6f      0x852 src/ASF/sam/utils/syscalls/gcc/syscalls.o
                               0x61af (size before relaxing)
 .debug_str     0x000517c1     0x1ff8 src/qtouch_example.o
                              0x5149b (size before relaxing)

.debug_frame    0x00000000     0x1f14
 .debug_frame   0x00000000       0x58 src/ASF/common/services/clock/sam4s/sysclk.o
 .debug_frame   0x00000058       0x38 src/ASF/common/utils/stdio/read.o
 .debug_frame   0x00000090       0x48 src/ASF/common/utils/stdio/write.o
 .debug_frame   0x000000d8      0x38c src/ASF/sam/drivers/pio/pio.o
 .debug_frame   0x00000464       0xf4 src/ASF/sam/drivers/pio/pio_handler.o
 .debug_frame   0x00000558      0x46c src/ASF/sam/drivers/pmc/pmc.o
 .debug_frame   0x000009c4      0x1bc src/ASF/sam/drivers/uart/uart.o
 .debug_frame   0x00000b80      0x48c src/ASF/sam/drivers/usart/usart.o
 .debug_frame   0x0000100c       0x7c src/ASF/sam/drivers/wdt/wdt.o
 .debug_frame   0x00001088       0x38 src/ASF/sam/utils/cmsis/sam4s/source/templates/gcc/startup_sam4s.o
 .debug_frame   0x000010c0       0x40 src/ASF/sam/utils/cmsis/sam4s/source/templates/system_sam4s.o
 .debug_frame   0x00001100       0xa8 src/ASF/sam/utils/syscalls/gcc/syscalls.o
 .debug_frame   0x000011a8       0x88 src/qtouch_example.o
 .debug_frame   0x00001230       0x6c c:/program files (x86)/atmel/studio/7.0/toolchain/arm/arm-gnu-toolchain/bin/../lib/gcc/arm-none-eabi/4.9.3/../../../../arm-none-eabi/lib/armv7e-m\libc.a(lib_a-fflush.o)
 .debug_frame   0x0000129c      0x124 c:/program files (x86)/atmel/studio/7.0/toolchain/arm/arm-gnu-toolchain/bin/../lib/gcc/arm-none-eabi/4.9.3/../../../../arm-none-eabi/lib/armv7e-m\libc.a(lib_a-findfp.o)
 .debug_frame   0x000013c0       0x74 c:/program files (x86)/atmel/studio/7.0/toolchain/arm/arm-gnu-toolchain/bin/../lib/gcc/arm-none-eabi/4.9.3/../../../../arm-none-eabi/lib/armv7e-m\libc.a(lib_a-freer.o)
 .debug_frame   0x00001434       0x54 c:/program files (x86)/atmel/studio/7.0/toolchain/arm/arm-gnu-toolchain/bin/../lib/gcc/arm-none-eabi/4.9.3/../../../../arm-none-eabi/lib/armv7e-m\libc.a(lib_a-fwalk.o)
 .debug_frame   0x00001488       0x2c c:/program files (x86)/atmel/studio/7.0/toolchain/arm/arm-gnu-toolchain/bin/../lib/gcc/arm-none-eabi/4.9.3/../../../../arm-none-eabi/lib/armv7e-m\libc.a(lib_a-init.o)
 .debug_frame   0x000014b4       0x74 c:/program files (x86)/atmel/studio/7.0/toolchain/arm/arm-gnu-toolchain/bin/../lib/gcc/arm-none-eabi/4.9.3/../../../../arm-none-eabi/lib/armv7e-m\libc.a(lib_a-iprintf.o)
 .debug_frame   0x00001528       0x58 c:/program files (x86)/atmel/studio/7.0/toolchain/arm/arm-gnu-toolchain/bin/../lib/gcc/arm-none-eabi/4.9.3/../../../../arm-none-eabi/lib/armv7e-m\libc.a(lib_a-mallocr.o)
 .debug_frame   0x00001580       0x34 c:/program files (x86)/atmel/studio/7.0/toolchain/arm/arm-gnu-toolchain/bin/../lib/gcc/arm-none-eabi/4.9.3/../../../../arm-none-eabi/lib/armv7e-m\libc.a(lib_a-memset.o)
 .debug_frame   0x000015b4       0x30 c:/program files (x86)/atmel/studio/7.0/toolchain/arm/arm-gnu-toolchain/bin/../lib/gcc/arm-none-eabi/4.9.3/../../../../arm-none-eabi/lib/armv7e-m\libc.a(lib_a-mlock.o)
 .debug_frame   0x000015e4       0x2c c:/program files (x86)/atmel/studio/7.0/toolchain/arm/arm-gnu-toolchain/bin/../lib/gcc/arm-none-eabi/4.9.3/../../../../arm-none-eabi/lib/armv7e-m\libc.a(lib_a-sbrkr.o)
 .debug_frame   0x00001610       0x20 c:/program files (x86)/atmel/studio/7.0/toolchain/arm/arm-gnu-toolchain/bin/../lib/gcc/arm-none-eabi/4.9.3/../../../../arm-none-eabi/lib/armv7e-m\libc.a(lib_a-setbuf.o)
 .debug_frame   0x00001630       0x30 c:/program files (x86)/atmel/studio/7.0/toolchain/arm/arm-gnu-toolchain/bin/../lib/gcc/arm-none-eabi/4.9.3/../../../../arm-none-eabi/lib/armv7e-m\libc.a(lib_a-setvbuf.o)
 .debug_frame   0x00001660       0x88 c:/program files (x86)/atmel/studio/7.0/toolchain/arm/arm-gnu-toolchain/bin/../lib/gcc/arm-none-eabi/4.9.3/../../../../arm-none-eabi/lib/armv7e-m\libc.a(lib_a-stdio.o)
 .debug_frame   0x000016e8       0xd8 c:/program files (x86)/atmel/studio/7.0/toolchain/arm/arm-gnu-toolchain/bin/../lib/gcc/arm-none-eabi/4.9.3/../../../../arm-none-eabi/lib/armv7e-m\libc.a(lib_a-vfiprintf.o)
 .debug_frame   0x000017c0       0x2c c:/program files (x86)/atmel/studio/7.0/toolchain/arm/arm-gnu-toolchain/bin/../lib/gcc/arm-none-eabi/4.9.3/../../../../arm-none-eabi/lib/armv7e-m\libc.a(lib_a-writer.o)
 .debug_frame   0x000017ec       0x2c c:/program files (x86)/atmel/studio/7.0/toolchain/arm/arm-gnu-toolchain/bin/../lib/gcc/arm-none-eabi/4.9.3/../../../../arm-none-eabi/lib/armv7e-m\libc.a(lib_a-wsetup.o)
 .debug_frame   0x00001818       0x50 c:/program files (x86)/atmel/studio/7.0/toolchain/arm/arm-gnu-toolchain/bin/../lib/gcc/arm-none-eabi/4.9.3/../../../../arm-none-eabi/lib/armv7e-m\libc.a(lib_a-__call_atexit.o)
 .debug_frame   0x00001868       0x20 c:/program files (x86)/atmel/studio/7.0/toolchain/arm/arm-gnu-toolchain/bin/../lib/gcc/arm-none-eabi/4.9.3/../../../../arm-none-eabi/lib/armv7e-m\libc.a(lib_a-atexit.o)
 .debug_frame   0x00001888       0x2c c:/program files (x86)/atmel/studio/7.0/toolchain/arm/arm-gnu-toolchain/bin/../lib/gcc/arm-none-eabi/4.9.3/../../../../arm-none-eabi/lib/armv7e-m\libc.a(lib_a-closer.o)
 .debug_frame   0x000018b4       0x44 c:/program files (x86)/atmel/studio/7.0/toolchain/arm/arm-gnu-toolchain/bin/../lib/gcc/arm-none-eabi/4.9.3/../../../../arm-none-eabi/lib/armv7e-m\libc.a(lib_a-fclose.o)
 .debug_frame   0x000018f8       0x34 c:/program files (x86)/atmel/studio/7.0/toolchain/arm/arm-gnu-toolchain/bin/../lib/gcc/arm-none-eabi/4.9.3/../../../../arm-none-eabi/lib/armv7e-m\libc.a(lib_a-fini.o)
 .debug_frame   0x0000192c       0x84 c:/program files (x86)/atmel/studio/7.0/toolchain/arm/arm-gnu-toolchain/bin/../lib/gcc/arm-none-eabi/4.9.3/../../../../arm-none-eabi/lib/armv7e-m\libc.a(lib_a-fputwc.o)
 .debug_frame   0x000019b0       0x68 c:/program files (x86)/atmel/studio/7.0/toolchain/arm/arm-gnu-toolchain/bin/../lib/gcc/arm-none-eabi/4.9.3/../../../../arm-none-eabi/lib/armv7e-m\libc.a(lib_a-fvwrite.o)
 .debug_frame   0x00001a18       0x9c c:/program files (x86)/atmel/studio/7.0/toolchain/arm/arm-gnu-toolchain/bin/../lib/gcc/arm-none-eabi/4.9.3/../../../../arm-none-eabi/lib/armv7e-m\libc.a(lib_a-locale.o)
 .debug_frame   0x00001ab4       0x2c c:/program files (x86)/atmel/studio/7.0/toolchain/arm/arm-gnu-toolchain/bin/../lib/gcc/arm-none-eabi/4.9.3/../../../../arm-none-eabi/lib/armv7e-m\libc.a(lib_a-lseekr.o)
 .debug_frame   0x00001ae0       0x48 c:/program files (x86)/atmel/studio/7.0/toolchain/arm/arm-gnu-toolchain/bin/../lib/gcc/arm-none-eabi/4.9.3/../../../../arm-none-eabi/lib/armv7e-m\libc.a(lib_a-makebuf.o)
 .debug_frame   0x00001b28       0x30 c:/program files (x86)/atmel/studio/7.0/toolchain/arm/arm-gnu-toolchain/bin/../lib/gcc/arm-none-eabi/4.9.3/../../../../arm-none-eabi/lib/armv7e-m\libc.a(lib_a-malloc.o)
 .debug_frame   0x00001b58       0x3c c:/program files (x86)/atmel/studio/7.0/toolchain/arm/arm-gnu-toolchain/bin/../lib/gcc/arm-none-eabi/4.9.3/../../../../arm-none-eabi/lib/armv7e-m\libc.a(lib_a-memchr.o)
 .debug_frame   0x00001b94       0x30 c:/program files (x86)/atmel/studio/7.0/toolchain/arm/arm-gnu-toolchain/bin/../lib/gcc/arm-none-eabi/4.9.3/../../../../arm-none-eabi/lib/armv7e-m\libc.a(lib_a-memmove.o)
 .debug_frame   0x00001bc4       0x2c c:/program files (x86)/atmel/studio/7.0/toolchain/arm/arm-gnu-toolchain/bin/../lib/gcc/arm-none-eabi/4.9.3/../../../../arm-none-eabi/lib/armv7e-m\libc.a(lib_a-readr.o)
 .debug_frame   0x00001bf0       0x60 c:/program files (x86)/atmel/studio/7.0/toolchain/arm/arm-gnu-toolchain/bin/../lib/gcc/arm-none-eabi/4.9.3/../../../../arm-none-eabi/lib/armv7e-m\libc.a(lib_a-reallocr.o)
 .debug_frame   0x00001c50       0x58 c:/program files (x86)/atmel/studio/7.0/toolchain/arm/arm-gnu-toolchain/bin/../lib/gcc/arm-none-eabi/4.9.3/../../../../arm-none-eabi/lib/armv7e-m\libc.a(lib_a-reent.o)
 .debug_frame   0x00001ca8       0x20 c:/program files (x86)/atmel/studio/7.0/toolchain/arm/arm-gnu-toolchain/bin/../lib/gcc/arm-none-eabi/4.9.3/../../../../arm-none-eabi/lib/armv7e-m\libc.a(lib_a-strlen.o)
 .debug_frame   0x00001cc8       0x3c c:/program files (x86)/atmel/studio/7.0/toolchain/arm/arm-gnu-toolchain/bin/../lib/gcc/arm-none-eabi/4.9.3/../../../../arm-none-eabi/lib/armv7e-m\libc.a(lib_a-wbuf.o)
 .debug_frame   0x00001d04       0x60 c:/program files (x86)/atmel/studio/7.0/toolchain/arm/arm-gnu-toolchain/bin/../lib/gcc/arm-none-eabi/4.9.3/../../../../arm-none-eabi/lib/armv7e-m\libc.a(lib_a-wcrtomb.o)
 .debug_frame   0x00001d64       0x48 c:/program files (x86)/atmel/studio/7.0/toolchain/arm/arm-gnu-toolchain/bin/../lib/gcc/arm-none-eabi/4.9.3/../../../../arm-none-eabi/lib/armv7e-m\libc.a(lib_a-wctomb_r.o)
 .debug_frame   0x00001dac       0x34 c:/program files (x86)/atmel/studio/7.0/toolchain/arm/arm-gnu-toolchain/bin/../lib/gcc/arm-none-eabi/4.9.3/../../../../arm-none-eabi/lib/armv7e-m\libc.a(lib_a-__atexit.o)
 .debug_frame   0x00001de0       0x2c c:/program files (x86)/atmel/studio/7.0/toolchain/arm/arm-gnu-toolchain/bin/../lib/gcc/arm-none-eabi/4.9.3/../../../../arm-none-eabi/lib/armv7e-m\libc.a(lib_a-fstatr.o)
 .debug_frame   0x00001e0c       0x2c c:/program files (x86)/atmel/studio/7.0/toolchain/arm/arm-gnu-toolchain/bin/../lib/gcc/arm-none-eabi/4.9.3/../../../../arm-none-eabi/lib/armv7e-m\libc.a(lib_a-isattyr.o)
 .debug_frame   0x00001e38       0x28 c:/program files (x86)/atmel/studio/7.0/toolchain/arm/arm-gnu-toolchain/bin/../lib/gcc/arm-none-eabi/4.9.3/armv7e-m\libgcc.a(_aeabi_uldivmod.o)
 .debug_frame   0x00001e60       0x50 c:/program files (x86)/atmel/studio/7.0/toolchain/arm/arm-gnu-toolchain/bin/../lib/gcc/arm-none-eabi/4.9.3/armv7e-m\libgcc.a(bpabi.o)
 .debug_frame   0x00001eb0       0x34 c:/program files (x86)/atmel/studio/7.0/toolchain/arm/arm-gnu-toolchain/bin/../lib/gcc/arm-none-eabi/4.9.3/armv7e-m\libgcc.a(_divdi3.o)
 .debug_frame   0x00001ee4       0x30 c:/program files (x86)/atmel/studio/7.0/toolchain/arm/arm-gnu-toolchain/bin/../lib/gcc/arm-none-eabi/4.9.3/armv7e-m\libgcc.a(_udivdi3.o)

Cross Reference Table

Symbol                                            File
ACC_Handler                                       src/ASF/sam/utils/cmsis/sam4s/source/templates/gcc/startup_sam4s.o
ADC_Handler                                       src/ASF/sam/utils/cmsis/sam4s/source/templates/gcc/startup_sam4s.o
BitBangSPI_Master_Init                            src/ASF/thirdparty/qtouch/generic/sam/qtouch/common/BitBangSPI_Master.o
                                                  src/ASF/thirdparty/qtouch/qdebug/QDebug.o
BitBangSPI_Send_Message                           src/ASF/thirdparty/qtouch/generic/sam/qtouch/common/BitBangSPI_Master.o
                                                  src/ASF/thirdparty/qtouch/qdebug/QDebugTransport.o
BusFault_Handler                                  src/ASF/sam/utils/cmsis/sam4s/source/templates/gcc/startup_sam4s.o
CRCCU_Handler                                     src/ASF/sam/utils/cmsis/sam4s/source/templates/gcc/startup_sam4s.o
DACC_Handler                                      src/ASF/sam/utils/cmsis/sam4s/source/templates/gcc/startup_sam4s.o
DebugMon_Handler                                  src/ASF/sam/utils/cmsis/sam4s/source/templates/gcc/startup_sam4s.o
Dummy_Handler                                     src/ASF/sam/utils/cmsis/sam4s/source/templates/gcc/startup_sam4s.o
EFC0_Handler                                      src/ASF/sam/utils/cmsis/sam4s/source/templates/gcc/startup_sam4s.o
EFC1_Handler                                      src/ASF/sam/utils/cmsis/sam4s/source/templates/gcc/startup_sam4s.o
GetChar                                           src/ASF/thirdparty/qtouch/qdebug/QDebugTransport.o
                                                  src/ASF/thirdparty/qtouch/qdebug/QDebug.o
HSMCI_Handler                                     src/ASF/sam/utils/cmsis/sam4s/source/templates/gcc/startup_sam4s.o
HardFault_Handler                                 src/ASF/sam/utils/cmsis/sam4s/source/templates/gcc/startup_sam4s.o
Init_Buffers                                      src/ASF/thirdparty/qtouch/qdebug/QDebugTransport.o
                                                  src/ASF/thirdparty/qtouch/qdebug/QDebug.o
LED_Off                                           src/ASF/sam/boards/sam4s_ek2/led.o
LED_On                                            src/ASF/sam/boards/sam4s_ek2/led.o
MemManage_Handler                                 src/ASF/sam/utils/cmsis/sam4s/source/templates/gcc/startup_sam4s.o
NMI_Handler                                       src/ASF/sam/utils/cmsis/sam4s/source/templates/gcc/startup_sam4s.o
PIOA_Handler                                      src/ASF/sam/drivers/pio/pio_handler.o
PIOB_Handler                                      src/ASF/sam/drivers/pio/pio_handler.o
PIOC_Handler                                      src/ASF/sam/drivers/pio/pio_handler.o
PMC_Handler                                       src/ASF/sam/utils/cmsis/sam4s/source/templates/gcc/startup_sam4s.o
PWM_Handler                                       src/ASF/sam/utils/cmsis/sam4s/source/templates/gcc/startup_sam4s.o
PendSV_Handler                                    src/ASF/sam/utils/cmsis/sam4s/source/templates/gcc/startup_sam4s.o
PutChar                                           src/ASF/thirdparty/qtouch/qdebug/QDebugTransport.o
                                                  src/ASF/thirdparty/qtouch/qdebug/QDebug.o
PutInt                                            src/ASF/thirdparty/qtouch/qdebug/QDebugTransport.o
                                                  src/ASF/thirdparty/qtouch/qdebug/QDebug.o
QDebug_Init                                       src/ASF/thirdparty/qtouch/qdebug/QDebug.o
QDebug_ProcessCommands                            src/ASF/thirdparty/qtouch/qdebug/QDebug.o
QDebug_SendData                                   src/ASF/thirdparty/qtouch/qdebug/QDebug.o
QDebug_SetSubscriptions                           src/ASF/thirdparty/qtouch/qdebug/QDebug.o
RSTC_Handler                                      src/ASF/sam/utils/cmsis/sam4s/source/templates/gcc/startup_sam4s.o
RTC_Handler                                       src/ASF/sam/utils/cmsis/sam4s/source/templates/gcc/startup_sam4s.o
RTT_Handler                                       src/ASF/sam/utils/cmsis/sam4s/source/templates/gcc/startup_sam4s.o
RX_Buffer                                         src/ASF/thirdparty/qtouch/qdebug/QDebugTransport.o