Archive member included because of file (symbol)

c:/program files (x86)/atmel/studio/7.0/toolchain/arm/arm-gnu-toolchain/bin/../lib/gcc/arm-none-eabi/4.9.3/../../../../arm-none-eabi/lib/armv7e-m\libc.a(lib_a-exit.o)
                              c:/program files (x86)/atmel/studio/7.0/toolchain/arm/arm-gnu-toolchain/bin/../lib/gcc/arm-none-eabi/4.9.3/../../../../arm-none-eabi/lib/armv7e-m/crt0.o (exit)
c:/program files (x86)/atmel/studio/7.0/toolchain/arm/arm-gnu-toolchain/bin/../lib/gcc/arm-none-eabi/4.9.3/../../../../arm-none-eabi/lib/armv7e-m\libc.a(lib_a-impure.o)
                              c:/program files (x86)/atmel/studio/7.0/toolchain/arm/arm-gnu-toolchain/bin/../lib/gcc/arm-none-eabi/4.9.3/../../../../arm-none-eabi/lib/armv7e-m\libc.a(lib_a-exit.o) (_global_impure_ptr)
c:/program files (x86)/atmel/studio/7.0/toolchain/arm/arm-gnu-toolchain/bin/../lib/gcc/arm-none-eabi/4.9.3/../../../../arm-none-eabi/lib/armv7e-m\libc.a(lib_a-init.o)
                              c:/program files (x86)/atmel/studio/7.0/toolchain/arm/arm-gnu-toolchain/bin/../lib/gcc/arm-none-eabi/4.9.3/../../../../arm-none-eabi/lib/armv7e-m/crt0.o (__libc_init_array)
c:/program files (x86)/atmel/studio/7.0/toolchain/arm/arm-gnu-toolchain/bin/../lib/gcc/arm-none-eabi/4.9.3/../../../../arm-none-eabi/lib/armv7e-m\libc.a(lib_a-iprintf.o)
                              src/ASF/sam/utils/syscalls/gcc/syscalls.o (iprintf)
c:/program files (x86)/atmel/studio/7.0/toolchain/arm/arm-gnu-toolchain/bin/../lib/gcc/arm-none-eabi/4.9.3/../../../../arm-none-eabi/lib/armv7e-m\libc.a(lib_a-memset.o)
                              c:/program files (x86)/atmel/studio/7.0/toolchain/arm/arm-gnu-toolchain/bin/../lib/gcc/arm-none-eabi/4.9.3/../../../../arm-none-eabi/lib/armv7e-m/crt0.o (memset)
c:/program files (x86)/atmel/studio/7.0/toolchain/arm/arm-gnu-toolchain/bin/../lib/gcc/arm-none-eabi/4.9.3/../../../../arm-none-eabi/lib/armv7e-m\libc.a(lib_a-rand.o)
                              src/ili93xx_example.o (rand)
c:/program files (x86)/atmel/studio/7.0/toolchain/arm/arm-gnu-toolchain/bin/../lib/gcc/arm-none-eabi/4.9.3/../../../../arm-none-eabi/lib/armv7e-m\libc.a(lib_a-setbuf.o)
                              src/ili93xx_example.o (setbuf)
c:/program files (x86)/atmel/studio/7.0/toolchain/arm/arm-gnu-toolchain/bin/../lib/gcc/arm-none-eabi/4.9.3/../../../../arm-none-eabi/lib/armv7e-m\libc.a(lib_a-setvbuf.o)
                              c:/program files (x86)/atmel/studio/7.0/toolchain/arm/arm-gnu-toolchain/bin/../lib/gcc/arm-none-eabi/4.9.3/../../../../arm-none-eabi/lib/armv7e-m\libc.a(lib_a-setbuf.o) (setvbuf)
c:/program files (x86)/atmel/studio/7.0/toolchain/arm/arm-gnu-toolchain/bin/../lib/gcc/arm-none-eabi/4.9.3/../../../../arm-none-eabi/lib/armv7e-m\libc.a(lib_a-sprintf.o)
                              src/ili93xx_example.o (sprintf)
c:/program files (x86)/atmel/studio/7.0/toolchain/arm/arm-gnu-toolchain/bin/../lib/gcc/arm-none-eabi/4.9.3/../../../../arm-none-eabi/lib/armv7e-m\libc.a(lib_a-svfprintf.o)
                              c:/program files (x86)/atmel/studio/7.0/toolchain/arm/arm-gnu-toolchain/bin/../lib/gcc/arm-none-eabi/4.9.3/../../../../arm-none-eabi/lib/armv7e-m\libc.a(lib_a-sprintf.o) (_svfprintf_r)
c:/program files (x86)/atmel/studio/7.0/toolchain/arm/arm-gnu-toolchain/bin/../lib/gcc/arm-none-eabi/4.9.3/../../../../arm-none-eabi/lib/armv7e-m\libc.a(lib_a-vfiprintf.o)
                              c:/program files (x86)/atmel/studio/7.0/toolchain/arm/arm-gnu-toolchain/bin/../lib/gcc/arm-none-eabi/4.9.3/../../../../arm-none-eabi/lib/armv7e-m\libc.a(lib_a-iprintf.o) (_vfiprintf_r)
c:/program files (x86)/atmel/studio/7.0/toolchain/arm/arm-gnu-toolchain/bin/../lib/gcc/arm-none-eabi/4.9.3/../../../../arm-none-eabi/lib/armv7e-m\libc.a(lib_a-wsetup.o)
                              c:/program files (x86)/atmel/studio/7.0/toolchain/arm/arm-gnu-toolchain/bin/../lib/gcc/arm-none-eabi/4.9.3/../../../../arm-none-eabi/lib/armv7e-m\libc.a(lib_a-vfiprintf.o) (__swsetup_r)
c:/program files (x86)/atmel/studio/7.0/toolchain/arm/arm-gnu-toolchain/bin/../lib/gcc/arm-none-eabi/4.9.3/../../../../arm-none-eabi/lib/armv7e-m\libc.a(lib_a-__call_atexit.o)
                              c:/program files (x86)/atmel/studio/7.0/toolchain/arm/arm-gnu-toolchain/bin/../lib/gcc/arm-none-eabi/4.9.3/../../../../arm-none-eabi/lib/armv7e-m\libc.a(lib_a-exit.o) (__call_exitprocs)
c:/program files (x86)/atmel/studio/7.0/toolchain/arm/arm-gnu-toolchain/bin/../lib/gcc/arm-none-eabi/4.9.3/../../../../arm-none-eabi/lib/armv7e-m\libc.a(lib_a-atexit.o)
                              c:/program files (x86)/atmel/studio/7.0/toolchain/arm/arm-gnu-toolchain/bin/../lib/gcc/arm-none-eabi/4.9.3/../../../../arm-none-eabi/lib/armv7e-m\libc.a(lib_a-__call_atexit.o) (atexit)
c:/program files (x86)/atmel/studio/7.0/toolchain/arm/arm-gnu-toolchain/bin/../lib/gcc/arm-none-eabi/4.9.3/../../../../arm-none-eabi/lib/armv7e-m\libc.a(lib_a-dtoa.o)
[...]
Memory Configuration

Name             Origin             Length             Attributes
rom              0x00400000         0x00200000         xr
ram              0x20000000         0x00028000         xrw
*default*        0x00000000         0xffffffff

Linker script and memory map

LOAD c:/program files (x86)/atmel/studio/7.0/toolchain/arm/arm-gnu-toolchain/bin/../lib/gcc/arm-none-eabi/4.9.3/armv7e-m/crti.o
LOAD c:/program files (x86)/atmel/studio/7.0/toolchain/arm/arm-gnu-toolchain/bin/../lib/gcc/arm-none-eabi/4.9.3/armv7e-m/crtbegin.o
LOAD c:/program files (x86)/atmel/studio/7.0/toolchain/arm/arm-gnu-toolchain/bin/../lib/gcc/arm-none-eabi/4.9.3/../../../../arm-none-eabi/lib/armv7e-m/crt0.o
LOAD src/ASF/common/services/delay/sam/cycle_counter.o
LOAD src/ASF/sam/drivers/tc/tc.o
LOAD src/ASF/common/services/clock/sam4s/sysclk.o
LOAD src/ASF/common/services/serial/usart_serial.o
LOAD src/ASF/common/utils/interrupt/interrupt_sam_nvic.o
LOAD src/ASF/common/utils/stdio/read.o
LOAD src/ASF/common/utils/stdio/write.o
LOAD src/ASF/sam/boards/sam4s_ek2/init.o
LOAD src/ASF/sam/boards/sam4s_ek2/led.o
LOAD src/ASF/sam/components/display/aat31xx/aat31xx.o
LOAD src/ASF/sam/components/display/ili93xx/ili93xx.o
LOAD src/ASF/sam/drivers/ebi/smc/smc.o
LOAD src/ASF/sam/drivers/pio/pio.o
LOAD src/ASF/sam/drivers/pio/pio_handler.o
LOAD src/ASF/sam/drivers/pmc/pmc.o
LOAD src/ASF/sam/drivers/pmc/sleep.o
LOAD src/ASF/sam/drivers/uart/uart.o
LOAD src/ASF/sam/drivers/usart/usart.o
LOAD src/ASF/sam/utils/cmsis/sam4s/source/templates/gcc/startup_sam4s.o
LOAD src/ASF/sam/utils/cmsis/sam4s/source/templates/system_sam4s.o
LOAD src/ASF/sam/utils/syscalls/gcc/syscalls.o
LOAD src/ili93xx_example.o
START GROUP
LOAD ../src/ASF/thirdparty/CMSIS/Lib/GCC\libarm_cortexM4l_math.a
LOAD c:/program files (x86)/atmel/studio/7.0/toolchain/arm/arm-gnu-toolchain/bin/../lib/gcc/arm-none-eabi/4.9.3/../../../../arm-none-eabi/lib/armv7e-m\libm.a
END GROUP
START GROUP
LOAD c:/program files (x86)/atmel/studio/7.0/toolchain/arm/arm-gnu-toolchain/bin/../lib/gcc/arm-none-eabi/4.9.3/armv7e-m\libgcc.a
LOAD c:/program files (x86)/atmel/studio/7.0/toolchain/arm/arm-gnu-toolchain/bin/../lib/gcc/arm-none-eabi/4.9.3/../../../../arm-none-eabi/lib/armv7e-m\libc.a
END GROUP
LOAD c:/program files (x86)/atmel/studio/7.0/toolchain/arm/arm-gnu-toolchain/bin/../lib/gcc/arm-none-eabi/4.9.3/armv7e-m/crtend.o
LOAD c:/program files (x86)/atmel/studio/7.0/toolchain/arm/arm-gnu-toolchain/bin/../lib/gcc/arm-none-eabi/4.9.3/armv7e-m/crtn.o
                0x00003000                __stack_size__ = DEFINED (__stack_size__)?__stack_size__:0x3000
                0x20027ffc                __ram_end__ = ((ORIGIN (ram) + 0x28000) - 0x4)

.text           0x00400000     0x7424
                0x00400000                . = ALIGN (0x4)
                0x00400000                _sfixed = .
 *(.vectors .vectors.*)
 .vectors       0x00400000       0xcc src/ASF/sam/utils/cmsis/sam4s/source/templates/gcc/startup_sam4s.o
                0x00400000                exception_table
 *(.text .text.* .gnu.linkonce.t.*)
 .text          0x004000cc       0x5c c:/program files (x86)/atmel/studio/7.0/toolchain/arm/arm-gnu-toolchain/bin/../lib/gcc/arm-none-eabi/4.9.3/armv7e-m/crtbegin.o
 .text.tc_init  0x00400128       0x1c src/ASF/sam/drivers/tc/tc.o
                0x00400128                tc_init
 .text.tc_start
                0x00400144        0x8 src/ASF/sam/drivers/tc/tc.o
                0x00400144                tc_start
 .text.tc_write_rc
                0x0040014c        0x8 src/ASF/sam/drivers/tc/tc.o
                0x0040014c                tc_write_rc
 .text.tc_enable_interrupt
                0x00400154        0x8 src/ASF/sam/drivers/tc/tc.o
                0x00400154                tc_enable_interrupt
 .text.tc_get_status
                0x0040015c        0x8 src/ASF/sam/drivers/tc/tc.o
                0x0040015c                tc_get_status
 .text.sysclk_init
                0x00400164       0x64 src/ASF/common/services/clock/sam4s/sysclk.o
                0x00400164                sysclk_init
 .text._read    0x004001c8       0x3c src/ASF/common/utils/stdio/read.o
                0x004001c8                _read
 .text._write   0x00400204       0x50 src/ASF/common/utils/stdio/write.o
                0x00400204                _write
 .text.board_init
                0x00400254       0xb8 src/ASF/sam/boards/sam4s_ek2/init.o
                0x00400254                board_init
 .text.aat31xx_set_backlight
                0x0040030c       0x5c src/ASF/sam/components/display/aat31xx/aat31xx.o
                0x0040030c                aat31xx_set_backlight
 .text.aat31xx_disable_backlight
                0x00400368       0x24 src/ASF/sam/components/display/aat31xx/aat31xx.o
                0x00400368                aat31xx_disable_backlight
 .text.ili93xx_write_ram_prepare
                0x0040038c       0x30 src/ASF/sam/components/display/ili93xx/ili93xx.o
 .text.ili93xx_write_ram
                0x004003bc       0x18 src/ASF/sam/components/display/ili93xx/ili93xx.o
 .text.ili93xx_write_ram_buffer
                0x004003d4       0x60 src/ASF/sam/components/display/ili93xx/ili93xx.o
 .text.ili93xx_write_register_word
                0x00400434       0x18 src/ASF/sam/components/display/ili93xx/ili93xx.o
 .text.ili93xx_write_register
                0x0040044c       0x2c src/ASF/sam/components/display/ili93xx/ili93xx.o
 .text.ili93xx_delay
                0x00400478       0x38 src/ASF/sam/components/display/ili93xx/ili93xx.o
 .text.ili93xx_check_box_coordinates
                0x004004b0       0x60 src/ASF/sam/components/display/ili93xx/ili93xx.o
 .text.ili93xx_device_type_identify
                0x00400510       0x7c src/ASF/sam/components/display/ili93xx/ili93xx.o
                0x00400510                ili93xx_device_type_identify
 .text.ili93xx_display_on
                0x0040058c       0x34 src/ASF/sam/components/display/ili93xx/ili93xx.o
                0x0040058c                ili93xx_display_on
 .text.ili93xx_set_foreground_color
                0x004005c0       0x18 src/ASF/sam/components/display/ili93xx/ili93xx.o
                0x004005c0                ili93xx_set_foreground_color
 .text.ili93xx_set_window
                0x004005d8       0xa4 src/ASF/sam/components/display/ili93xx/ili93xx.o
                0x004005d8                ili93xx_set_window
 .text.ili93xx_set_cursor_position
                0x0040067c       0x24 src/ASF/sam/components/display/ili93xx/ili93xx.o
                0x0040067c                ili93xx_set_cursor_position
 .text.ili93xx_init
                0x004006a0      0x2e4 src/ASF/sam/components/display/ili93xx/ili93xx.o
                0x004006a0                ili93xx_init
 .text.ili93xx_draw_pixel
                0x00400984       0x7c src/ASF/sam/components/display/ili93xx/ili93xx.o
                0x00400984                ili93xx_draw_pixel
 .text.ili93xx_draw_filled_rectangle
                0x00400a00       0xc4 src/ASF/sam/components/display/ili93xx/ili93xx.o
                0x00400a00                ili93xx_draw_filled_rectangle
 .text.ili93xx_draw_string
                0x00400ac4       0xac src/ASF/sam/components/display/ili93xx/ili93xx.o
                0x00400ac4                ili93xx_draw_string
 .text.smc_set_setup_timing
                0x00400b70        0x8 src/ASF/sam/drivers/ebi/smc/smc.o
                0x00400b70                smc_set_setup_timing
 .text.smc_set_pulse_timing
                0x00400b78        0x8 src/ASF/sam/drivers/ebi/smc/smc.o
                0x00400b78                smc_set_pulse_timing
 .text.smc_set_cycle_timing
                0x00400b80        0x8 src/ASF/sam/drivers/ebi/smc/smc.o
                0x00400b80                smc_set_cycle_timing
 .text.smc_set_mode
                0x00400b88        0x8 src/ASF/sam/drivers/ebi/smc/smc.o
                0x00400b88                smc_set_mode
 .text.pio_set_debounce_filter
                0x00400b90       0x1c src/ASF/sam/drivers/pio/pio.o
                0x00400b90                pio_set_debounce_filter
 .text.pio_set_peripheral
                0x00400bac       0x94 src/ASF/sam/drivers/pio/pio.o
                0x00400bac                pio_set_peripheral
 .text.pio_set_input
                0x00400c40       0x34 src/ASF/sam/drivers/pio/pio.o
                0x00400c40                pio_set_input
 .text.pio_set_output
                0x00400c74       0x28 src/ASF/sam/drivers/pio/pio.o
                0x00400c74                pio_set_output
 .text.pio_configure_interrupt
                0x00400c9c       0x30 src/ASF/sam/drivers/pio/pio.o
                0x00400c9c                pio_configure_interrupt
 .text.pio_enable_interrupt
                0x00400ccc        0x8 src/ASF/sam/drivers/pio/pio.o
                0x00400ccc                pio_enable_interrupt
 .text.pio_get_interrupt_status
                0x00400cd4        0x4 src/ASF/sam/drivers/pio/pio.o
                0x00400cd4                pio_get_interrupt_status
 .text.pio_get_interrupt_mask
                0x00400cd8        0x4 src/ASF/sam/drivers/pio/pio.o
                0x00400cd8                pio_get_interrupt_mask
 .text.pio_configure_pin
                0x00400cdc      0x124 src/ASF/sam/drivers/pio/pio.o
                0x00400cdc                pio_configure_pin
 .text.pio_configure_pin_group
                0x00400e00       0xdc src/ASF/sam/drivers/pio/pio.o
                0x00400e00                pio_configure_pin_group
 .text.pio_handler_process
                0x00400edc       0x68 src/ASF/sam/drivers/pio/pio_handler.o
                0x00400edc                pio_handler_process
 .text.pio_handler_set
                0x00400f44       0x40 src/ASF/sam/drivers/pio/pio_handler.o
                0x00400f44                pio_handler_set
 .text.PIOA_Handler
                0x00400f84       0x14 src/ASF/sam/drivers/pio/pio_handler.o
                0x00400f84                PIOA_Handler
 .text.PIOB_Handler
                0x00400f98       0x14 src/ASF/sam/drivers/pio/pio_handler.o
                0x00400f98                PIOB_Handler
 .text.PIOC_Handler
                0x00400fac       0x14 src/ASF/sam/drivers/pio/pio_handler.o
                0x00400fac                PIOC_Handler
 .text.pmc_switch_mck_to_pllack
                0x00400fc0       0x68 src/ASF/sam/drivers/pmc/pmc.o
                0x00400fc0                pmc_switch_mck_to_pllack
 .text.pmc_switch_mainck_to_xtal
                0x00401028       0x54 src/ASF/sam/drivers/pmc/pmc.o
                0x00401028                pmc_switch_mainck_to_xtal
 .text.pmc_osc_is_ready_mainck
                0x0040107c       0x10 src/ASF/sam/drivers/pmc/pmc.o
                0x0040107c                pmc_osc_is_ready_mainck
 .text.pmc_disable_pllack
                0x0040108c       0x10 src/ASF/sam/drivers/pmc/pmc.o
                0x0040108c                pmc_disable_pllack
 .text.pmc_is_locked_pllack
                0x0040109c       0x10 src/ASF/sam/drivers/pmc/pmc.o
                0x0040109c                pmc_is_locked_pllack
 .text.pmc_enable_periph_clk
                0x004010ac       0x54 src/ASF/sam/drivers/pmc/pmc.o
                0x004010ac                pmc_enable_periph_clk
 .text.uart_init
                0x00401100       0x38 src/ASF/sam/drivers/uart/uart.o
                0x00401100                uart_init
 .text.uart_write
                0x00401138       0x10 src/ASF/sam/drivers/uart/uart.o
                0x00401138                uart_write
 .text.uart_read
                0x00401148       0x14 src/ASF/sam/drivers/uart/uart.o
                0x00401148                uart_read
 .text.usart_write
                0x0040115c       0x14 src/ASF/sam/drivers/usart/usart.o
                0x0040115c                usart_write
 .text.usart_read
                0x00401170       0x18 src/ASF/sam/drivers/usart/usart.o
                0x00401170                usart_read
 .text.Dummy_Handler
                0x00401188        0x4 src/ASF/sam/utils/cmsis/sam4s/source/templates/gcc/startup_sam4s.o
                0x00401188                DACC_Handler
                0x00401188                DebugMon_Handler
                0x00401188                HardFault_Handler
                0x00401188                TC2_Handler
                0x00401188                SPI_Handler
                0x00401188                SysTick_Handler
                0x00401188                TWI1_Handler
                0x00401188                PendSV_Handler
                0x00401188                NMI_Handler
                0x00401188                ADC_Handler
                0x00401188                CRCCU_Handler
                0x00401188                USART0_Handler
                0x00401188                RTT_Handler
                0x00401188                EFC1_Handler
                0x00401188                RTC_Handler
                0x00401188                UsageFault_Handler
                0x00401188                WDT_Handler
                0x00401188                TC4_Handler
                0x00401188                TC1_Handler
                0x00401188                HSMCI_Handler
                0x00401188                UART1_Handler
                0x00401188                TC3_Handler
                0x00401188                Dummy_Handler
                0x00401188                TWI0_Handler
                0x00401188                USART1_Handler
                0x00401188                SSC_Handler
                0x00401188                EFC0_Handler
                0x00401188                ACC_Handler
                0x00401188                PMC_Handler
                0x00401188                PWM_Handler
                0x00401188                MemManage_Handler
                0x00401188                SUPC_Handler
                0x00401188                SVC_Handler
                0x00401188                UART0_Handler
                0x00401188                UDP_Handler
                0x00401188                BusFault_Handler
                0x00401188                RSTC_Handler
                0x00401188                TC5_Handler
 .text.Reset_Handler
                0x0040118c       0xb0 src/ASF/sam/utils/cmsis/sam4s/source/templates/gcc/startup_sam4s.o
                0x0040118c                Reset_Handler
 .text.SystemCoreClockUpdate
                0x0040123c      0x114 src/ASF/sam/utils/cmsis/sam4s/source/templates/system_sam4s.o
                0x0040123c                SystemCoreClockUpdate
 .text.system_init_flash
                0x00401350       0x94 src/ASF/sam/utils/cmsis/sam4s/source/templates/system_sam4s.o
                0x00401350                system_init_flash
 .text._sbrk    0x004013e4       0x34 src/ASF/sam/utils/syscalls/gcc/syscalls.o
                0x004013e4                _sbrk
 .text._close   0x00401418        0x8 src/ASF/sam/utils/syscalls/gcc/syscalls.o
                0x00401418                _close
 .text._lseek   0x00401420        0x4 src/ASF/sam/utils/syscalls/gcc/syscalls.o
                0x00401420                _lseek
 .text.Button1_Handler
                0x00401424       0x64 src/ili93xx_example.o
 .text.Button2_Handler
                0x00401488       0x64 src/ili93xx_example.o
 .text.usart_serial_getchar
                0x004014ec       0x88 src/ili93xx_example.o
 .text.usart_serial_putchar
                0x00401574       0x80 src/ili93xx_example.o
 .text.TC0_Handler
                0x004015f4       0x7c src/ili93xx_example.o
                0x004015f4                TC0_Handler
 .text.main     0x00401670      0x32c src/ili93xx_example.o
                0x00401670                main
 .text.__libc_init_array
                0x0040199c       0x50 c:/program files (x86)/atmel/studio/7.0/toolchain/arm/arm-gnu-toolchain/bin/../lib/gcc/arm-none-eabi/4.9.3/../../../../arm-none-eabi/lib/armv7e-m\libc.a(lib_a-init.o)
                0x0040199c                __libc_init_array
 .text.memset   0x004019ec       0x9c c:/program files (x86)/atmel/studio/7.0/toolchain/arm/arm-gnu-toolchain/bin/../lib/gcc/arm-none-eabi/4.9.3/../../../../arm-none-eabi/lib/armv7e-m\libc.a(lib_a-memset.o)
                0x004019ec                memset
 .text.rand     0x00401a88       0x40 c:/program files (x86)/atmel/studio/7.0/toolchain/arm/arm-gnu-toolchain/bin/../lib/gcc/arm-none-eabi/4.9.3/../../../../arm-none-eabi/lib/armv7e-m\libc.a(lib_a-rand.o)
                0x00401a88                rand
 .text.setbuf   0x00401ac8       0x10 c:/program files (x86)/atmel/studio/7.0/toolchain/arm/arm-gnu-toolchain/bin/../lib/gcc/arm-none-eabi/4.9.3/../../../../arm-none-eabi/lib/armv7e-m\libc.a(lib_a-setbuf.o)
                0x00401ac8                setbuf
 .text.setvbuf  0x00401ad8       0xf8 c:/program files (x86)/atmel/studio/7.0/toolchain/arm/arm-gnu-toolchain/bin/../lib/gcc/arm-none-eabi/4.9.3/../../../../arm-none-eabi/lib/armv7e-m\libc.a(lib_a-setvbuf.o)
                0x00401ad8                setvbuf
 .text.sprintf  0x00401bd0       0x4c c:/program files (x86)/atmel/studio/7.0/toolchain/arm/arm-gnu-toolchain/bin/../lib/gcc/arm-none-eabi/4.9.3/../../../../arm-none-eabi/lib/armv7e-m\libc.a(lib_a-sprintf.o)
                0x00401bd0                sprintf
 .text._svfprintf_r
                0x00401c1c     0x1494 c:/program files (x86)/atmel/studio/7.0/toolchain/arm/arm-gnu-toolchain/bin/../lib/gcc/arm-none-eabi/4.9.3/../../../../arm-none-eabi/lib/armv7e-m\libc.a(lib_a-svfprintf.o)
                0x00401c1c                _svfprintf_r
 .text.startup.register_fini
                0x004030b0       0x14 c:/program files (x86)/atmel/studio/7.0/toolchain/arm/arm-gnu-toolchain/bin/../lib/gcc/arm-none-eabi/4.9.3/../../../../arm-none-eabi/lib/armv7e-m\libc.a(lib_a-__call_atexit.o)
 .text.atexit   0x004030c4        0xc c:/program files (x86)/atmel/studio/7.0/toolchain/arm/arm-gnu-toolchain/bin/../lib/gcc/arm-none-eabi/4.9.3/../../../../arm-none-eabi/lib/armv7e-m\libc.a(lib_a-atexit.o)
                0x004030c4                atexit
 .text.quorem   0x004030d0      0x12c c:/program files (x86)/atmel/studio/7.0/toolchain/arm/arm-gnu-toolchain/bin/../lib/gcc/arm-none-eabi/4.9.3/../../../../arm-none-eabi/lib/armv7e-m\libc.a(lib_a-dtoa.o)
 *fill*         0x004031fc        0x4 
 .text._dtoa_r  0x00403200      0xe94 c:/program files (x86)/atmel/studio/7.0/toolchain/arm/arm-gnu-toolchain/bin/../lib/gcc/arm-none-eabi/4.9.3/../../../../arm-none-eabi/lib/armv7e-m\libc.a(lib_a-dtoa.o)
                0x00403200                _dtoa_r
 .text.__sflush_r
                0x00404094      0x154 c:/program files (x86)/atmel/studio/7.0/toolchain/arm/arm-gnu-toolchain/bin/../lib/gcc/arm-none-eabi/4.9.3/../../../../arm-none-eabi/lib/armv7e-m\libc.a(lib_a-fflush.o)
                0x00404094                __sflush_r
 .text._fflush_r
                0x004041e8       0x2c c:/program files (x86)/atmel/studio/7.0/toolchain/arm/arm-gnu-toolchain/bin/../lib/gcc/arm-none-eabi/4.9.3/../../../../arm-none-eabi/lib/armv7e-m\libc.a(lib_a-fflush.o)
                0x004041e8                _fflush_r
 .text._cleanup_r
                0x00404214        0xc c:/program files (x86)/atmel/studio/7.0/toolchain/arm/arm-gnu-toolchain/bin/../lib/gcc/arm-none-eabi/4.9.3/../../../../arm-none-eabi/lib/armv7e-m\libc.a(lib_a-findfp.o)
                0x00404214                _cleanup_r
 .text.__sinit.part.1
                0x00404220       0xf0 c:/program files (x86)/atmel/studio/7.0/toolchain/arm/arm-gnu-toolchain/bin/../lib/gcc/arm-none-eabi/4.9.3/../../../../arm-none-eabi/lib/armv7e-m\libc.a(lib_a-findfp.o)
 .text.__sinit  0x00404310        0xc c:/program files (x86)/atmel/studio/7.0/toolchain/arm/arm-gnu-toolchain/bin/../lib/gcc/arm-none-eabi/4.9.3/../../../../arm-none-eabi/lib/armv7e-m\libc.a(lib_a-findfp.o)
                0x00404310                __sinit
 .text.__sfp_lock_acquire
                0x0040431c        0x4 c:/program files (x86)/atmel/studio/7.0/toolchain/arm/arm-gnu-toolchain/bin/../lib/gcc/arm-none-eabi/4.9.3/../../../../arm-none-eabi/lib/armv7e-m\libc.a(lib_a-findfp.o)
                0x0040431c                __sfp_lock_acquire
 .text.__sfp_lock_release
                0x00404320        0x4 c:/program files (x86)/atmel/studio/7.0/toolchain/arm/arm-gnu-toolchain/bin/../lib/gcc/arm-none-eabi/4.9.3/../../../../arm-none-eabi/lib/armv7e-m\libc.a(lib_a-findfp.o)
                0x00404320                __sfp_lock_release
 .text.__libc_fini_array
                0x00404324       0x2c c:/program files (x86)/atmel/studio/7.0/toolchain/arm/arm-gnu-toolchain/bin/../lib/gcc/arm-none-eabi/4.9.3/../../../../arm-none-eabi/lib/armv7e-m\libc.a(lib_a-fini.o)
                0x00404324                __libc_fini_array
 .text._malloc_trim_r
                0x00404350       0x9c c:/program files (x86)/atmel/studio/7.0/toolchain/arm/arm-gnu-toolchain/bin/../lib/gcc/arm-none-eabi/4.9.3/../../../../arm-none-eabi/lib/armv7e-m\libc.a(lib_a-freer.o)
                0x00404350                _malloc_trim_r
 .text._free_r  0x004043ec      0x1b0 c:/program files (x86)/atmel/studio/7.0/toolchain/arm/arm-gnu-toolchain/bin/../lib/gcc/arm-none-eabi/4.9.3/../../../../arm-none-eabi/lib/armv7e-m\libc.a(lib_a-freer.o)
                0x004043ec                _free_r
 .text._fwalk_reent
                0x0040459c       0x54 c:/program files (x86)/atmel/studio/7.0/toolchain/arm/arm-gnu-toolchain/bin/../lib/gcc/arm-none-eabi/4.9.3/../../../../arm-none-eabi/lib/armv7e-m\libc.a(lib_a-fwalk.o)
                0x0040459c                _fwalk_reent
 .text._localeconv_r
                0x004045f0        0x8 c:/program files (x86)/atmel/studio/7.0/toolchain/arm/arm-gnu-toolchain/bin/../lib/gcc/arm-none-eabi/4.9.3/../../../../arm-none-eabi/lib/armv7e-m\libc.a(lib_a-locale.o)
                0x004045f0                _localeconv_r
 .text.malloc   0x004045f8       0x10 c:/program files (x86)/atmel/studio/7.0/toolchain/arm/arm-gnu-toolchain/bin/../lib/gcc/arm-none-eabi/4.9.3/../../../../arm-none-eabi/lib/armv7e-m\libc.a(lib_a-malloc.o)
                0x004045f8                malloc
 .text._malloc_r
                0x00404608      0x524 c:/program files (x86)/atmel/studio/7.0/toolchain/arm/arm-gnu-toolchain/bin/../lib/gcc/arm-none-eabi/4.9.3/../../../../arm-none-eabi/lib/armv7e-m\libc.a(lib_a-mallocr.o)
                0x00404608                _malloc_r
 .text.memchr   0x00404b2c       0x94 c:/program files (x86)/atmel/studio/7.0/toolchain/arm/arm-gnu-toolchain/bin/../lib/gcc/arm-none-eabi/4.9.3/../../../../arm-none-eabi/lib/armv7e-m\libc.a(lib_a-memchr.o)
                0x00404b2c                memchr
 .text          0x00404bc0      0x134 c:/program files (x86)/atmel/studio/7.0/toolchain/arm/arm-gnu-toolchain/bin/../lib/gcc/arm-none-eabi/4.9.3/../../../../arm-none-eabi/lib/armv7e-m\libc.a(lib_a-memcpy.o)
                0x00404bc0                memcpy
 .text.memmove  0x00404cf4       0xc8 c:/program files (x86)/atmel/studio/7.0/toolchain/arm/arm-gnu-toolchain/bin/../lib/gcc/arm-none-eabi/4.9.3/../../../../arm-none-eabi/lib/armv7e-m\libc.a(lib_a-memmove.o)
                0x00404cf4                memmove
 .text.__malloc_lock
                0x00404dbc        0x4 c:/program files (x86)/atmel/studio/7.0/toolchain/arm/arm-gnu-toolchain/bin/../lib/gcc/arm-none-eabi/4.9.3/../../../../arm-none-eabi/lib/armv7e-m\libc.a(lib_a-mlock.o)
                0x00404dbc                __malloc_lock
 .text.__malloc_unlock
                0x00404dc0        0x4 c:/program files (x86)/atmel/studio/7.0/toolchain/arm/arm-gnu-toolchain/bin/../lib/gcc/arm-none-eabi/4.9.3/../../../../arm-none-eabi/lib/armv7e-m\libc.a(lib_a-mlock.o)
                0x00404dc0                __malloc_unlock
 .text._Balloc  0x00404dc4       0x4c c:/program files (x86)/atmel/studio/7.0/toolchain/arm/arm-gnu-toolchain/bin/../lib/gcc/arm-none-eabi/4.9.3/../../../../arm-none-eabi/lib/armv7e-m\libc.a(lib_a-mprec.o)
                0x00404dc4                _Balloc
 .text._Bfree   0x00404e10       0x14 c:/program files (x86)/atmel/studio/7.0/toolchain/arm/arm-gnu-toolchain/bin/../lib/gcc/arm-none-eabi/4.9.3/../../../../arm-none-eabi/lib/armv7e-m\libc.a(lib_a-mprec.o)
                0x00404e10                _Bfree
 .text.__multadd
                0x00404e24       0x84 c:/program files (x86)/atmel/studio/7.0/toolchain/arm/arm-gnu-toolchain/bin/../lib/gcc/arm-none-eabi/4.9.3/../../../../arm-none-eabi/lib/armv7e-m\libc.a(lib_a-mprec.o)
                0x00404e24                __multadd
 .text.__hi0bits
                0x00404ea8       0x40 c:/program files (x86)/atmel/studio/7.0/toolchain/arm/arm-gnu-toolchain/bin/../lib/gcc/arm-none-eabi/4.9.3/../../../../arm-none-eabi/lib/armv7e-m\libc.a(lib_a-mprec.o)
                0x00404ea8                __hi0bits
 .text.__lo0bits
                0x00404ee8       0x5c c:/program files (x86)/atmel/studio/7.0/toolchain/arm/arm-gnu-toolchain/bin/../lib/gcc/arm-none-eabi/4.9.3/../../../../arm-none-eabi/lib/armv7e-m\libc.a(lib_a-mprec.o)
                0x00404ee8                __lo0bits
 .text.__i2b    0x00404f44       0x14 c:/program files (x86)/atmel/studio/7.0/toolchain/arm/arm-gnu-toolchain/bin/../lib/gcc/arm-none-eabi/4.9.3/../../../../arm-none-eabi/lib/armv7e-m\libc.a(lib_a-mprec.o)
                0x00404f44                __i2b
 .text.__multiply
                0x00404f58      0x134 c:/program files (x86)/atmel/studio/7.0/toolchain/arm/arm-gnu-toolchain/bin/../lib/gcc/arm-none-eabi/4.9.3/../../../../arm-none-eabi/lib/armv7e-m\libc.a(lib_a-mprec.o)
                0x00404f58                __multiply
 .text.__pow5mult
                0x0040508c       0xa0 c:/program files (x86)/atmel/studio/7.0/toolchain/arm/arm-gnu-toolchain/bin/../lib/gcc/arm-none-eabi/4.9.3/../../../../arm-none-eabi/lib/armv7e-m\libc.a(lib_a-mprec.o)
                0x0040508c                __pow5mult
 .text.__lshift
                0x0040512c       0xac c:/program files (x86)/atmel/studio/7.0/toolchain/arm/arm-gnu-toolchain/bin/../lib/gcc/arm-none-eabi/4.9.3/../../../../arm-none-eabi/lib/armv7e-m\libc.a(lib_a-mprec.o)
                0x0040512c                __lshift
 .text.__mcmp   0x004051d8       0x48 c:/program files (x86)/atmel/studio/7.0/toolchain/arm/arm-gnu-toolchain/bin/../lib/gcc/arm-none-eabi/4.9.3/../../../../arm-none-eabi/lib/armv7e-m\libc.a(lib_a-mprec.o)
                0x004051d8                __mcmp
 .text.__mdiff  0x00405220       0xd4 c:/program files (x86)/atmel/studio/7.0/toolchain/arm/arm-gnu-toolchain/bin/../lib/gcc/arm-none-eabi/4.9.3/../../../../arm-none-eabi/lib/armv7e-m\libc.a(lib_a-mprec.o)
                0x00405220                __mdiff
 .text.__d2b    0x004052f4       0xb8 c:/program files (x86)/atmel/studio/7.0/toolchain/arm/arm-gnu-toolchain/bin/../lib/gcc/arm-none-eabi/4.9.3/../../../../arm-none-eabi/lib/armv7e-m\libc.a(lib_a-mprec.o)
                0x004052f4                __d2b
 .text._realloc_r
                0x004053ac      0x3ec c:/program files (x86)/atmel/studio/7.0/toolchain/arm/arm-gnu-toolchain/bin/../lib/gcc/arm-none-eabi/4.9.3/../../../../arm-none-eabi/lib/armv7e-m\libc.a(lib_a-reallocr.o)
                0x004053ac                _realloc_r
 .text.__fpclassifyd
                0x00405798       0x58 c:/program files (x86)/atmel/studio/7.0/toolchain/arm/arm-gnu-toolchain/bin/../lib/gcc/arm-none-eabi/4.9.3/../../../../arm-none-eabi/lib/armv7e-m\libc.a(lib_a-s_fpclassify.o)
                0x00405798                __fpclassifyd
 .text._sbrk_r  0x004057f0       0x24 c:/program files (x86)/atmel/studio/7.0/toolchain/arm/arm-gnu-toolchain/bin/../lib/gcc/arm-none-eabi/4.9.3/../../../../arm-none-eabi/lib/armv7e-m\libc.a(lib_a-sbrkr.o)
                0x004057f0                _sbrk_r
 .text.__sread  0x00405814       0x24 c:/program files (x86)/atmel/studio/7.0/toolchain/arm/arm-gnu-toolchain/bin/../lib/gcc/arm-none-eabi/4.9.3/../../../../arm-none-eabi/lib/armv7e-m\libc.a(lib_a-stdio.o)
                0x00405814                __sread
 .text.__swrite
                0x00405838       0x38 c:/program files (x86)/atmel/studio/7.0/toolchain/arm/arm-gnu-toolchain/bin/../lib/gcc/arm-none-eabi/4.9.3/../../../../arm-none-eabi/lib/armv7e-m\libc.a(lib_a-stdio.o)
                0x00405838                __swrite
 .text.__sseek  0x00405870       0x20 c:/program files (x86)/atmel/studio/7.0/toolchain/arm/arm-gnu-toolchain/bin/../lib/gcc/arm-none-eabi/4.9.3/../../../../arm-none-eabi/lib/armv7e-m\libc.a(lib_a-stdio.o)
                0x00405870                __sseek
 .text.__sclose
                0x00405890        0x8 c:/program files (x86)/atmel/studio/7.0/toolchain/arm/arm-gnu-toolchain/bin/../lib/gcc/arm-none-eabi/4.9.3/../../../../arm-none-eabi/lib/armv7e-m\libc.a(lib_a-stdio.o)
                0x00405890                __sclose
 .text.strlen   0x00405898       0x5c c:/program files (x86)/atmel/studio/7.0/toolchain/arm/arm-gnu-toolchain/bin/../lib/gcc/arm-none-eabi/4.9.3/../../../../arm-none-eabi/lib/armv7e-m\libc.a(lib_a-strlen.o)
                0x00405898                strlen
 .text.__ssprint_r
                0x004058f4      0x104 c:/program files (x86)/atmel/studio/7.0/toolchain/arm/arm-gnu-toolchain/bin/../lib/gcc/arm-none-eabi/4.9.3/../../../../arm-none-eabi/lib/armv7e-m\libc.a(lib_a-svfiprintf.o)
                0x004058f4                __ssprint_r
 .text._write_r
                0x004059f8       0x28 c:/program files (x86)/atmel/studio/7.0/toolchain/arm/arm-gnu-toolchain/bin/../lib/gcc/arm-none-eabi/4.9.3/../../../../arm-none-eabi/lib/armv7e-m\libc.a(lib_a-writer.o)
                0x004059f8                _write_r
 .text.__register_exitproc
                0x00405a20       0xa4 c:/program files (x86)/atmel/studio/7.0/toolchain/arm/arm-gnu-toolchain/bin/../lib/gcc/arm-none-eabi/4.9.3/../../../../arm-none-eabi/lib/armv7e-m\libc.a(lib_a-__atexit.o)
                0x00405a20                __register_exitproc
 .text._calloc_r
                0x00405ac4       0x60 c:/program files (x86)/atmel/studio/7.0/toolchain/arm/arm-gnu-toolchain/bin/../lib/gcc/arm-none-eabi/4.9.3/../../../../arm-none-eabi/lib/armv7e-m\libc.a(lib_a-callocr.o)
                0x00405ac4                _calloc_r
 .text._close_r
                0x00405b24       0x24 c:/program files (x86)/atmel/studio/7.0/toolchain/arm/arm-gnu-toolchain/bin/../lib/gcc/arm-none-eabi/4.9.3/../../../../arm-none-eabi/lib/armv7e-m\libc.a(lib_a-closer.o)
                0x00405b24                _close_r
 .text._fclose_r
                0x00405b48       0x84 c:/program files (x86)/atmel/studio/7.0/toolchain/arm/arm-gnu-toolchain/bin/../lib/gcc/arm-none-eabi/4.9.3/../../../../arm-none-eabi/lib/armv7e-m\libc.a(lib_a-fclose.o)
                0x00405b48                _fclose_r
 .text._lseek_r
                0x00405bcc       0x28 c:/program files (x86)/atmel/studio/7.0/toolchain/arm/arm-gnu-toolchain/bin/../lib/gcc/arm-none-eabi/4.9.3/../../../../arm-none-eabi/lib/armv7e-m\libc.a(lib_a-lseekr.o)
                0x00405bcc                _lseek_r
 .text._read_r  0x00405bf4       0x28 c:/program files (x86)/atmel/studio/7.0/toolchain/arm/arm-gnu-toolchain/bin/../lib/gcc/arm-none-eabi/4.9.3/../../../../arm-none-eabi/lib/armv7e-m\libc.a(lib_a-readr.o)
                0x00405bf4                _read_r
 .text          0x00405c1c      0x370 c:/program files (x86)/atmel/studio/7.0/toolchain/arm/arm-gnu-toolchain/bin/../lib/gcc/arm-none-eabi/4.9.3/armv7e-m\libgcc.a(_arm_addsubdf3.o)
                0x00405c1c                __aeabi_drsub
                0x00405c24                __aeabi_dsub
                0x00405c24                __subdf3
                0x00405c28                __aeabi_dadd
                0x00405c28                __adddf3
                0x00405ea0                __floatunsidf
                0x00405ea0                __aeabi_ui2d
                0x00405ec0                __floatsidf
                0x00405ec0                __aeabi_i2d
                0x00405ee4                __aeabi_f2d
                0x00405ee4                __extendsfdf2
                0x00405f20                __floatundidf
                0x00405f20                __aeabi_ul2d
                0x00405f30                __floatdidf
                0x00405f30                __aeabi_l2d
 .text          0x00405f8c      0x424 c:/program files (x86)/atmel/studio/7.0/toolchain/arm/arm-gnu-toolchain/bin/../lib/gcc/arm-none-eabi/4.9.3/armv7e-m\libgcc.a(_arm_muldivdf3.o)
                0x00405f8c                __aeabi_dmul
                0x00405f8c                __muldf3
                0x004061e0                __divdf3
                0x004061e0                __aeabi_ddiv
 .text          0x004063b0      0x110 c:/program files (x86)/atmel/studio/7.0/toolchain/arm/arm-gnu-toolchain/bin/../lib/gcc/arm-none-eabi/4.9.3/armv7e-m\libgcc.a(_arm_cmpdf2.o)
                0x004063b0                __gtdf2
                0x004063b0                __gedf2
                0x004063b8                __ltdf2
                0x004063b8                __ledf2
                0x004063c0                __nedf2
                0x004063c0                __eqdf2
                0x004063c0                __cmpdf2
                0x0040643c                __aeabi_cdrcmple
                0x0040644c                __aeabi_cdcmpeq
                0x0040644c                __aeabi_cdcmple
                0x0040645c                __aeabi_dcmpeq
                0x00406470                __aeabi_dcmplt
                0x00406484                __aeabi_dcmple
                0x00406498                __aeabi_dcmpge
                0x004064ac                __aeabi_dcmpgt
 .text          0x004064c0       0x50 c:/program files (x86)/atmel/studio/7.0/toolchain/arm/arm-gnu-toolchain/bin/../lib/gcc/arm-none-eabi/4.9.3/armv7e-m\libgcc.a(_arm_fixdfsi.o)
                0x004064c0                __aeabi_d2iz
                0x004064c0                __fixdfsi
 .text          0x00406510       0x30 c:/program files (x86)/atmel/studio/7.0/toolchain/arm/arm-gnu-toolchain/bin/../lib/gcc/arm-none-eabi/4.9.3/armv7e-m\libgcc.a(_aeabi_uldivmod.o)
                0x00406510                __aeabi_uldivmod
 .text          0x00406540       0x60 c:/program files (x86)/atmel/studio/7.0/toolchain/arm/arm-gnu-toolchain/bin/../lib/gcc/arm-none-eabi/4.9.3/armv7e-m\libgcc.a(bpabi.o)
                0x00406540                __gnu_ldivmod_helper
                0x00406570                __gnu_uldivmod_helper
 .text          0x004065a0        0x4 c:/program files (x86)/atmel/studio/7.0/toolchain/arm/arm-gnu-toolchain/bin/../lib/gcc/arm-none-eabi/4.9.3/armv7e-m\libgcc.a(_dvmd_tls.o)
                0x004065a0                __aeabi_idiv0
                0x004065a0                __aeabi_ldiv0
 .text          0x004065a4      0x29c c:/program files (x86)/atmel/studio/7.0/toolchain/arm/arm-gnu-toolchain/bin/../lib/gcc/arm-none-eabi/4.9.3/armv7e-m\libgcc.a(_divdi3.o)
                0x004065a4                __divdi3
 .text          0x00406840      0x26c c:/program files (x86)/atmel/studio/7.0/toolchain/arm/arm-gnu-toolchain/bin/../lib/gcc/arm-none-eabi/4.9.3/armv7e-m\libgcc.a(_udivdi3.o)
                0x00406840                __udivdi3
 *(.glue_7t)
 .glue_7t       0x00000000        0x0 linker stubs
 *(.glue_7)
 .glue_7        0x00000000        0x0 linker stubs
 *(.rodata .rodata* .gnu.linkonce.r.*)
 .rodata.p_uc_charset10x14
                0x00406aac      0x780 src/ASF/sam/components/display/ili93xx/ili93xx.o
                0x00406aac                p_uc_charset10x14
 .rodata.str1.4
                0x0040722c       0x4b src/ili93xx_example.o
 *fill*         0x00407277        0x1 
 .rodata.str1.4
                0x00407278        0x2 c:/program files (x86)/atmel/studio/7.0/toolchain/arm/arm-gnu-toolchain/bin/../lib/gcc/arm-none-eabi/4.9.3/../../../../arm-none-eabi/lib/armv7e-m\libc.a(lib_a-impure.o)
 *fill*         0x0040727a        0x2 
 .rodata._global_impure_ptr
                0x0040727c        0x4 c:/program files (x86)/atmel/studio/7.0/toolchain/arm/arm-gnu-toolchain/bin/../lib/gcc/arm-none-eabi/4.9.3/../../../../arm-none-eabi/lib/armv7e-m\libc.a(lib_a-impure.o)
                0x0040727c                _global_impure_ptr
 .rodata.zeroes.6911
                0x00407280       0x10 c:/program files (x86)/atmel/studio/7.0/toolchain/arm/arm-gnu-toolchain/bin/../lib/gcc/arm-none-eabi/4.9.3/../../../../arm-none-eabi/lib/armv7e-m\libc.a(lib_a-svfprintf.o)
 .rodata.blanks.6910
                0x00407290       0x10 c:/program files (x86)/atmel/studio/7.0/toolchain/arm/arm-gnu-toolchain/bin/../lib/gcc/arm-none-eabi/4.9.3/../../../../arm-none-eabi/lib/armv7e-m\libc.a(lib_a-svfprintf.o)
 .rodata.str1.4
                0x004072a0       0x3f c:/program files (x86)/atmel/studio/7.0/toolchain/arm/arm-gnu-toolchain/bin/../lib/gcc/arm-none-eabi/4.9.3/../../../../arm-none-eabi/lib/armv7e-m\libc.a(lib_a-svfprintf.o)
                                 0x42 (size before relaxing)
 *fill*         0x004072df        0x1 
 .rodata.str1.4
                0x004072e0       0x10 c:/program files (x86)/atmel/studio/7.0/toolchain/arm/arm-gnu-toolchain/bin/../lib/gcc/arm-none-eabi/4.9.3/../../../../arm-none-eabi/lib/armv7e-m\libc.a(lib_a-dtoa.o)
                                 0x12 (size before relaxing)
 .rodata.str1.4
                0x004072f0        0xc c:/program files (x86)/atmel/studio/7.0/toolchain/arm/arm-gnu-toolchain/bin/../lib/gcc/arm-none-eabi/4.9.3/../../../../arm-none-eabi/lib/armv7e-m\libc.a(lib_a-locale.o)
                                 0x12 (size before relaxing)
 *fill*         0x004072fc        0x4 
 .rodata.__mprec_tens
                0x00407300       0xc8 c:/program files (x86)/atmel/studio/7.0/toolchain/arm/arm-gnu-toolchain/bin/../lib/gcc/arm-none-eabi/4.9.3/../../../../arm-none-eabi/lib/armv7e-m\libc.a(lib_a-mprec.o)
                0x00407300                __mprec_tens
 .rodata.p05.5302
                0x004073c8        0xc c:/program files (x86)/atmel/studio/7.0/toolchain/arm/arm-gnu-toolchain/bin/../lib/gcc/arm-none-eabi/4.9.3/../../../../arm-none-eabi/lib/armv7e-m\libc.a(lib_a-mprec.o)
 *fill*         0x004073d4        0x4 
 .rodata.__mprec_bigtens
                0x004073d8       0x28 c:/program files (x86)/atmel/studio/7.0/toolchain/arm/arm-gnu-toolchain/bin/../lib/gcc/arm-none-eabi/4.9.3/../../../../arm-none-eabi/lib/armv7e-m\libc.a(lib_a-mprec.o)
                0x004073d8                __mprec_bigtens
 *(.ARM.extab* .gnu.linkonce.armextab.*)
                0x00407400                . = ALIGN (0x4)
 *(.init)
 .init          0x00407400        0x4 c:/program files (x86)/atmel/studio/7.0/toolchain/arm/arm-gnu-toolchain/bin/../lib/gcc/arm-none-eabi/4.9.3/armv7e-m/crti.o
                0x00407400                _init
 .init          0x00407404        0x8 c:/program files (x86)/atmel/studio/7.0/toolchain/arm/arm-gnu-toolchain/bin/../lib/gcc/arm-none-eabi/4.9.3/armv7e-m/crtn.o
                0x0040740c                . = ALIGN (0x4)
                0x0040740c                __preinit_array_start = .
 *(.preinit_array)
                0x0040740c                __preinit_array_end = .
                0x0040740c                . = ALIGN (0x4)
                0x0040740c                __init_array_start = .
 *(SORT(.init_array.*))
 .init_array.00000
                0x0040740c        0x4 c:/program files (x86)/atmel/studio/7.0/toolchain/arm/arm-gnu-toolchain/bin/../lib/gcc/arm-none-eabi/4.9.3/../../../../arm-none-eabi/lib/armv7e-m\libc.a(lib_a-__call_atexit.o)
 *(.init_array)
 .init_array    0x00407410        0x4 c:/program files (x86)/atmel/studio/7.0/toolchain/arm/arm-gnu-toolchain/bin/../lib/gcc/arm-none-eabi/4.9.3/armv7e-m/crtbegin.o
                0x00407414                __init_array_end = .
                0x00407414                . = ALIGN (0x4)
 *crtbegin.o(.ctors)
 *(EXCLUDE_FILE(*crtend.o) .ctors)
 *(SORT(.ctors.*))
 *crtend.o(.ctors)
                0x00407414                . = ALIGN (0x4)
 *(.fini)
 .fini          0x00407414        0x4 c:/program files (x86)/atmel/studio/7.0/toolchain/arm/arm-gnu-toolchain/bin/../lib/gcc/arm-none-eabi/4.9.3/armv7e-m/crti.o
                0x00407414                _fini
 .fini          0x00407418        0x8 c:/program files (x86)/atmel/studio/7.0/toolchain/arm/arm-gnu-toolchain/bin/../lib/gcc/arm-none-eabi/4.9.3/armv7e-m/crtn.o
                0x00407420                . = ALIGN (0x4)
                0x00407420                __fini_array_start = .
 *(.fini_array)
 .fini_array    0x00407420        0x4 c:/program files (x86)/atmel/studio/7.0/toolchain/arm/arm-gnu-toolchain/bin/../lib/gcc/arm-none-eabi/4.9.3/armv7e-m/crtbegin.o
 *(SORT(.fini_array.*))
                0x00407424                __fini_array_end = .
 *crtbegin.o(.dtors)
 *(EXCLUDE_FILE(*crtend.o) .dtors)
 *(SORT(.dtors.*))
 *crtend.o(.dtors)
                0x00407424                . = ALIGN (0x4)
                0x00407424                _efixed = .
                0x00407424                PROVIDE (__exidx_start, .)

.vfp11_veneer   0x00407424        0x0
 .vfp11_veneer  0x00000000        0x0 linker stubs

.v4_bx          0x00407424        0x0
 .v4_bx         0x00000000        0x0 linker stubs

.iplt           0x00407424        0x0
 .iplt          0x00000000        0x0 c:/program files (x86)/atmel/studio/7.0/toolchain/arm/arm-gnu-toolchain/bin/../lib/gcc/arm-none-eabi/4.9.3/armv7e-m/crtbegin.o

.ARM.exidx      0x00407424        0x8
 *(.ARM.exidx* .gnu.linkonce.armexidx.*)
 .ARM.exidx     0x00407424        0x8 c:/program files (x86)/atmel/studio/7.0/toolchain/arm/arm-gnu-toolchain/bin/../lib/gcc/arm-none-eabi/4.9.3/armv7e-m\libgcc.a(_divdi3.o)
 .ARM.exidx     0x0040742c        0x0 c:/program files (x86)/atmel/studio/7.0/toolchain/arm/arm-gnu-toolchain/bin/../lib/gcc/arm-none-eabi/4.9.3/armv7e-m\libgcc.a(_udivdi3.o)
                                  0x8 (size before relaxing)
                0x0040742c                PROVIDE (__exidx_end, .)

.eh_frame       0x0040742c        0x0
 .eh_frame      0x0040742c        0x0 c:/program files (x86)/atmel/studio/7.0/toolchain/arm/arm-gnu-toolchain/bin/../lib/gcc/arm-none-eabi/4.9.3/armv7e-m/crtbegin.o

.rel.dyn        0x0040742c        0x0
 .rel.iplt      0x00000000        0x0 c:/program files (x86)/atmel/studio/7.0/toolchain/arm/arm-gnu-toolchain/bin/../lib/gcc/arm-none-eabi/4.9.3/armv7e-m/crtbegin.o

.jcr            0x0040742c        0x0
 .jcr           0x0040742c        0x0 c:/program files (x86)/atmel/studio/7.0/toolchain/arm/arm-gnu-toolchain/bin/../lib/gcc/arm-none-eabi/4.9.3/armv7e-m/crtbegin.o

.igot.plt       0x0040742c        0x0
 .igot.plt      0x00000000        0x0 c:/program files (x86)/atmel/studio/7.0/toolchain/arm/arm-gnu-toolchain/bin/../lib/gcc/arm-none-eabi/4.9.3/armv7e-m/crtbegin.o
                0x0040742c                . = ALIGN (0x4)
                0x0040742c                _etext = .

.relocate       0x20000000      0x88c load address 0x0040742c
                0x20000000                . = ALIGN (0x4)
                0x20000000                _srelocate = .
 *(.ramfunc .ramfunc.*)
 .ramfunc       0x20000000        0xc src/ASF/common/services/delay/sam/cycle_counter.o
                0x20000000                portable_delay_cycles
 *(.data .data.*)
 .data.g_ul_lcd_x_length
                0x2000000c        0x4 src/ASF/sam/components/display/ili93xx/ili93xx.o
 .data.g_ul_lcd_y_length
                0x20000010        0x4 src/ASF/sam/components/display/ili93xx/ili93xx.o
 .data.SystemCoreClock
                0x20000014        0x4 src/ASF/sam/utils/cmsis/sam4s/source/templates/system_sam4s.o
                0x20000014                SystemCoreClock
 .data.impure_data
                0x20000018      0x428 c:/program files (x86)/atmel/studio/7.0/toolchain/arm/arm-gnu-toolchain/bin/../lib/gcc/arm-none-eabi/4.9.3/../../../../arm-none-eabi/lib/armv7e-m\libc.a(lib_a-impure.o)
 .data._impure_ptr
                0x20000440        0x4 c:/program files (x86)/atmel/studio/7.0/toolchain/arm/arm-gnu-toolchain/bin/../lib/gcc/arm-none-eabi/4.9.3/../../../../arm-none-eabi/lib/armv7e-m\libc.a(lib_a-impure.o)
                0x20000440                _impure_ptr
 .data.lconv    0x20000444       0x38 c:/program files (x86)/atmel/studio/7.0/toolchain/arm/arm-gnu-toolchain/bin/../lib/gcc/arm-none-eabi/4.9.3/../../../../arm-none-eabi/lib/armv7e-m\libc.a(lib_a-locale.o)
 .data.__malloc_av_
                0x2000047c      0x408 c:/program files (x86)/atmel/studio/7.0/toolchain/arm/arm-gnu-toolchain/bin/../lib/gcc/arm-none-eabi/4.9.3/../../../../arm-none-eabi/lib/armv7e-m\libc.a(lib_a-mallocr.o)
                0x2000047c                __malloc_av_
 .data.__malloc_trim_threshold
                0x20000884        0x4 c:/program files (x86)/atmel/studio/7.0/toolchain/arm/arm-gnu-toolchain/bin/../lib/gcc/arm-none-eabi/4.9.3/../../../../arm-none-eabi/lib/armv7e-m\libc.a(lib_a-mallocr.o)
                0x20000884                __malloc_trim_threshold
 .data.__malloc_sbrk_base
                0x20000888        0x4 c:/program files (x86)/atmel/studio/7.0/toolchain/arm/arm-gnu-toolchain/bin/../lib/gcc/arm-none-eabi/4.9.3/../../../../arm-none-eabi/lib/armv7e-m\libc.a(lib_a-mallocr.o)
                0x20000888                __malloc_sbrk_base
                0x2000088c                . = ALIGN (0x4)
                0x2000088c                _erelocate = .

.bss            0x2000088c      0x52c load address 0x00407cb8
                0x2000088c                . = ALIGN (0x4)
                0x2000088c                _sbss = .
                0x2000088c                _szero = .
 *(.bss .bss.*)
 .bss           0x2000088c       0x1c c:/program files (x86)/atmel/studio/7.0/toolchain/arm/arm-gnu-toolchain/bin/../lib/gcc/arm-none-eabi/4.9.3/armv7e-m/crtbegin.o
 .bss.g_ul_pixel_cache
                0x200008a8      0x3c0 src/ASF/sam/components/display/ili93xx/ili93xx.o
 .bss.g_uc_device_type
                0x20000c68        0x1 src/ASF/sam/components/display/ili93xx/ili93xx.o
 *fill*         0x20000c69        0x3 
 .bss.gs_ul_nb_sources
                0x20000c6c        0x4 src/ASF/sam/drivers/pio/pio_handler.o
 .bss.pio_capture_handler
                0x20000c70        0x4 src/ASF/sam/drivers/pio/pio_handler.o
 .bss.gs_interrupt_sources
                0x20000c74       0x70 src/ASF/sam/drivers/pio/pio_handler.o
 .bss.heap.5212
                0x20000ce4        0x4 src/ASF/sam/utils/syscalls/gcc/syscalls.o
 .bss.tempo     0x20000ce8        0x4 src/ili93xx_example.o
                0x20000ce8                tempo
 .bss.contador  0x20000cec        0x4 src/ili93xx_example.o
                0x20000cec                contador
 .bss.__malloc_max_total_mem
                0x20000cf0        0x4 c:/program files (x86)/atmel/studio/7.0/toolchain/arm/arm-gnu-toolchain/bin/../lib/gcc/arm-none-eabi/4.9.3/../../../../arm-none-eabi/lib/armv7e-m\libc.a(lib_a-mallocr.o)
                0x20000cf0                __malloc_max_total_mem
 .bss.__malloc_max_sbrked_mem
                0x20000cf4        0x4 c:/program files (x86)/atmel/studio/7.0/toolchain/arm/arm-gnu-toolchain/bin/../lib/gcc/arm-none-eabi/4.9.3/../../../../arm-none-eabi/lib/armv7e-m\libc.a(lib_a-mallocr.o)
                0x20000cf4                __malloc_max_sbrked_mem
 .bss.__malloc_top_pad
                0x20000cf8        0x4 c:/program files (x86)/atmel/studio/7.0/toolchain/arm/arm-gnu-toolchain/bin/../lib/gcc/arm-none-eabi/4.9.3/../../../../arm-none-eabi/lib/armv7e-m\libc.a(lib_a-mallocr.o)
                0x20000cf8                __malloc_top_pad
 .bss.__malloc_current_mallinfo
                0x20000cfc       0x28 c:/program files (x86)/atmel/studio/7.0/toolchain/arm/arm-gnu-toolchain/bin/../lib/gcc/arm-none-eabi/4.9.3/../../../../arm-none-eabi/lib/armv7e-m\libc.a(lib_a-mallocr.o)
                0x20000cfc                __malloc_current_mallinfo
 *(COMMON)
 COMMON         0x20000d24        0x4 src/ASF/common/utils/stdio/read.o
                0x20000d24                ptr_get
 COMMON         0x20000d28        0x8 src/ASF/common/utils/stdio/write.o
                0x20000d28                ptr_put
                0x20000d2c                stdio_base
 COMMON         0x20000d30        0x4 src/ASF/sam/drivers/pio/pio.o
                0x20000d30                pio_capture_enable_flag
 COMMON         0x20000d34       0x80 src/ili93xx_example.o
                0x20000d34                n
                0x20000d38                n2
                0x20000d3c                buffer2
                0x20000d70                buffer
                0x20000da4                g_ili93xx_display_opt
 COMMON         0x20000db4        0x4 c:/program files (x86)/atmel/studio/7.0/toolchain/arm/arm-gnu-toolchain/bin/../lib/gcc/arm-none-eabi/4.9.3/../../../../arm-none-eabi/lib/armv7e-m\libc.a(lib_a-reent.o)
                0x20000db4                errno
                0x20000db8                . = ALIGN (0x4)
                0x20000db8                _ebss = .
                0x20000db8                _ezero = .

.stack          0x20000db8     0x3000 load address 0x004081e4
                0x20000db8                . = ALIGN (0x8)
                0x20000db8                _sstack = .
                0x20003db8                . = (. + __stack_size__)
 *fill*         0x20000db8     0x3000 
                0x20003db8                . = ALIGN (0x8)
                0x20003db8                _estack = .
                0x20003db8                . = ALIGN (0x4)
                0x20003db8                _end = .
OUTPUT(ILI93XX_EXAMPLE1.elf elf32-littlearm)

.ARM.attributes
                0x00000000       0x2a
 .ARM.attributes
                0x00000000       0x1e c:/program files (x86)/atmel/studio/7.0/toolchain/arm/arm-gnu-toolchain/bin/../lib/gcc/arm-none-eabi/4.9.3/armv7e-m/crti.o
 .ARM.attributes
                0x0000001e       0x2e c:/program files (x86)/atmel/studio/7.0/toolchain/arm/arm-gnu-toolchain/bin/../lib/gcc/arm-none-eabi/4.9.3/armv7e-m/crtbegin.o
 .ARM.attributes
                0x0000004c       0x33 src/ASF/common/services/delay/sam/cycle_counter.o
 .ARM.attributes
                0x0000007f       0x33 src/ASF/sam/drivers/tc/tc.o
 .ARM.attributes
                0x000000b2       0x33 src/ASF/common/services/clock/sam4s/sysclk.o
 .ARM.attributes
                0x000000e5       0x33 src/ASF/common/utils/stdio/read.o
 .ARM.attributes
                0x00000118       0x33 src/ASF/common/utils/stdio/write.o
 .ARM.attributes
                0x0000014b       0x33 src/ASF/sam/boards/sam4s_ek2/init.o
 .ARM.attributes
                0x0000017e       0x33 src/ASF/sam/components/display/aat31xx/aat31xx.o
 .ARM.attributes
                0x000001b1       0x33 src/ASF/sam/components/display/ili93xx/ili93xx.o
 .ARM.attributes
                0x000001e4       0x33 src/ASF/sam/drivers/ebi/smc/smc.o
 .ARM.attributes
                0x00000217       0x33 src/ASF/sam/drivers/pio/pio.o
 .ARM.attributes
                0x0000024a       0x33 src/ASF/sam/drivers/pio/pio_handler.o
 .ARM.attributes
                0x0000027d       0x33 src/ASF/sam/drivers/pmc/pmc.o
 .ARM.attributes
                0x000002b0       0x33 src/ASF/sam/drivers/uart/uart.o
 .ARM.attributes
                0x000002e3       0x33 src/ASF/sam/drivers/usart/usart.o
 .ARM.attributes
                0x00000316       0x33 src/ASF/sam/utils/cmsis/sam4s/source/templates/gcc/startup_sam4s.o
 .ARM.attributes
                0x00000349       0x33 src/ASF/sam/utils/cmsis/sam4s/source/templates/system_sam4s.o
 .ARM.attributes
                0x0000037c       0x33 src/ASF/sam/utils/syscalls/gcc/syscalls.o
 .ARM.attributes
                0x000003af       0x33 src/ili93xx_example.o
 .ARM.attributes
                0x000003e2       0x2e c:/program files (x86)/atmel/studio/7.0/toolchain/arm/arm-gnu-toolchain/bin/../lib/gcc/arm-none-eabi/4.9.3/../../../../arm-none-eabi/lib/armv7e-m\libc.a(lib_a-impure.o)
 .ARM.attributes
                0x00000410       0x2e c:/program files (x86)/atmel/studio/7.0/toolchain/arm/arm-gnu-toolchain/bin/../lib/gcc/arm-none-eabi/4.9.3/../../../../arm-none-eabi/lib/armv7e-m\libc.a(lib_a-init.o)
 .ARM.attributes
                0x0000043e       0x2e c:/program files (x86)/atmel/studio/7.0/toolchain/arm/arm-gnu-toolchain/bin/../lib/gcc/arm-none-eabi/4.9.3/../../../../arm-none-eabi/lib/armv7e-m\libc.a(lib_a-memset.o)
 .ARM.attributes
                0x0000046c       0x2e c:/program files (x86)/atmel/studio/7.0/toolchain/arm/arm-gnu-toolchain/bin/../lib/gcc/arm-none-eabi/4.9.3/../../../../arm-none-eabi/lib/armv7e-m\libc.a(lib_a-rand.o)
 .ARM.attributes
                0x0000049a       0x2e c:/program files (x86)/atmel/studio/7.0/toolchain/arm/arm-gnu-toolchain/bin/../lib/gcc/arm-none-eabi/4.9.3/../../../../arm-none-eabi/lib/armv7e-m\libc.a(lib_a-setbuf.o)
 .ARM.attributes
                0x000004c8       0x2e c:/program files (x86)/atmel/studio/7.0/toolchain/arm/arm-gnu-toolchain/bin/../lib/gcc/arm-none-eabi/4.9.3/../../../../arm-none-eabi/lib/armv7e-m\libc.a(lib_a-setvbuf.o)
 .ARM.attributes
                0x000004f6       0x2e c:/program files (x86)/atmel/studio/7.0/toolchain/arm/arm-gnu-toolchain/bin/../lib/gcc/arm-none-eabi/4.9.3/../../../../arm-none-eabi/lib/armv7e-m\libc.a(lib_a-sprintf.o)
 .ARM.attributes
                0x00000524       0x2e c:/program files (x86)/atmel/studio/7.0/toolchain/arm/arm-gnu-toolchain/bin/../lib/gcc/arm-none-eabi/4.9.3/../../../../arm-none-eabi/lib/armv7e-m\libc.a(lib_a-svfprintf.o)
 .ARM.attributes
                0x00000552       0x2e c:/program files (x86)/atmel/studio/7.0/toolchain/arm/arm-gnu-toolchain/bin/../lib/gcc/arm-none-eabi/4.9.3/../../../../arm-none-eabi/lib/armv7e-m\libc.a(lib_a-__call_atexit.o)
 .ARM.attributes
                0x00000580       0x2e c:/program files (x86)/atmel/studio/7.0/toolchain/arm/arm-gnu-toolchain/bin/../lib/gcc/arm-none-eabi/4.9.3/../../../../arm-none-eabi/lib/armv7e-m\libc.a(lib_a-atexit.o)
 .ARM.attributes
                0x000005ae       0x2e c:/program files (x86)/atmel/studio/7.0/toolchain/arm/arm-gnu-toolchain/bin/../lib/gcc/arm-none-eabi/4.9.3/../../../../arm-none-eabi/lib/armv7e-m\libc.a(lib_a-dtoa.o)
 .ARM.attributes
                0x000005dc       0x2e c:/program files (x86)/atmel/studio/7.0/toolchain/arm/arm-gnu-toolchain/bin/../lib/gcc/arm-none-eabi/4.9.3/../../../../arm-none-eabi/lib/armv7e-m\libc.a(lib_a-fflush.o)
 .ARM.attributes
                0x0000060a       0x2e c:/program files (x86)/atmel/studio/7.0/toolchain/arm/arm-gnu-toolchain/bin/../lib/gcc/arm-none-eabi/4.9.3/../../../../arm-none-eabi/lib/armv7e-m\libc.a(lib_a-findfp.o)
 .ARM.attributes
                0x00000638       0x2e c:/program files (x86)/atmel/studio/7.0/toolchain/arm/arm-gnu-toolchain/bin/../lib/gcc/arm-none-eabi/4.9.3/../../../../arm-none-eabi/lib/armv7e-m\libc.a(lib_a-fini.o)
 .ARM.attributes
                0x00000666       0x2e c:/program files (x86)/atmel/studio/7.0/toolchain/arm/arm-gnu-toolchain/bin/../lib/gcc/arm-none-eabi/4.9.3/../../../../arm-none-eabi/lib/armv7e-m\libc.a(lib_a-freer.o)
 .ARM.attributes
                0x00000694       0x2e c:/program files (x86)/atmel/studio/7.0/toolchain/arm/arm-gnu-toolchain/bin/../lib/gcc/arm-none-eabi/4.9.3/../../../../arm-none-eabi/lib/armv7e-m\libc.a(lib_a-fwalk.o)
 .ARM.attributes
                0x000006c2       0x2e c:/program files (x86)/atmel/studio/7.0/toolchain/arm/arm-gnu-toolchain/bin/../lib/gcc/arm-none-eabi/4.9.3/../../../../arm-none-eabi/lib/armv7e-m\libc.a(lib_a-locale.o)
 .ARM.attributes
                0x000006f0       0x2e c:/program files (x86)/atmel/studio/7.0/toolchain/arm/arm-gnu-toolchain/bin/../lib/gcc/arm-none-eabi/4.9.3/../../../../arm-none-eabi/lib/armv7e-m\libc.a(lib_a-malloc.o)
 .ARM.attributes
                0x0000071e       0x2e c:/program files (x86)/atmel/studio/7.0/toolchain/arm/arm-gnu-toolchain/bin/../lib/gcc/arm-none-eabi/4.9.3/../../../../arm-none-eabi/lib/armv7e-m\libc.a(lib_a-mallocr.o)
 .ARM.attributes
                0x0000074c       0x2e c:/program files (x86)/atmel/studio/7.0/toolchain/arm/arm-gnu-toolchain/bin/../lib/gcc/arm-none-eabi/4.9.3/../../../../arm-none-eabi/lib/armv7e-m\libc.a(lib_a-memchr.o)
 .ARM.attributes
                0x0000077a       0x1c c:/program files (x86)/atmel/studio/7.0/toolchain/arm/arm-gnu-toolchain/bin/../lib/gcc/arm-none-eabi/4.9.3/../../../../arm-none-eabi/lib/armv7e-m\libc.a(lib_a-memcpy.o)
 .ARM.attributes
                0x00000796       0x2e c:/program files (x86)/atmel/studio/7.0/toolchain/arm/arm-gnu-toolchain/bin/../lib/gcc/arm-none-eabi/4.9.3/../../../../arm-none-eabi/lib/armv7e-m\libc.a(lib_a-memmove.o)
 .ARM.attributes
                0x000007c4       0x2e c:/program files (x86)/atmel/studio/7.0/toolchain/arm/arm-gnu-toolchain/bin/../lib/gcc/arm-none-eabi/4.9.3/../../../../arm-none-eabi/lib/armv7e-m\libc.a(lib_a-mlock.o)
 .ARM.attributes
                0x000007f2       0x2e c:/program files (x86)/atmel/studio/7.0/toolchain/arm/arm-gnu-toolchain/bin/../lib/gcc/arm-none-eabi/4.9.3/../../../../arm-none-eabi/lib/armv7e-m\libc.a(lib_a-mprec.o)
 .ARM.attributes
                0x00000820       0x2e c:/program files (x86)/atmel/studio/7.0/toolchain/arm/arm-gnu-toolchain/bin/../lib/gcc/arm-none-eabi/4.9.3/../../../../arm-none-eabi/lib/armv7e-m\libc.a(lib_a-reallocr.o)
 .ARM.attributes
                0x0000084e       0x2e c:/program files (x86)/atmel/studio/7.0/toolchain/arm/arm-gnu-toolchain/bin/../lib/gcc/arm-none-eabi/4.9.3/../../../../arm-none-eabi/lib/armv7e-m\libc.a(lib_a-s_fpclassify.o)
 .ARM.attributes
                0x0000087c       0x2e c:/program files (x86)/atmel/studio/7.0/toolchain/arm/arm-gnu-toolchain/bin/../lib/gcc/arm-none-eabi/4.9.3/../../../../arm-none-eabi/lib/armv7e-m\libc.a(lib_a-sbrkr.o)
 .ARM.attributes
                0x000008aa       0x2e c:/program files (x86)/atmel/studio/7.0/toolchain/arm/arm-gnu-toolchain/bin/../lib/gcc/arm-none-eabi/4.9.3/../../../../arm-none-eabi/lib/armv7e-m\libc.a(lib_a-stdio.o)
 .ARM.attributes
                0x000008d8       0x2e c:/program files (x86)/atmel/studio/7.0/toolchain/arm/arm-gnu-toolchain/bin/../lib/gcc/arm-none-eabi/4.9.3/../../../../arm-none-eabi/lib/armv7e-m\libc.a(lib_a-strlen.o)
 .ARM.attributes
                0x00000906       0x2e c:/program files (x86)/atmel/studio/7.0/toolchain/arm/arm-gnu-toolchain/bin/../lib/gcc/arm-none-eabi/4.9.3/../../../../arm-none-eabi/lib/armv7e-m\libc.a(lib_a-svfiprintf.o)
 .ARM.attributes
                0x00000934       0x2e c:/program files (x86)/atmel/studio/7.0/toolchain/arm/arm-gnu-toolchain/bin/../lib/gcc/arm-none-eabi/4.9.3/../../../../arm-none-eabi/lib/armv7e-m\libc.a(lib_a-writer.o)
 .ARM.attributes
                0x00000962       0x2e c:/program files (x86)/atmel/studio/7.0/toolchain/arm/arm-gnu-toolchain/bin/../lib/gcc/arm-none-eabi/4.9.3/../../../../arm-none-eabi/lib/armv7e-m\libc.a(lib_a-__atexit.o)
 .ARM.attributes
                0x00000990       0x2e c:/program files (x86)/atmel/studio/7.0/toolchain/arm/arm-gnu-toolchain/bin/../lib/gcc/arm-none-eabi/4.9.3/../../../../arm-none-eabi/lib/armv7e-m\libc.a(lib_a-callocr.o)
 .ARM.attributes
                0x000009be       0x2e c:/program files (x86)/atmel/studio/7.0/toolchain/arm/arm-gnu-toolchain/bin/../lib/gcc/arm-none-eabi/4.9.3/../../../../arm-none-eabi/lib/armv7e-m\libc.a(lib_a-closer.o)
 .ARM.attributes
                0x000009ec       0x2e c:/program files (x86)/atmel/studio/7.0/toolchain/arm/arm-gnu-toolchain/bin/../lib/gcc/arm-none-eabi/4.9.3/../../../../arm-none-eabi/lib/armv7e-m\libc.a(lib_a-fclose.o)
 .ARM.attributes
                0x00000a1a       0x2e c:/program files (x86)/atmel/studio/7.0/toolchain/arm/arm-gnu-toolchain/bin/../lib/gcc/arm-none-eabi/4.9.3/../../../../arm-none-eabi/lib/armv7e-m\libc.a(lib_a-lseekr.o)
 .ARM.attributes
                0x00000a48       0x2e c:/program files (x86)/atmel/studio/7.0/toolchain/arm/arm-gnu-toolchain/bin/../lib/gcc/arm-none-eabi/4.9.3/../../../../arm-none-eabi/lib/armv7e-m\libc.a(lib_a-readr.o)
 .ARM.attributes
                0x00000a76       0x2e c:/program files (x86)/atmel/studio/7.0/toolchain/arm/arm-gnu-toolchain/bin/../lib/gcc/arm-none-eabi/4.9.3/../../../../arm-none-eabi/lib/armv7e-m\libc.a(lib_a-reent.o)
 .ARM.attributes
                0x00000aa4       0x1e c:/program files (x86)/atmel/studio/7.0/toolchain/arm/arm-gnu-toolchain/bin/../lib/gcc/arm-none-eabi/4.9.3/armv7e-m\libgcc.a(_arm_addsubdf3.o)
 .ARM.attributes
                0x00000ac2       0x1e c:/program files (x86)/atmel/studio/7.0/toolchain/arm/arm-gnu-toolchain/bin/../lib/gcc/arm-none-eabi/4.9.3/armv7e-m\libgcc.a(_arm_muldivdf3.o)
 .ARM.attributes
                0x00000ae0       0x1e c:/program files (x86)/atmel/studio/7.0/toolchain/arm/arm-gnu-toolchain/bin/../lib/gcc/arm-none-eabi/4.9.3/armv7e-m\libgcc.a(_arm_cmpdf2.o)
 .ARM.attributes
                0x00000afe       0x1e c:/program files (x86)/atmel/studio/7.0/toolchain/arm/arm-gnu-toolchain/bin/../lib/gcc/arm-none-eabi/4.9.3/armv7e-m\libgcc.a(_arm_fixdfsi.o)
 .ARM.attributes
                0x00000b1c       0x1e c:/program files (x86)/atmel/studio/7.0/toolchain/arm/arm-gnu-toolchain/bin/../lib/gcc/arm-none-eabi/4.9.3/armv7e-m\libgcc.a(_aeabi_uldivmod.o)
 .ARM.attributes
                0x00000b3a       0x2e c:/program files (x86)/atmel/studio/7.0/toolchain/arm/arm-gnu-toolchain/bin/../lib/gcc/arm-none-eabi/4.9.3/armv7e-m\libgcc.a(bpabi.o)
 .ARM.attributes
                0x00000b68       0x1e c:/program files (x86)/atmel/studio/7.0/toolchain/arm/arm-gnu-toolchain/bin/../lib/gcc/arm-none-eabi/4.9.3/armv7e-m\libgcc.a(_dvmd_tls.o)
 .ARM.attributes
                0x00000b86       0x2e c:/program files (x86)/atmel/studio/7.0/toolchain/arm/arm-gnu-toolchain/bin/../lib/gcc/arm-none-eabi/4.9.3/armv7e-m\libgcc.a(_divdi3.o)
 .ARM.attributes
                0x00000bb4       0x2e c:/program files (x86)/atmel/studio/7.0/toolchain/arm/arm-gnu-toolchain/bin/../lib/gcc/arm-none-eabi/4.9.3/armv7e-m\libgcc.a(_udivdi3.o)
 .ARM.attributes
                0x00000be2       0x1e c:/program files (x86)/atmel/studio/7.0/toolchain/arm/arm-gnu-toolchain/bin/../lib/gcc/arm-none-eabi/4.9.3/armv7e-m/crtn.o

.comment        0x00000000       0x5b
 .comment       0x00000000       0x5b src/ASF/common/services/delay/sam/cycle_counter.o
                                 0x5c (size before relaxing)
 .comment       0x00000000       0x5c src/ASF/sam/drivers/tc/tc.o
 .comment       0x00000000       0x5c src/ASF/common/services/clock/sam4s/sysclk.o
 .comment       0x00000000       0x5c src/ASF/common/utils/stdio/read.o
 .comment       0x00000000       0x5c src/ASF/common/utils/stdio/write.o
 .comment       0x00000000       0x5c src/ASF/sam/boards/sam4s_ek2/init.o
 .comment       0x00000000       0x5c src/ASF/sam/components/display/aat31xx/aat31xx.o
 .comment       0x00000000       0x5c src/ASF/sam/components/display/ili93xx/ili93xx.o
 .comment       0x00000000       0x5c src/ASF/sam/drivers/ebi/smc/smc.o
 .comment       0x00000000       0x5c src/ASF/sam/drivers/pio/pio.o
 .comment       0x00000000       0x5c src/ASF/sam/drivers/pio/pio_handler.o
 .comment       0x00000000       0x5c src/ASF/sam/drivers/pmc/pmc.o
 .comment       0x00000000       0x5c src/ASF/sam/drivers/uart/uart.o
 .comment       0x00000000       0x5c src/ASF/sam/drivers/usart/usart.o
 .comment       0x00000000       0x5c src/ASF/sam/utils/cmsis/sam4s/source/templates/gcc/startup_sam4s.o
 .comment       0x00000000       0x5c src/ASF/sam/utils/cmsis/sam4s/source/templates/system_sam4s.o
 .comment       0x00000000       0x5c src/ASF/sam/utils/syscalls/gcc/syscalls.o
 .comment       0x00000000       0x5c src/ili93xx_example.o

.debug_info     0x00000000     0xe652
 .debug_info    0x00000000      0x134 src/ASF/common/services/delay/sam/cycle_counter.o
 .debug_info    0x00000134      0x933 src/ASF/sam/drivers/tc/tc.o
 .debug_info    0x00000a67      0x736 src/ASF/common/services/clock/sam4s/sysclk.o
 .debug_info    0x0000119d      0x1be src/ASF/common/utils/stdio/read.o
 .debug_info    0x0000135b      0x1c0 src/ASF/common/utils/stdio/write.o
 .debug_info    0x0000151b      0x980 src/ASF/sam/boards/sam4s_ek2/init.o
 .debug_info    0x00001e9b      0x8a6 src/ASF/sam/components/display/aat31xx/aat31xx.o
 .debug_info    0x00002741     0x2aa4 src/ASF/sam/components/display/ili93xx/ili93xx.o
 .debug_info    0x000051e5      0x3dd src/ASF/sam/drivers/ebi/smc/smc.o
 .debug_info    0x000055c2     0x1951 src/ASF/sam/drivers/pio/pio.o
 .debug_info    0x00006f13      0xf77 src/ASF/sam/drivers/pio/pio_handler.o
 .debug_info    0x00007e8a     0x10d2 src/ASF/sam/drivers/pmc/pmc.o
 .debug_info    0x00008f5c      0x863 src/ASF/sam/drivers/uart/uart.o
 .debug_info    0x000097bf     0x1775 src/ASF/sam/drivers/usart/usart.o
 .debug_info    0x0000af34      0x68d src/ASF/sam/utils/cmsis/sam4s/source/templates/gcc/startup_sam4s.o
 .debug_info    0x0000b5c1      0x469 src/ASF/sam/utils/cmsis/sam4s/source/templates/system_sam4s.o
 .debug_info    0x0000ba2a      0x43f src/ASF/sam/utils/syscalls/gcc/syscalls.o
 .debug_info    0x0000be69     0x27e9 src/ili93xx_example.o

.debug_abbrev   0x00000000     0x2325
 .debug_abbrev  0x00000000       0x9d src/ASF/common/services/delay/sam/cycle_counter.o
 .debug_abbrev  0x0000009d      0x1ca src/ASF/sam/drivers/tc/tc.o
 .debug_abbrev  0x00000267      0x221 src/ASF/common/services/clock/sam4s/sysclk.o
 .debug_abbrev  0x00000488      0x101 src/ASF/common/utils/stdio/read.o
 .debug_abbrev  0x00000589       0xf5 src/ASF/common/utils/stdio/write.o
 .debug_abbrev  0x0000067e      0x17c src/ASF/sam/boards/sam4s_ek2/init.o
 .debug_abbrev  0x000007fa      0x1d2 src/ASF/sam/components/display/aat31xx/aat31xx.o
 .debug_abbrev  0x000009cc      0x39f src/ASF/sam/components/display/ili93xx/ili93xx.o
 .debug_abbrev  0x00000d6b      0x113 src/ASF/sam/drivers/ebi/smc/smc.o
 .debug_abbrev  0x00000e7e      0x30b src/ASF/sam/drivers/pio/pio.o
 .debug_abbrev  0x00001189      0x280 src/ASF/sam/drivers/pio/pio_handler.o
 .debug_abbrev  0x00001409      0x277 src/ASF/sam/drivers/pmc/pmc.o
 .debug_abbrev  0x00001680      0x1bd src/ASF/sam/drivers/uart/uart.o
 .debug_abbrev  0x0000183d      0x318 src/ASF/sam/drivers/usart/usart.o
 .debug_abbrev  0x00001b55      0x168 src/ASF/sam/utils/cmsis/sam4s/source/templates/gcc/startup_sam4s.o
 .debug_abbrev  0x00001cbd       0xf5 src/ASF/sam/utils/cmsis/sam4s/source/templates/system_sam4s.o
 .debug_abbrev  0x00001db2      0x14e src/ASF/sam/utils/syscalls/gcc/syscalls.o
 .debug_abbrev  0x00001f00      0x425 src/ili93xx_example.o

.debug_aranges  0x00000000      0xb68
 .debug_aranges
                0x00000000       0x20 src/ASF/common/services/delay/sam/cycle_counter.o
 .debug_aranges
                0x00000020       0xd0 src/ASF/sam/drivers/tc/tc.o
 .debug_aranges
                0x000000f0       0x30 src/ASF/common/services/clock/sam4s/sysclk.o
 .debug_aranges
                0x00000120       0x20 src/ASF/common/utils/stdio/read.o
 .debug_aranges
                0x00000140       0x20 src/ASF/common/utils/stdio/write.o
 .debug_aranges
                0x00000160       0x20 src/ASF/sam/boards/sam4s_ek2/init.o
 .debug_aranges
                0x00000180       0x28 src/ASF/sam/components/display/aat31xx/aat31xx.o
 .debug_aranges
                0x000001a8      0x170 src/ASF/sam/components/display/ili93xx/ili93xx.o
 .debug_aranges
                0x00000318       0x50 src/ASF/sam/drivers/ebi/smc/smc.o
 .debug_aranges
                0x00000368      0x1a8 src/ASF/sam/drivers/pio/pio.o
 .debug_aranges
                0x00000510       0x58 src/ASF/sam/drivers/pio/pio_handler.o
 .debug_aranges
                0x00000568      0x208 src/ASF/sam/drivers/pmc/pmc.o
 .debug_aranges
                0x00000770       0xe8 src/ASF/sam/drivers/uart/uart.o
 .debug_aranges
                0x00000858      0x210 src/ASF/sam/drivers/usart/usart.o
 .debug_aranges
                0x00000a68       0x28 src/ASF/sam/utils/cmsis/sam4s/source/templates/gcc/startup_sam4s.o
 .debug_aranges
                0x00000a90       0x30 src/ASF/sam/utils/cmsis/sam4s/source/templates/system_sam4s.o
 .debug_aranges
                0x00000ac0       0x60 src/ASF/sam/utils/syscalls/gcc/syscalls.o
 .debug_aranges
                0x00000b20       0x48 src/ili93xx_example.o

.debug_ranges   0x00000000      0xb00
 .debug_ranges  0x00000000       0x10 src/ASF/common/services/delay/sam/cycle_counter.o
 .debug_ranges  0x00000010       0xc0 src/ASF/sam/drivers/tc/tc.o
 .debug_ranges  0x000000d0       0x20 src/ASF/common/services/clock/sam4s/sysclk.o
 .debug_ranges  0x000000f0       0x10 src/ASF/common/utils/stdio/read.o
 .debug_ranges  0x00000100       0x10 src/ASF/common/utils/stdio/write.o
 .debug_ranges  0x00000110       0x10 src/ASF/sam/boards/sam4s_ek2/init.o
 .debug_ranges  0x00000120       0x30 src/ASF/sam/components/display/aat31xx/aat31xx.o
 .debug_ranges  0x00000150      0x200 src/ASF/sam/components/display/ili93xx/ili93xx.o
 .debug_ranges  0x00000350       0x40 src/ASF/sam/drivers/ebi/smc/smc.o
 .debug_ranges  0x00000390      0x198 src/ASF/sam/drivers/pio/pio.o
 .debug_ranges  0x00000528       0x48 src/ASF/sam/drivers/pio/pio_handler.o
 .debug_ranges  0x00000570      0x1f8 src/ASF/sam/drivers/pmc/pmc.o
 .debug_ranges  0x00000768       0xd8 src/ASF/sam/drivers/uart/uart.o
 .debug_ranges  0x00000840      0x200 src/ASF/sam/drivers/usart/usart.o
 .debug_ranges  0x00000a40       0x18 src/ASF/sam/utils/cmsis/sam4s/source/templates/gcc/startup_sam4s.o
 .debug_ranges  0x00000a58       0x20 src/ASF/sam/utils/cmsis/sam4s/source/templates/system_sam4s.o
 .debug_ranges  0x00000a78       0x50 src/ASF/sam/utils/syscalls/gcc/syscalls.o
 .debug_ranges  0x00000ac8       0x38 src/ili93xx_example.o

.debug_macro    0x00000000    0x150ac
 .debug_macro   0x00000000      0x4b7 src/ASF/common/services/delay/sam/cycle_counter.o
 .debug_macro   0x000004b7      0x89e src/ASF/common/services/delay/sam/cycle_counter.o
 .debug_macro   0x00000d55      0x166 src/ASF/common/services/delay/sam/cycle_counter.o
 .debug_macro   0x00000ebb      0x636 src/ASF/common/services/delay/sam/cycle_counter.o
 .debug_macro   0x000014f1       0x76 src/ASF/common/services/delay/sam/cycle_counter.o
 .debug_macro   0x00001567       0x16 src/ASF/common/services/delay/sam/cycle_counter.o
 .debug_macro   0x0000157d      0x6e4 src/ASF/common/services/delay/sam/cycle_counter.o
 .debug_macro   0x00001c61       0x22 src/ASF/common/services/delay/sam/cycle_counter.o
 .debug_macro   0x00001c83       0x44 src/ASF/common/services/delay/sam/cycle_counter.o
 .debug_macro   0x00001cc7       0x58 src/ASF/common/services/delay/sam/cycle_counter.o
 .debug_macro   0x00001d1f       0x22 src/ASF/common/services/delay/sam/cycle_counter.o
 .debug_macro   0x00001d41      0x1df src/ASF/common/services/delay/sam/cycle_counter.o
 .debug_macro   0x00001f20       0x27 src/ASF/common/services/delay/sam/cycle_counter.o
 .debug_macro   0x00001f47       0x3b src/ASF/common/services/delay/sam/cycle_counter.o
 .debug_macro   0x00001f82       0x2d src/ASF/common/services/delay/sam/cycle_counter.o
 .debug_macro   0x00001faf       0x26 src/ASF/common/services/delay/sam/cycle_counter.o
 .debug_macro   0x00001fd5      0xbbf src/ASF/common/services/delay/sam/cycle_counter.o
 .debug_macro   0x00002b94      0x159 src/ASF/common/services/delay/sam/cycle_counter.o
 .debug_macro   0x00002ced      0xaaf src/ASF/common/services/delay/sam/cycle_counter.o
 .debug_macro   0x0000379c      0x284 src/ASF/common/services/delay/sam/cycle_counter.o
 .debug_macro   0x00003a20      0x11e src/ASF/common/services/delay/sam/cycle_counter.o
 .debug_macro   0x00003b3e       0xac src/ASF/common/services/delay/sam/cycle_counter.o
 .debug_macro   0x00003bea      0x401 src/ASF/common/services/delay/sam/cycle_counter.o
 .debug_macro   0x00003feb      0x106 src/ASF/common/services/delay/sam/cycle_counter.o
 .debug_macro   0x000040f1       0x1c src/ASF/common/services/delay/sam/cycle_counter.o
 .debug_macro   0x0000410d      0x738 src/ASF/common/services/delay/sam/cycle_counter.o
 .debug_macro   0x00004845      0x2d2 src/ASF/common/services/delay/sam/cycle_counter.o
 .debug_macro   0x00004b17       0xbe src/ASF/common/services/delay/sam/cycle_counter.o
 .debug_macro   0x00004bd5     0x280b src/ASF/common/services/delay/sam/cycle_counter.o
 .debug_macro   0x000073e0      0x777 src/ASF/common/services/delay/sam/cycle_counter.o
 .debug_macro   0x00007b57      0xa8e src/ASF/common/services/delay/sam/cycle_counter.o
 .debug_macro   0x000085e5       0x9a src/ASF/common/services/delay/sam/cycle_counter.o
 .debug_macro   0x0000867f      0x3d8 src/ASF/common/services/delay/sam/cycle_counter.o
 .debug_macro   0x00008a57       0x64 src/ASF/common/services/delay/sam/cycle_counter.o
 .debug_macro   0x00008abb      0x1ae src/ASF/common/services/delay/sam/cycle_counter.o
 .debug_macro   0x00008c69      0x386 src/ASF/common/services/delay/sam/cycle_counter.o
 .debug_macro   0x00008fef      0x624 src/ASF/common/services/delay/sam/cycle_counter.o
 .debug_macro   0x00009613      0x690 src/ASF/common/services/delay/sam/cycle_counter.o
 .debug_macro   0x00009ca3      0x59f src/ASF/common/services/delay/sam/cycle_counter.o
 .debug_macro   0x0000a242      0x34d src/ASF/common/services/delay/sam/cycle_counter.o
 .debug_macro   0x0000a58f      0x28c src/ASF/common/services/delay/sam/cycle_counter.o
 .debug_macro   0x0000a81b      0x2d6 src/ASF/common/services/delay/sam/cycle_counter.o
 .debug_macro   0x0000aaf1      0x6d9 src/ASF/common/services/delay/sam/cycle_counter.o
 .debug_macro   0x0000b1ca       0x76 src/ASF/common/services/delay/sam/cycle_counter.o
 .debug_macro   0x0000b240       0xb8 src/ASF/common/services/delay/sam/cycle_counter.o
 .debug_macro   0x0000b2f8       0xb2 src/ASF/common/services/delay/sam/cycle_counter.o
 .debug_macro   0x0000b3aa       0x88 src/ASF/common/services/delay/sam/cycle_counter.o
 .debug_macro   0x0000b432      0x105 src/ASF/common/services/delay/sam/cycle_counter.o
 .debug_macro   0x0000b537      0x105 src/ASF/common/services/delay/sam/cycle_counter.o
 .debug_macro   0x0000b63c       0x88 src/ASF/common/services/delay/sam/cycle_counter.o
 .debug_macro   0x0000b6c4       0x88 src/ASF/common/services/delay/sam/cycle_counter.o
 .debug_macro   0x0000b74c      0x2cd src/ASF/common/services/delay/sam/cycle_counter.o
 .debug_macro   0x0000ba19       0xb2 src/ASF/common/services/delay/sam/cycle_counter.o
 .debug_macro   0x0000bacb       0xb2 src/ASF/common/services/delay/sam/cycle_counter.o
 .debug_macro   0x0000bb7d       0x52 src/ASF/common/services/delay/sam/cycle_counter.o
 .debug_macro   0x0000bbcf       0xac src/ASF/common/services/delay/sam/cycle_counter.o
 .debug_macro   0x0000bc7b       0x7c src/ASF/common/services/delay/sam/cycle_counter.o
 .debug_macro   0x0000bcf7       0x40 src/ASF/common/services/delay/sam/cycle_counter.o
 .debug_macro   0x0000bd37       0x64 src/ASF/common/services/delay/sam/cycle_counter.o
 .debug_macro   0x0000bd9b       0x46 src/ASF/common/services/delay/sam/cycle_counter.o
 .debug_macro   0x0000bde1       0x88 src/ASF/common/services/delay/sam/cycle_counter.o
 .debug_macro   0x0000be69       0x4c src/ASF/common/services/delay/sam/cycle_counter.o
 .debug_macro   0x0000beb5       0xa6 src/ASF/common/services/delay/sam/cycle_counter.o
 .debug_macro   0x0000bf5b       0x7c src/ASF/common/services/delay/sam/cycle_counter.o
 .debug_macro   0x0000bfd7       0x16 src/ASF/common/services/delay/sam/cycle_counter.o
 .debug_macro   0x0000bfed       0x7c src/ASF/common/services/delay/sam/cycle_counter.o
 .debug_macro   0x0000c069       0x22 src/ASF/common/services/delay/sam/cycle_counter.o
 .debug_macro   0x0000c08b       0x22 src/ASF/common/services/delay/sam/cycle_counter.o
 .debug_macro   0x0000c0ad      0x195 src/ASF/common/services/delay/sam/cycle_counter.o
 .debug_macro   0x0000c242      0x165 src/ASF/common/services/delay/sam/cycle_counter.o
 .debug_macro   0x0000c3a7      0x165 src/ASF/common/services/delay/sam/cycle_counter.o
 .debug_macro   0x0000c50c       0x1c src/ASF/common/services/delay/sam/cycle_counter.o
 .debug_macro   0x0000c528       0x2e src/ASF/common/services/delay/sam/cycle_counter.o
 .debug_macro   0x0000c556       0x22 src/ASF/common/services/delay/sam/cycle_counter.o
 .debug_macro   0x0000c578       0x1c src/ASF/common/services/delay/sam/cycle_counter.o
 .debug_macro   0x0000c594       0x52 src/ASF/common/services/delay/sam/cycle_counter.o
 .debug_macro   0x0000c5e6       0x10 src/ASF/common/services/delay/sam/cycle_counter.o
 .debug_macro   0x0000c5f6      0x234 src/ASF/common/services/delay/sam/cycle_counter.o
 .debug_macro   0x0000c82a      0x938 src/ASF/common/services/delay/sam/cycle_counter.o
 .debug_macro   0x0000d162      0x12a src/ASF/common/services/delay/sam/cycle_counter.o
 .debug_macro   0x0000d28c       0x58 src/ASF/common/services/delay/sam/cycle_counter.o
 .debug_macro   0x0000d2e4       0x35 src/ASF/common/services/delay/sam/cycle_counter.o
 .debug_macro   0x0000d319       0x9c src/ASF/common/services/delay/sam/cycle_counter.o
 .debug_macro   0x0000d3b5       0x16 src/ASF/common/services/delay/sam/cycle_counter.o
 .debug_macro   0x0000d3cb       0x35 src/ASF/common/services/delay/sam/cycle_counter.o
 .debug_macro   0x0000d400      0x29d src/ASF/common/services/delay/sam/cycle_counter.o
 .debug_macro   0x0000d69d       0x10 src/ASF/common/services/delay/sam/cycle_counter.o
 .debug_macro   0x0000d6ad       0x52 src/ASF/common/services/delay/sam/cycle_counter.o
 .debug_macro   0x0000d6ff       0x16 src/ASF/common/services/delay/sam/cycle_counter.o
 .debug_macro   0x0000d715       0x43 src/ASF/common/services/delay/sam/cycle_counter.o
 .debug_macro   0x0000d758      0x180 src/ASF/common/services/delay/sam/cycle_counter.o
 .debug_macro   0x0000d8d8       0x10 src/ASF/common/services/delay/sam/cycle_counter.o
 .debug_macro   0x0000d8e8       0x22 src/ASF/common/services/delay/sam/cycle_counter.o
 .debug_macro   0x0000d90a       0xbe src/ASF/common/services/delay/sam/cycle_counter.o
 .debug_macro   0x0000d9c8       0x16 src/ASF/common/services/delay/sam/cycle_counter.o
 .debug_macro   0x0000d9de      0x197 src/ASF/common/services/delay/sam/cycle_counter.o
 .debug_macro   0x0000db75       0x22 src/ASF/common/services/delay/sam/cycle_counter.o
 .debug_macro   0x0000db97       0x16 src/ASF/common/services/delay/sam/cycle_counter.o
 .debug_macro   0x0000dbad       0x16 src/ASF/common/services/delay/sam/cycle_counter.o
 .debug_macro   0x0000dbc3       0x29 src/ASF/common/services/delay/sam/cycle_counter.o
 .debug_macro   0x0000dbec       0x6e src/ASF/common/services/delay/sam/cycle_counter.o
 .debug_macro   0x0000dc5a       0x3f src/ASF/common/services/delay/sam/cycle_counter.o
 .debug_macro   0x0000dc99      0x3ca src/ASF/common/services/delay/sam/cycle_counter.o
 .debug_macro   0x0000e063       0x22 src/ASF/common/services/delay/sam/cycle_counter.o
 .debug_macro   0x0000e085      0x4be src/ASF/sam/drivers/tc/tc.o
 .debug_macro   0x0000e543       0x16 src/ASF/sam/drivers/tc/tc.o
 .debug_macro   0x0000e559       0x4a src/ASF/sam/drivers/tc/tc.o
 .debug_macro   0x0000e5a3       0x1c src/ASF/sam/drivers/tc/tc.o
 .debug_macro   0x0000e5bf      0x522 src/ASF/common/services/clock/sam4s/sysclk.o
 .debug_macro   0x0000eae1       0x28 src/ASF/common/services/clock/sam4s/sysclk.o
 .debug_macro   0x0000eb09      0x288 src/ASF/common/services/clock/sam4s/sysclk.o
 .debug_macro   0x0000ed91      0xa49 src/ASF/common/services/clock/sam4s/sysclk.o
 .debug_macro   0x0000f7da       0x58 src/ASF/common/services/clock/sam4s/sysclk.o
 .debug_macro   0x0000f832       0x64 src/ASF/common/services/clock/sam4s/sysclk.o
 .debug_macro   0x0000f896       0x46 src/ASF/common/services/clock/sam4s/sysclk.o
 .debug_macro   0x0000f8dc       0x90 src/ASF/common/services/clock/sam4s/sysclk.o
 .debug_macro   0x0000f96c      0x4a8 src/ASF/common/utils/stdio/read.o
 .debug_macro   0x0000fe14      0x4a8 src/ASF/common/utils/stdio/write.o
 .debug_macro   0x000102bc      0x561 src/ASF/sam/boards/sam4s_ek2/init.o
 .debug_macro   0x0001081d       0x22 src/ASF/sam/boards/sam4s_ek2/init.o
 .debug_macro   0x0001083f       0x94 src/ASF/sam/boards/sam4s_ek2/init.o
 .debug_macro   0x000108d3       0x40 src/ASF/sam/boards/sam4s_ek2/init.o
 .debug_macro   0x00010913       0x82 src/ASF/sam/boards/sam4s_ek2/init.o
 .debug_macro   0x00010995      0x570 src/ASF/sam/components/display/aat31xx/aat31xx.o
 .debug_macro   0x00010f05       0x16 src/ASF/sam/components/display/aat31xx/aat31xx.o
 .debug_macro   0x00010f1b      0x510 src/ASF/sam/components/display/ili93xx/ili93xx.o
 .debug_macro   0x0001142b       0x10 src/ASF/sam/components/display/ili93xx/ili93xx.o
 .debug_macro   0x0001143b      0x14f src/ASF/sam/components/display/ili93xx/ili93xx.o
 .debug_macro   0x0001158a      0x287 src/ASF/sam/components/display/ili93xx/ili93xx.o
 .debug_macro   0x00011811      0x7ed src/ASF/sam/components/display/ili93xx/ili93xx.o
 .debug_macro   0x00011ffe      0x4d5 src/ASF/sam/drivers/ebi/smc/smc.o
 .debug_macro   0x000124d3      0x4bd src/ASF/sam/drivers/pio/pio.o
 .debug_macro   0x00012990       0x8e src/ASF/sam/drivers/pio/pio.o
 .debug_macro   0x00012a1e      0x4c7 src/ASF/sam/drivers/pio/pio_handler.o
 .debug_macro   0x00012ee5      0x4bd src/ASF/sam/drivers/pmc/pmc.o
 .debug_macro   0x000133a2       0x52 src/ASF/sam/drivers/pmc/pmc.o
 .debug_macro   0x000133f4      0x4b7 src/ASF/sam/drivers/uart/uart.o
 .debug_macro   0x000138ab       0x16 src/ASF/sam/drivers/uart/uart.o
 .debug_macro   0x000138c1      0x4ed src/ASF/sam/drivers/usart/usart.o
 .debug_macro   0x00013dae       0x28 src/ASF/sam/drivers/usart/usart.o
 .debug_macro   0x00013dd6      0x316 src/ASF/sam/utils/cmsis/sam4s/source/templates/gcc/startup_sam4s.o
 .debug_macro   0x000140ec      0x31e src/ASF/sam/utils/cmsis/sam4s/source/templates/system_sam4s.o
 .debug_macro   0x0001440a      0x169 src/ASF/sam/utils/syscalls/gcc/syscalls.o
 .debug_macro   0x00014573       0x97 src/ASF/sam/utils/syscalls/gcc/syscalls.o
 .debug_macro   0x0001460a       0xef src/ASF/sam/utils/syscalls/gcc/syscalls.o
 .debug_macro   0x000146f9       0x52 src/ASF/sam/utils/syscalls/gcc/syscalls.o
 .debug_macro   0x0001474b       0x16 src/ASF/sam/utils/syscalls/gcc/syscalls.o
 .debug_macro   0x00014761       0x10 src/ASF/sam/utils/syscalls/gcc/syscalls.o
 .debug_macro   0x00014771       0x10 src/ASF/sam/utils/syscalls/gcc/syscalls.o
 .debug_macro   0x00014781       0x10 src/ASF/sam/utils/syscalls/gcc/syscalls.o
 .debug_macro   0x00014791       0x35 src/ASF/sam/utils/syscalls/gcc/syscalls.o
 .debug_macro   0x000147c6      0x122 src/ASF/sam/utils/syscalls/gcc/syscalls.o
 .debug_macro   0x000148e8      0x6e1 src/ili93xx_example.o
 .debug_macro   0x00014fc9       0x28 src/ili93xx_example.o
 .debug_macro   0x00014ff1       0x23 src/ili93xx_example.o
 .debug_macro   0x00015014       0x88 src/ili93xx_example.o
 .debug_macro   0x0001509c       0x10 src/ili93xx_example.o

.debug_line     0x00000000     0xd4da
 .debug_line    0x00000000      0xa31 src/ASF/common/services/delay/sam/cycle_counter.o
 .debug_line    0x00000a31      0xbca src/ASF/sam/drivers/tc/tc.o
 .debug_line    0x000015fb      0xb5d src/ASF/common/services/clock/sam4s/sysclk.o
 .debug_line    0x00002158      0xa32 src/ASF/common/utils/stdio/read.o
 .debug_line    0x00002b8a      0xa28 src/ASF/common/utils/stdio/write.o
 .debug_line    0x000035b2      0xc22 src/ASF/sam/boards/sam4s_ek2/init.o
 .debug_line    0x000041d4      0xc2f src/ASF/sam/components/display/aat31xx/aat31xx.o
 .debug_line    0x00004e03     0x1233 src/ASF/sam/components/display/ili93xx/ili93xx.o
 .debug_line    0x00006036      0xad5 src/ASF/sam/drivers/ebi/smc/smc.o
 .debug_line    0x00006b0b      0xeb9 src/ASF/sam/drivers/pio/pio.o
 .debug_line    0x000079c4      0xade src/ASF/sam/drivers/pio/pio_handler.o
 .debug_line    0x000084a2      0xfe5 src/ASF/sam/drivers/pmc/pmc.o
 .debug_line    0x00009487      0xbe0 src/ASF/sam/drivers/uart/uart.o
 .debug_line    0x0000a067      0xf9e src/ASF/sam/drivers/usart/usart.o
 .debug_line    0x0000b005      0x87d src/ASF/sam/utils/cmsis/sam4s/source/templates/gcc/startup_sam4s.o
 .debug_line    0x0000b882      0x897 src/ASF/sam/utils/cmsis/sam4s/source/templates/system_sam4s.o
 .debug_line    0x0000c119      0x399 src/ASF/sam/utils/syscalls/gcc/syscalls.o
 .debug_line    0x0000c4b2     0x1028 src/ili93xx_example.o

.debug_str      0x00000000    0x59297
 .debug_str     0x00000000    0x49a51 src/ASF/common/services/delay/sam/cycle_counter.o
                              0x49d9f (size before relaxing)
 .debug_str     0x00049a51      0x3aa src/ASF/sam/drivers/tc/tc.o
                              0x49f8a (size before relaxing)
 .debug_str     0x00049dfb     0x4c53 src/ASF/common/services/clock/sam4s/sysclk.o
                              0x4e88d (size before relaxing)
 .debug_str     0x0004ea4e       0x3f src/ASF/common/utils/stdio/read.o
                              0x49c2a (size before relaxing)
 .debug_str     0x0004ea8d       0x2e src/ASF/common/utils/stdio/write.o
                              0x49c2c (size before relaxing)
 .debug_str     0x0004eabb      0xbd1 src/ASF/sam/boards/sam4s_ek2/init.o
                              0x4f1d1 (size before relaxing)
 .debug_str     0x0004f68c      0x224 src/ASF/sam/components/display/aat31xx/aat31xx.o
                              0x4ed3c (size before relaxing)
 .debug_str     0x0004f8b0     0x6557 src/ASF/sam/components/display/ili93xx/ili93xx.o
                              0x542e4 (size before relaxing)
 .debug_str     0x00055e07      0x188 src/ASF/sam/drivers/ebi/smc/smc.o
                              0x4de0a (size before relaxing)
 .debug_str     0x00055f8f      0x5a6 src/ASF/sam/drivers/pio/pio.o
                              0x4a83f (size before relaxing)
 .debug_str     0x00056535      0x40b src/ASF/sam/drivers/pio/pio_handler.o
                              0x4a6ba (size before relaxing)
 .debug_str     0x00056940      0x6d4 src/ASF/sam/drivers/pmc/pmc.o
                              0x4a68e (size before relaxing)
 .debug_str     0x00057014      0x338 src/ASF/sam/drivers/uart/uart.o
                              0x49fde (size before relaxing)
 .debug_str     0x0005734c      0x949 src/ASF/sam/drivers/usart/usart.o
                              0x4a624 (size before relaxing)
 .debug_str     0x00057c95      0x40e src/ASF/sam/utils/cmsis/sam4s/source/templates/gcc/startup_sam4s.o
                              0x3b49a (size before relaxing)
 .debug_str     0x000580a3       0xf1 src/ASF/sam/utils/cmsis/sam4s/source/templates/system_sam4s.o
                              0x3b263 (size before relaxing)
 .debug_str     0x00058194      0x852 src/ASF/sam/utils/syscalls/gcc/syscalls.o
                               0x612e (size before relaxing)
 .debug_str     0x000589e6      0x8b1 src/ili93xx_example.o
                              0x56204 (size before relaxing)

.debug_frame    0x00000000     0x2748
 .debug_frame   0x00000000       0x20 src/ASF/common/services/delay/sam/cycle_counter.o
 .debug_frame   0x00000020      0x1a4 src/ASF/sam/drivers/tc/tc.o
 .debug_frame   0x000001c4       0x58 src/ASF/common/services/clock/sam4s/sysclk.o
 .debug_frame   0x0000021c       0x38 src/ASF/common/utils/stdio/read.o
 .debug_frame   0x00000254       0x48 src/ASF/common/utils/stdio/write.o
 .debug_frame   0x0000029c       0x2c src/ASF/sam/boards/sam4s_ek2/init.o
 .debug_frame   0x000002c8       0x50 src/ASF/sam/components/display/aat31xx/aat31xx.o
 .debug_frame   0x00000318      0x4d4 src/ASF/sam/components/display/ili93xx/ili93xx.o
 .debug_frame   0x000007ec       0x80 src/ASF/sam/drivers/ebi/smc/smc.o
 .debug_frame   0x0000086c      0x38c src/ASF/sam/drivers/pio/pio.o
 .debug_frame   0x00000bf8       0xf4 src/ASF/sam/drivers/pio/pio_handler.o
 .debug_frame   0x00000cec      0x46c src/ASF/sam/drivers/pmc/pmc.o
 .debug_frame   0x00001158      0x1bc src/ASF/sam/drivers/uart/uart.o
 .debug_frame   0x00001314      0x48c src/ASF/sam/drivers/usart/usart.o
 .debug_frame   0x000017a0       0x38 src/ASF/sam/utils/cmsis/sam4s/source/templates/gcc/startup_sam4s.o
 .debug_frame   0x000017d8       0x40 src/ASF/sam/utils/cmsis/sam4s/source/templates/system_sam4s.o
 .debug_frame   0x00001818       0xa8 src/ASF/sam/utils/syscalls/gcc/syscalls.o
 .debug_frame   0x000018c0       0xc8 src/ili93xx_example.o
 .debug_frame   0x00001988       0x2c c:/program files (x86)/atmel/studio/7.0/toolchain/arm/arm-gnu-toolchain/bin/../lib/gcc/arm-none-eabi/4.9.3/../../../../arm-none-eabi/lib/armv7e-m\libc.a(lib_a-init.o)
 .debug_frame   0x000019b4       0x34 c:/program files (x86)/atmel/studio/7.0/toolchain/arm/arm-gnu-toolchain/bin/../lib/gcc/arm-none-eabi/4.9.3/../../../../arm-none-eabi/lib/armv7e-m\libc.a(lib_a-memset.o)
 .debug_frame   0x000019e8       0x3c c:/program files (x86)/atmel/studio/7.0/toolchain/arm/arm-gnu-toolchain/bin/../lib/gcc/arm-none-eabi/4.9.3/../../../../arm-none-eabi/lib/armv7e-m\libc.a(lib_a-rand.o)
 .debug_frame   0x00001a24       0x20 c:/program files (x86)/atmel/studio/7.0/toolchain/arm/arm-gnu-toolchain/bin/../lib/gcc/arm-none-eabi/4.9.3/../../../../arm-none-eabi/lib/armv7e-m\libc.a(lib_a-setbuf.o)
 .debug_frame   0x00001a44       0x30 c:/program files (x86)/atmel/studio/7.0/toolchain/arm/arm-gnu-toolchain/bin/../lib/gcc/arm-none-eabi/4.9.3/../../../../arm-none-eabi/lib/armv7e-m\libc.a(lib_a-setvbuf.o)
 .debug_frame   0x00001a74       0x84 c:/program files (x86)/atmel/studio/7.0/toolchain/arm/arm-gnu-toolchain/bin/../lib/gcc/arm-none-eabi/4.9.3/../../../../arm-none-eabi/lib/armv7e-m\libc.a(lib_a-sprintf.o)
 .debug_frame   0x00001af8       0x40 c:/program files (x86)/atmel/studio/7.0/toolchain/arm/arm-gnu-toolchain/bin/../lib/gcc/arm-none-eabi/4.9.3/../../../../arm-none-eabi/lib/armv7e-m\libc.a(lib_a-svfprintf.o)
 .debug_frame   0x00001b38       0x50 c:/program files (x86)/atmel/studio/7.0/toolchain/arm/arm-gnu-toolchain/bin/../lib/gcc/arm-none-eabi/4.9.3/../../../../arm-none-eabi/lib/armv7e-m\libc.a(lib_a-__call_atexit.o)
 .debug_frame   0x00001b88       0x20 c:/program files (x86)/atmel/studio/7.0/toolchain/arm/arm-gnu-toolchain/bin/../lib/gcc/arm-none-eabi/4.9.3/../../../../arm-none-eabi/lib/armv7e-m\libc.a(lib_a-atexit.o)
 .debug_frame   0x00001ba8       0x88 c:/program files (x86)/atmel/studio/7.0/toolchain/arm/arm-gnu-toolchain/bin/../lib/gcc/arm-none-eabi/4.9.3/../../../../arm-none-eabi/lib/armv7e-m\libc.a(lib_a-dtoa.o)
 .debug_frame   0x00001c30       0x6c c:/program files (x86)/atmel/studio/7.0/toolchain/arm/arm-gnu-toolchain/bin/../lib/gcc/arm-none-eabi/4.9.3/../../../../arm-none-eabi/lib/armv7e-m\libc.a(lib_a-fflush.o)
 .debug_frame   0x00001c9c      0x124 c:/program files (x86)/atmel/studio/7.0/toolchain/arm/arm-gnu-toolchain/bin/../lib/gcc/arm-none-eabi/4.9.3/../../../../arm-none-eabi/lib/armv7e-m\libc.a(lib_a-findfp.o)
 .debug_frame   0x00001dc0       0x34 c:/program files (x86)/atmel/studio/7.0/toolchain/arm/arm-gnu-toolchain/bin/../lib/gcc/arm-none-eabi/4.9.3/../../../../arm-none-eabi/lib/armv7e-m\libc.a(lib_a-fini.o)
 .debug_frame   0x00001df4       0x74 c:/program files (x86)/atmel/studio/7.0/toolchain/arm/arm-gnu-toolchain/bin/../lib/gcc/arm-none-eabi/4.9.3/../../../../arm-none-eabi/lib/armv7e-m\libc.a(lib_a-freer.o)
 .debug_frame   0x00001e68       0x54 c:/program files (x86)/atmel/studio/7.0/toolchain/arm/arm-gnu-toolchain/bin/../lib/gcc/arm-none-eabi/4.9.3/../../../../arm-none-eabi/lib/armv7e-m\libc.a(lib_a-fwalk.o)
 .debug_frame   0x00001ebc       0x9c c:/program files (x86)/atmel/studio/7.0/toolchain/arm/arm-gnu-toolchain/bin/../lib/gcc/arm-none-eabi/4.9.3/../../../../arm-none-eabi/lib/armv7e-m\libc.a(lib_a-locale.o)
 .debug_frame   0x00001f58       0x30 c:/program files (x86)/atmel/studio/7.0/toolchain/arm/arm-gnu-toolchain/bin/../lib/gcc/arm-none-eabi/4.9.3/../../../../arm-none-eabi/lib/armv7e-m\libc.a(lib_a-malloc.o)
 .debug_frame   0x00001f88       0x58 c:/program files (x86)/atmel/studio/7.0/toolchain/arm/arm-gnu-toolchain/bin/../lib/gcc/arm-none-eabi/4.9.3/../../../../arm-none-eabi/lib/armv7e-m\libc.a(lib_a-mallocr.o)
 .debug_frame   0x00001fe0       0x3c c:/program files (x86)/atmel/studio/7.0/toolchain/arm/arm-gnu-toolchain/bin/../lib/gcc/arm-none-eabi/4.9.3/../../../../arm-none-eabi/lib/armv7e-m\libc.a(lib_a-memchr.o)
 .debug_frame   0x0000201c       0x30 c:/program files (x86)/atmel/studio/7.0/toolchain/arm/arm-gnu-toolchain/bin/../lib/gcc/arm-none-eabi/4.9.3/../../../../arm-none-eabi/lib/armv7e-m\libc.a(lib_a-memmove.o)
 .debug_frame   0x0000204c       0x30 c:/program files (x86)/atmel/studio/7.0/toolchain/arm/arm-gnu-toolchain/bin/../lib/gcc/arm-none-eabi/4.9.3/../../../../arm-none-eabi/lib/armv7e-m\libc.a(lib_a-mlock.o)
 .debug_frame   0x0000207c      0x268 c:/program files (x86)/atmel/studio/7.0/toolchain/arm/arm-gnu-toolchain/bin/../lib/gcc/arm-none-eabi/4.9.3/../../../../arm-none-eabi/lib/armv7e-m\libc.a(lib_a-mprec.o)
 .debug_frame   0x000022e4       0x60 c:/program files (x86)/atmel/studio/7.0/toolchain/arm/arm-gnu-toolchain/bin/../lib/gcc/arm-none-eabi/4.9.3/../../../../arm-none-eabi/lib/armv7e-m\libc.a(lib_a-reallocr.o)
 .debug_frame   0x00002344       0x34 c:/program files (x86)/atmel/studio/7.0/toolchain/arm/arm-gnu-toolchain/bin/../lib/gcc/arm-none-eabi/4.9.3/../../../../arm-none-eabi/lib/armv7e-m\libc.a(lib_a-s_fpclassify.o)
 .debug_frame   0x00002378       0x2c c:/program files (x86)/atmel/studio/7.0/toolchain/arm/arm-gnu-toolchain/bin/../lib/gcc/arm-none-eabi/4.9.3/../../../../arm-none-eabi/lib/armv7e-m\libc.a(lib_a-sbrkr.o)
 .debug_frame   0x000023a4       0x88 c:/program files (x86)/atmel/studio/7.0/toolchain/arm/arm-gnu-toolchain/bin/../lib/gcc/arm-none-eabi/4.9.3/../../../../arm-none-eabi/lib/armv7e-m\libc.a(lib_a-stdio.o)
 .debug_frame   0x0000242c       0x20 c:/program files (x86)/atmel/studio/7.0/toolchain/arm/arm-gnu-toolchain/bin/../lib/gcc/arm-none-eabi/4.9.3/../../../../arm-none-eabi/lib/armv7e-m\libc.a(lib_a-strlen.o)
 .debug_frame   0x0000244c       0x78 c:/program files (x86)/atmel/studio/7.0/toolchain/arm/arm-gnu-toolchain/bin/../lib/gcc/arm-none-eabi/4.9.3/../../../../arm-none-eabi/lib/armv7e-m\libc.a(lib_a-svfiprintf.o)
 .debug_frame   0x000024c4       0x2c c:/program files (x86)/atmel/studio/7.0/toolchain/arm/arm-gnu-toolchain/bin/../lib/gcc/arm-none-eabi/4.9.3/../../../../arm-none-eabi/lib/armv7e-m\libc.a(lib_a-writer.o)
 .debug_frame   0x000024f0       0x34 c:/program files (x86)/atmel/studio/7.0/toolchain/arm/arm-gnu-toolchain/bin/../lib/gcc/arm-none-eabi/4.9.3/../../../../arm-none-eabi/lib/armv7e-m\libc.a(lib_a-__atexit.o)
 .debug_frame   0x00002524       0x28 c:/program files (x86)/atmel/studio/7.0/toolchain/arm/arm-gnu-toolchain/bin/../lib/gcc/arm-none-eabi/4.9.3/../../../../arm-none-eabi/lib/armv7e-m\libc.a(lib_a-callocr.o)